11:34:53 **** Build of configuration Debug for project Spectrographe ****
make -j8 all 
arm-none-eabi-gcc "../Drivers/STM32L0xx_HAL_Driver/Src/stm32l0xx_hal.c" -mcpu=cortex-m0plus -std=gnu11 -g3 -DDEBUG -DUSE_HAL_DRIVER -DSTM32L073xx -c -I../Core/Inc -I../Drivers/STM32L0xx_HAL_Driver/Inc -I../Drivers/STM32L0xx_HAL_Driver/Inc/Legacy -I../Drivers/CMSIS/Device/ST/STM32L0xx/Include -I../Drivers/CMSIS/Include -O0 -ffunction-sections -fdata-sections -Wall -fstack-usage -fcyclomatic-complexity -MMD -MP -MF"Drivers/STM32L0xx_HAL_Driver/Src/stm32l0xx_hal.d" -MT"Drivers/STM32L0xx_HAL_Driver/Src/stm32l0xx_hal.o" --specs=nano.specs -mfloat-abi=soft -mthumb -o "Drivers/STM32L0xx_HAL_Driver/Src/stm32l0xx_hal.o"
arm-none-eabi-gcc "../Drivers/STM32L0xx_HAL_Driver/Src/stm32l0xx_hal_cortex.c" -mcpu=cortex-m0plus -std=gnu11 -g3 -DDEBUG -DUSE_HAL_DRIVER -DSTM32L073xx -c -I../Core/Inc -I../Drivers/STM32L0xx_HAL_Driver/Inc -I../Drivers/STM32L0xx_HAL_Driver/Inc/Legacy -I../Drivers/CMSIS/Device/ST/STM32L0xx/Include -I../Drivers/CMSIS/Include -O0 -ffunction-sections -fdata-sections -Wall -fstack-usage -fcyclomatic-complexity -MMD -MP -MF"Drivers/STM32L0xx_HAL_Driver/Src/stm32l0xx_hal_cortex.d" -MT"Drivers/STM32L0xx_HAL_Driver/Src/stm32l0xx_hal_cortex.o" --specs=nano.specs -mfloat-abi=soft -mthumb -o "Drivers/STM32L0xx_HAL_Driver/Src/stm32l0xx_hal_cortex.o"
arm-none-eabi-gcc "../Drivers/STM32L0xx_HAL_Driver/Src/stm32l0xx_hal_dma.c" -mcpu=cortex-m0plus -std=gnu11 -g3 -DDEBUG -DUSE_HAL_DRIVER -DSTM32L073xx -c -I../Core/Inc -I../Drivers/STM32L0xx_HAL_Driver/Inc -I../Drivers/STM32L0xx_HAL_Driver/Inc/Legacy -I../Drivers/CMSIS/Device/ST/STM32L0xx/Include -I../Drivers/CMSIS/Include -O0 -ffunction-sections -fdata-sections -Wall -fstack-usage -fcyclomatic-complexity -MMD -MP -MF"Drivers/STM32L0xx_HAL_Driver/Src/stm32l0xx_hal_dma.d" -MT"Drivers/STM32L0xx_HAL_Driver/Src/stm32l0xx_hal_dma.o" --specs=nano.specs -mfloat-abi=soft -mthumb -o "Drivers/STM32L0xx_HAL_Driver/Src/stm32l0xx_hal_dma.o"
arm-none-eabi-gcc "../Drivers/STM32L0xx_HAL_Driver/Src/stm32l0xx_hal_exti.c" -mcpu=cortex-m0plus -std=gnu11 -g3 -DDEBUG -DUSE_HAL_DRIVER -DSTM32L073xx -c -I../Core/Inc -I../Drivers/STM32L0xx_HAL_Driver/Inc -I../Drivers/STM32L0xx_HAL_Driver/Inc/Legacy -I../Drivers/CMSIS/Device/ST/STM32L0xx/Include -I../Drivers/CMSIS/Include -O0 -ffunction-sections -fdata-sections -Wall -fstack-usage -fcyclomatic-complexity -MMD -MP -MF"Drivers/STM32L0xx_HAL_Driver/Src/stm32l0xx_hal_exti.d" -MT"Drivers/STM32L0xx_HAL_Driver/Src/stm32l0xx_hal_exti.o" --specs=nano.specs -mfloat-abi=soft -mthumb -o "Drivers/STM32L0xx_HAL_Driver/Src/stm32l0xx_hal_exti.o"
arm-none-eabi-gcc "../Drivers/STM32L0xx_HAL_Driver/Src/stm32l0xx_hal_flash.c" -mcpu=cortex-m0plus -std=gnu11 -g3 -DDEBUG -DUSE_HAL_DRIVER -DSTM32L073xx -c -I../Core/Inc -I../Drivers/STM32L0xx_HAL_Driver/Inc -I../Drivers/STM32L0xx_HAL_Driver/Inc/Legacy -I../Drivers/CMSIS/Device/ST/STM32L0xx/Include -I../Drivers/CMSIS/Include -O0 -ffunction-sections -fdata-sections -Wall -fstack-usage -fcyclomatic-complexity -MMD -MP -MF"Drivers/STM32L0xx_HAL_Driver/Src/stm32l0xx_hal_flash.d" -MT"Drivers/STM32L0xx_HAL_Driver/Src/stm32l0xx_hal_flash.o" --specs=nano.specs -mfloat-abi=soft -mthumb -o "Drivers/STM32L0xx_HAL_Driver/Src/stm32l0xx_hal_flash.o"
arm-none-eabi-gcc "../Drivers/STM32L0xx_HAL_Driver/Src/stm32l0xx_hal_flash_ex.c" -mcpu=cortex-m0plus -std=gnu11 -g3 -DDEBUG -DUSE_HAL_DRIVER -DSTM32L073xx -c -I../Core/Inc -I../Drivers/STM32L0xx_HAL_Driver/Inc -I../Drivers/STM32L0xx_HAL_Driver/Inc/Legacy -I../Drivers/CMSIS/Device/ST/STM32L0xx/Include -I../Drivers/CMSIS/Include -O0 -ffunction-sections -fdata-sections -Wall -fstack-usage -fcyclomatic-complexity -MMD -MP -MF"Drivers/STM32L0xx_HAL_Driver/Src/stm32l0xx_hal_flash_ex.d" -MT"Drivers/STM32L0xx_HAL_Driver/Src/stm32l0xx_hal_flash_ex.o" --specs=nano.specs -mfloat-abi=soft -mthumb -o "Drivers/STM32L0xx_HAL_Driver/Src/stm32l0xx_hal_flash_ex.o"
arm-none-eabi-gcc "../Drivers/STM32L0xx_HAL_Driver/Src/stm32l0xx_hal_flash_ramfunc.c" -mcpu=cortex-m0plus -std=gnu11 -g3 -DDEBUG -DUSE_HAL_DRIVER -DSTM32L073xx -c -I../Core/Inc -I../Drivers/STM32L0xx_HAL_Driver/Inc -I../Drivers/STM32L0xx_HAL_Driver/Inc/Legacy -I../Drivers/CMSIS/Device/ST/STM32L0xx/Include -I../Drivers/CMSIS/Include -O0 -ffunction-sections -fdata-sections -Wall -fstack-usage -fcyclomatic-complexity -MMD -MP -MF"Drivers/STM32L0xx_HAL_Driver/Src/stm32l0xx_hal_flash_ramfunc.d" -MT"Drivers/STM32L0xx_HAL_Driver/Src/stm32l0xx_hal_flash_ramfunc.o" --specs=nano.specs -mfloat-abi=soft -mthumb -o "Drivers/STM32L0xx_HAL_Driver/Src/stm32l0xx_hal_flash_ramfunc.o"
arm-none-eabi-gcc "../Drivers/STM32L0xx_HAL_Driver/Src/stm32l0xx_hal_gpio.c" -mcpu=cortex-m0plus -std=gnu11 -g3 -DDEBUG -DUSE_HAL_DRIVER -DSTM32L073xx -c -I../Core/Inc -I../Drivers/STM32L0xx_HAL_Driver/Inc -I../Drivers/STM32L0xx_HAL_Driver/Inc/Legacy -I../Drivers/CMSIS/Device/ST/STM32L0xx/Include -I../Drivers/CMSIS/Include -O0 -ffunction-sections -fdata-sections -Wall -fstack-usage -fcyclomatic-complexity -MMD -MP -MF"Drivers/STM32L0xx_HAL_Driver/Src/stm32l0xx_hal_gpio.d" -MT"Drivers/STM32L0xx_HAL_Driver/Src/stm32l0xx_hal_gpio.o" --specs=nano.specs -mfloat-abi=soft -mthumb -o "Drivers/STM32L0xx_HAL_Driver/Src/stm32l0xx_hal_gpio.o"
arm-none-eabi-gcc "../Drivers/STM32L0xx_HAL_Driver/Src/stm32l0xx_hal_i2c.c" -mcpu=cortex-m0plus -std=gnu11 -g3 -DDEBUG -DUSE_HAL_DRIVER -DSTM32L073xx -c -I../Core/Inc -I../Drivers/STM32L0xx_HAL_Driver/Inc -I../Drivers/STM32L0xx_HAL_Driver/Inc/Legacy -I../Drivers/CMSIS/Device/ST/STM32L0xx/Include -I../Drivers/CMSIS/Include -O0 -ffunction-sections -fdata-sections -Wall -fstack-usage -fcyclomatic-complexity -MMD -MP -MF"Drivers/STM32L0xx_HAL_Driver/Src/stm32l0xx_hal_i2c.d" -MT"Drivers/STM32L0xx_HAL_Driver/Src/stm32l0xx_hal_i2c.o" --specs=nano.specs -mfloat-abi=soft -mthumb -o "Drivers/STM32L0xx_HAL_Driver/Src/stm32l0xx_hal_i2c.o"
arm-none-eabi-gcc "../Drivers/STM32L0xx_HAL_Driver/Src/stm32l0xx_hal_i2c_ex.c" -mcpu=cortex-m0plus -std=gnu11 -g3 -DDEBUG -DUSE_HAL_DRIVER -DSTM32L073xx -c -I../Core/Inc -I../Drivers/STM32L0xx_HAL_Driver/Inc -I../Drivers/STM32L0xx_HAL_Driver/Inc/Legacy -I../Drivers/CMSIS/Device/ST/STM32L0xx/Include -I../Drivers/CMSIS/Include -O0 -ffunction-sections -fdata-sections -Wall -fstack-usage -fcyclomatic-complexity -MMD -MP -MF"Drivers/STM32L0xx_HAL_Driver/Src/stm32l0xx_hal_i2c_ex.d" -MT"Drivers/STM32L0xx_HAL_Driver/Src/stm32l0xx_hal_i2c_ex.o" --specs=nano.specs -mfloat-abi=soft -mthumb -o "Drivers/STM32L0xx_HAL_Driver/Src/stm32l0xx_hal_i2c_ex.o"
arm-none-eabi-gcc "../Drivers/STM32L0xx_HAL_Driver/Src/stm32l0xx_hal_pwr.c" -mcpu=cortex-m0plus -std=gnu11 -g3 -DDEBUG -DUSE_HAL_DRIVER -DSTM32L073xx -c -I../Core/Inc -I../Drivers/STM32L0xx_HAL_Driver/Inc -I../Drivers/STM32L0xx_HAL_Driver/Inc/Legacy -I../Drivers/CMSIS/Device/ST/STM32L0xx/Include -I../Drivers/CMSIS/Include -O0 -ffunction-sections -fdata-sections -Wall -fstack-usage -fcyclomatic-complexity -MMD -MP -MF"Drivers/STM32L0xx_HAL_Driver/Src/stm32l0xx_hal_pwr.d" -MT"Drivers/STM32L0xx_HAL_Driver/Src/stm32l0xx_hal_pwr.o" --specs=nano.specs -mfloat-abi=soft -mthumb -o "Drivers/STM32L0xx_HAL_Driver/Src/stm32l0xx_hal_pwr.o"
arm-none-eabi-gcc "../Drivers/STM32L0xx_HAL_Driver/Src/stm32l0xx_hal_pwr_ex.c" -mcpu=cortex-m0plus -std=gnu11 -g3 -DDEBUG -DUSE_HAL_DRIVER -DSTM32L073xx -c -I../Core/Inc -I../Drivers/STM32L0xx_HAL_Driver/Inc -I../Drivers/STM32L0xx_HAL_Driver/Inc/Legacy -I../Drivers/CMSIS/Device/ST/STM32L0xx/Include -I../Drivers/CMSIS/Include -O0 -ffunction-sections -fdata-sections -Wall -fstack-usage -fcyclomatic-complexity -MMD -MP -MF"Drivers/STM32L0xx_HAL_Driver/Src/stm32l0xx_hal_pwr_ex.d" -MT"Drivers/STM32L0xx_HAL_Driver/Src/stm32l0xx_hal_pwr_ex.o" --specs=nano.specs -mfloat-abi=soft -mthumb -o "Drivers/STM32L0xx_HAL_Driver/Src/stm32l0xx_hal_pwr_ex.o"
arm-none-eabi-gcc "../Drivers/STM32L0xx_HAL_Driver/Src/stm32l0xx_hal_rcc.c" -mcpu=cortex-m0plus -std=gnu11 -g3 -DDEBUG -DUSE_HAL_DRIVER -DSTM32L073xx -c -I../Core/Inc -I../Drivers/STM32L0xx_HAL_Driver/Inc -I../Drivers/STM32L0xx_HAL_Driver/Inc/Legacy -I../Drivers/CMSIS/Device/ST/STM32L0xx/Include -I../Drivers/CMSIS/Include -O0 -ffunction-sections -fdata-sections -Wall -fstack-usage -fcyclomatic-complexity -MMD -MP -MF"Drivers/STM32L0xx_HAL_Driver/Src/stm32l0xx_hal_rcc.d" -MT"Drivers/STM32L0xx_HAL_Driver/Src/stm32l0xx_hal_rcc.o" --specs=nano.specs -mfloat-abi=soft -mthumb -o "Drivers/STM32L0xx_HAL_Driver/Src/stm32l0xx_hal_rcc.o"
arm-none-eabi-gcc "../Drivers/STM32L0xx_HAL_Driver/Src/stm32l0xx_hal_rcc_ex.c" -mcpu=cortex-m0plus -std=gnu11 -g3 -DDEBUG -DUSE_HAL_DRIVER -DSTM32L073xx -c -I../Core/Inc -I../Drivers/STM32L0xx_HAL_Driver/Inc -I../Drivers/STM32L0xx_HAL_Driver/Inc/Legacy -I../Drivers/CMSIS/Device/ST/STM32L0xx/Include -I../Drivers/CMSIS/Include -O0 -ffunction-sections -fdata-sections -Wall -fstack-usage -fcyclomatic-complexity -MMD -MP -MF"Drivers/STM32L0xx_HAL_Driver/Src/stm32l0xx_hal_rcc_ex.d" -MT"Drivers/STM32L0xx_HAL_Driver/Src/stm32l0xx_hal_rcc_ex.o" --specs=nano.specs -mfloat-abi=soft -mthumb -o "Drivers/STM32L0xx_HAL_Driver/Src/stm32l0xx_hal_rcc_ex.o"
arm-none-eabi-gcc "../Drivers/STM32L0xx_HAL_Driver/Src/stm32l0xx_hal_tim.c" -mcpu=cortex-m0plus -std=gnu11 -g3 -DDEBUG -DUSE_HAL_DRIVER -DSTM32L073xx -c -I../Core/Inc -I../Drivers/STM32L0xx_HAL_Driver/Inc -I../Drivers/STM32L0xx_HAL_Driver/Inc/Legacy -I../Drivers/CMSIS/Device/ST/STM32L0xx/Include -I../Drivers/CMSIS/Include -O0 -ffunction-sections -fdata-sections -Wall -fstack-usage -fcyclomatic-complexity -MMD -MP -MF"Drivers/STM32L0xx_HAL_Driver/Src/stm32l0xx_hal_tim.d" -MT"Drivers/STM32L0xx_HAL_Driver/Src/stm32l0xx_hal_tim.o" --specs=nano.specs -mfloat-abi=soft -mthumb -o "Drivers/STM32L0xx_HAL_Driver/Src/stm32l0xx_hal_tim.o"
arm-none-eabi-gcc "../Drivers/STM32L0xx_HAL_Driver/Src/stm32l0xx_hal_tim_ex.c" -mcpu=cortex-m0plus -std=gnu11 -g3 -DDEBUG -DUSE_HAL_DRIVER -DSTM32L073xx -c -I../Core/Inc -I../Drivers/STM32L0xx_HAL_Driver/Inc -I../Drivers/STM32L0xx_HAL_Driver/Inc/Legacy -I../Drivers/CMSIS/Device/ST/STM32L0xx/Include -I../Drivers/CMSIS/Include -O0 -ffunction-sections -fdata-sections -Wall -fstack-usage -fcyclomatic-complexity -MMD -MP -MF"Drivers/STM32L0xx_HAL_Driver/Src/stm32l0xx_hal_tim_ex.d" -MT"Drivers/STM32L0xx_HAL_Driver/Src/stm32l0xx_hal_tim_ex.o" --specs=nano.specs -mfloat-abi=soft -mthumb -o "Drivers/STM32L0xx_HAL_Driver/Src/stm32l0xx_hal_tim_ex.o"
arm-none-eabi-gcc "../Drivers/STM32L0xx_HAL_Driver/Src/stm32l0xx_hal_uart.c" -mcpu=cortex-m0plus -std=gnu11 -g3 -DDEBUG -DUSE_HAL_DRIVER -DSTM32L073xx -c -I../Core/Inc -I../Drivers/STM32L0xx_HAL_Driver/Inc -I../Drivers/STM32L0xx_HAL_Driver/Inc/Legacy -I../Drivers/CMSIS/Device/ST/STM32L0xx/Include -I../Drivers/CMSIS/Include -O0 -ffunction-sections -fdata-sections -Wall -fstack-usage -fcyclomatic-complexity -MMD -MP -MF"Drivers/STM32L0xx_HAL_Driver/Src/stm32l0xx_hal_uart.d" -MT"Drivers/STM32L0xx_HAL_Driver/Src/stm32l0xx_hal_uart.o" --specs=nano.specs -mfloat-abi=soft -mthumb -o "Drivers/STM32L0xx_HAL_Driver/Src/stm32l0xx_hal_uart.o"
arm-none-eabi-gcc "../Drivers/STM32L0xx_HAL_Driver/Src/stm32l0xx_hal_uart_ex.c" -mcpu=cortex-m0plus -std=gnu11 -g3 -DDEBUG -DUSE_HAL_DRIVER -DSTM32L073xx -c -I../Core/Inc -I../Drivers/STM32L0xx_HAL_Driver/Inc -I../Drivers/STM32L0xx_HAL_Driver/Inc/Legacy -I../Drivers/CMSIS/Device/ST/STM32L0xx/Include -I../Drivers/CMSIS/Include -O0 -ffunction-sections -fdata-sections -Wall -fstack-usage -fcyclomatic-complexity -MMD -MP -MF"Drivers/STM32L0xx_HAL_Driver/Src/stm32l0xx_hal_uart_ex.d" -MT"Drivers/STM32L0xx_HAL_Driver/Src/stm32l0xx_hal_uart_ex.o" --specs=nano.specs -mfloat-abi=soft -mthumb -o "Drivers/STM32L0xx_HAL_Driver/Src/stm32l0xx_hal_uart_ex.o"
arm-none-eabi-gcc -mcpu=cortex-m0plus -g3 -DDEBUG -c -x assembler-with-cpp -MMD -MP -MF"Core/Startup/startup_stm32l073rztx.d" -MT"Core/Startup/startup_stm32l073rztx.o" --specs=nano.specs -mfloat-abi=soft -mthumb -o "Core/Startup/startup_stm32l073rztx.o" "../Core/Startup/startup_stm32l073rztx.s"
arm-none-eabi-gcc "../Core/Src/main.c" -mcpu=cortex-m0plus -std=gnu11 -g3 -DDEBUG -DUSE_HAL_DRIVER -DSTM32L073xx -c -I../Core/Inc -I../Drivers/STM32L0xx_HAL_Driver/Inc -I../Drivers/STM32L0xx_HAL_Driver/Inc/Legacy -I../Drivers/CMSIS/Device/ST/STM32L0xx/Include -I../Drivers/CMSIS/Include -O0 -ffunction-sections -fdata-sections -Wall -fstack-usage -fcyclomatic-complexity -MMD -MP -MF"Core/Src/main.d" -MT"Core/Src/main.o" --specs=nano.specs -mfloat-abi=soft -mthumb -o "Core/Src/main.o"
arm-none-eabi-gcc "../Core/Src/stm32l0xx_hal_msp.c" -mcpu=cortex-m0plus -std=gnu11 -g3 -DDEBUG -DUSE_HAL_DRIVER -DSTM32L073xx -c -I../Core/Inc -I../Drivers/STM32L0xx_HAL_Driver/Inc -I../Drivers/STM32L0xx_HAL_Driver/Inc/Legacy -I../Drivers/CMSIS/Device/ST/STM32L0xx/Include -I../Drivers/CMSIS/Include -O0 -ffunction-sections -fdata-sections -Wall -fstack-usage -fcyclomatic-complexity -MMD -MP -MF"Core/Src/stm32l0xx_hal_msp.d" -MT"Core/Src/stm32l0xx_hal_msp.o" --specs=nano.specs -mfloat-abi=soft -mthumb -o "Core/Src/stm32l0xx_hal_msp.o"
arm-none-eabi-gcc "../Core/Src/stm32l0xx_it.c" -mcpu=cortex-m0plus -std=gnu11 -g3 -DDEBUG -DUSE_HAL_DRIVER -DSTM32L073xx -c -I../Core/Inc -I../Drivers/STM32L0xx_HAL_Driver/Inc -I../Drivers/STM32L0xx_HAL_Driver/Inc/Legacy -I../Drivers/CMSIS/Device/ST/STM32L0xx/Include -I../Drivers/CMSIS/Include -O0 -ffunction-sections -fdata-sections -Wall -fstack-usage -fcyclomatic-complexity -MMD -MP -MF"Core/Src/stm32l0xx_it.d" -MT"Core/Src/stm32l0xx_it.o" --specs=nano.specs -mfloat-abi=soft -mthumb -o "Core/Src/stm32l0xx_it.o"
arm-none-eabi-gcc "../Core/Src/syscalls.c" -mcpu=cortex-m0plus -std=gnu11 -g3 -DDEBUG -DUSE_HAL_DRIVER -DSTM32L073xx -c -I../Core/Inc -I../Drivers/STM32L0xx_HAL_Driver/Inc -I../Drivers/STM32L0xx_HAL_Driver/Inc/Legacy -I../Drivers/CMSIS/Device/ST/STM32L0xx/Include -I../Drivers/CMSIS/Include -O0 -ffunction-sections -fdata-sections -Wall -fstack-usage -fcyclomatic-complexity -MMD -MP -MF"Core/Src/syscalls.d" -MT"Core/Src/syscalls.o" --specs=nano.specs -mfloat-abi=soft -mthumb -o "Core/Src/syscalls.o"
arm-none-eabi-gcc "../Core/Src/sysmem.c" -mcpu=cortex-m0plus -std=gnu11 -g3 -DDEBUG -DUSE_HAL_DRIVER -DSTM32L073xx -c -I../Core/Inc -I../Drivers/STM32L0xx_HAL_Driver/Inc -I../Drivers/STM32L0xx_HAL_Driver/Inc/Legacy -I../Drivers/CMSIS/Device/ST/STM32L0xx/Include -I../Drivers/CMSIS/Include -O0 -ffunction-sections -fdata-sections -Wall -fstack-usage -fcyclomatic-complexity -MMD -MP -MF"Core/Src/sysmem.d" -MT"Core/Src/sysmem.o" --specs=nano.specs -mfloat-abi=soft -mthumb -o "Core/Src/sysmem.o"
arm-none-eabi-gcc "../Core/Src/system_stm32l0xx.c" -mcpu=cortex-m0plus -std=gnu11 -g3 -DDEBUG -DUSE_HAL_DRIVER -DSTM32L073xx -c -I../Core/Inc -I../Drivers/STM32L0xx_HAL_Driver/Inc -I../Drivers/STM32L0xx_HAL_Driver/Inc/Legacy -I../Drivers/CMSIS/Device/ST/STM32L0xx/Include -I../Drivers/CMSIS/Include -O0 -ffunction-sections -fdata-sections -Wall -fstack-usage -fcyclomatic-complexity -MMD -MP -MF"Core/Src/system_stm32l0xx.d" -MT"Core/Src/system_stm32l0xx.o" --specs=nano.specs -mfloat-abi=soft -mthumb -o "Core/Src/system_stm32l0xx.o"
../Core/Src/main.c: In function 'main':
../Core/Src/main.c:116:11: warning: implicit declaration of function 'TEMOINLED' [-Wimplicit-function-declaration]
  116 |           TEMOINLED(500);
      |           ^~~~~~~~~
arm-none-eabi-gcc -o "Spectrographe.elf" @"objects.list"   -mcpu=cortex-m0plus -T"C:\Users\maxou\OneDrive\Bureau\Projet\STM32\Spectrographe\STM32L073RZTX_FLASH.ld" --specs=nosys.specs -Wl,-Map="Spectrographe.map" -Wl,--gc-sections -static --specs=nano.specs -mfloat-abi=soft -mthumb -Wl,--start-group -lc -lm -Wl,--end-group
Finished building target: Spectrographe.elf
 
arm-none-eabi-size  Spectrographe.elf 
arm-none-eabi-objdump -h -S Spectrographe.elf  > "Spectrographe.list"
   text	   data	    bss	    dec	    hex	filename
  16060	     12	   1972	  18044	   467c	Spectrographe.elf
Finished building: default.size.stdout
 
Finished building: Spectrographe.list
 
11:35:06 **** Incremental Build of configuration Debug for project Spectrographe ****
make -j8 all 
arm-none-eabi-size  Spectrographe.elf 
   text	   data	    bss	    dec	    hex	filename
  16060	     12	   1972	  18044	   467c	Spectrographe.elf
Finished building: default.size.stdout
 
11:44:16 **** Incremental Build of configuration Debug for project Spectrographe ****
make -j8 all 
arm-none-eabi-gcc "../Core/Src/main.c" -mcpu=cortex-m0plus -std=gnu11 -g3 -DDEBUG -DUSE_HAL_DRIVER -DSTM32L073xx -c -I../Core/Inc -I../Drivers/STM32L0xx_HAL_Driver/Inc -I../Drivers/STM32L0xx_HAL_Driver/Inc/Legacy -I../Drivers/CMSIS/Device/ST/STM32L0xx/Include -I../Drivers/CMSIS/Include -O0 -ffunction-sections -fdata-sections -Wall -fstack-usage -fcyclomatic-complexity -MMD -MP -MF"Core/Src/main.d" -MT"Core/Src/main.o" --specs=nano.specs -mfloat-abi=soft -mthumb -o "Core/Src/main.o"
arm-none-eabi-gcc "../Core/Src/stm32l0xx_it.c" -mcpu=cortex-m0plus -std=gnu11 -g3 -DDEBUG -DUSE_HAL_DRIVER -DSTM32L073xx -c -I../Core/Inc -I../Drivers/STM32L0xx_HAL_Driver/Inc -I../Drivers/STM32L0xx_HAL_Driver/Inc/Legacy -I../Drivers/CMSIS/Device/ST/STM32L0xx/Include -I../Drivers/CMSIS/Include -O0 -ffunction-sections -fdata-sections -Wall -fstack-usage -fcyclomatic-complexity -MMD -MP -MF"Core/Src/stm32l0xx_it.d" -MT"Core/Src/stm32l0xx_it.o" --specs=nano.specs -mfloat-abi=soft -mthumb -o "Core/Src/stm32l0xx_it.o"
../Core/Src/stm32l0xx_it.c:55:1: error: unknown type name 'bool'
   55 | bool FlagEndExtraction =  false;
      | ^~~~
../Core/Src/stm32l0xx_it.c:23:1: note: 'bool' is defined in header '<stdbool.h>'; did you forget to '#include <stdbool.h>'?
   22 | #include "stm32l0xx_it.h"
  +++ |+#include <stdbool.h>
   23 | /* Private includes ----------------------------------------------------------*/
../Core/Src/stm32l0xx_it.c:55:27: error: 'false' undeclared here (not in a function)
   55 | bool FlagEndExtraction =  false;
      |                           ^~~~~
../Core/Src/stm32l0xx_it.c:55:27: note: 'false' is defined in header '<stdbool.h>'; did you forget to '#include <stdbool.h>'?
../Core/Src/main.c: In function 'main':
../Core/Src/main.c:118:11: warning: implicit declaration of function 'TEMOINLED' [-Wimplicit-function-declaration]
  118 |           TEMOINLED(500);
      |           ^~~~~~~~~
make: *** [Core/Src/subdir.mk:34: Core/Src/stm32l0xx_it.o] Error 1
make: *** Waiting for unfinished jobs....
"make -j8 all" terminated with exit code 2. Build might be incomplete.
11:44:48 **** Incremental Build of configuration Debug for project Spectrographe ****
make -j8 all 
arm-none-eabi-gcc "../Core/Src/stm32l0xx_it.c" -mcpu=cortex-m0plus -std=gnu11 -g3 -DDEBUG -DUSE_HAL_DRIVER -DSTM32L073xx -c -I../Core/Inc -I../Drivers/STM32L0xx_HAL_Driver/Inc -I../Drivers/STM32L0xx_HAL_Driver/Inc/Legacy -I../Drivers/CMSIS/Device/ST/STM32L0xx/Include -I../Drivers/CMSIS/Include -O0 -ffunction-sections -fdata-sections -Wall -fstack-usage -fcyclomatic-complexity -MMD -MP -MF"Core/Src/stm32l0xx_it.d" -MT"Core/Src/stm32l0xx_it.o" --specs=nano.specs -mfloat-abi=soft -mthumb -o "Core/Src/stm32l0xx_it.o"
arm-none-eabi-gcc -o "Spectrographe.elf" @"objects.list"   -mcpu=cortex-m0plus -T"C:\Users\maxou\OneDrive\Bureau\Projet\STM32\Spectrographe\STM32L073RZTX_FLASH.ld" --specs=nosys.specs -Wl,-Map="Spectrographe.map" -Wl,--gc-sections -static --specs=nano.specs -mfloat-abi=soft -mthumb -Wl,--start-group -lc -lm -Wl,--end-group
Finished building target: Spectrographe.elf
 
arm-none-eabi-size  Spectrographe.elf 
arm-none-eabi-objdump -h -S Spectrographe.elf  > "Spectrographe.list"
   text	   data	    bss	    dec	    hex	filename
  16260	     12	   1972	  18244	   4744	Spectrographe.elf
Finished building: default.size.stdout
 
Finished building: Spectrographe.list
 
11:50:51 **** Incremental Build of configuration Debug for project Spectrographe ****
make -j8 all 
arm-none-eabi-gcc "../Core/Src/stm32l0xx_it.c" -mcpu=cortex-m0plus -std=gnu11 -g3 -DDEBUG -DUSE_HAL_DRIVER -DSTM32L073xx -c -I../Core/Inc -I../Drivers/STM32L0xx_HAL_Driver/Inc -I../Drivers/STM32L0xx_HAL_Driver/Inc/Legacy -I../Drivers/CMSIS/Device/ST/STM32L0xx/Include -I../Drivers/CMSIS/Include -O0 -ffunction-sections -fdata-sections -Wall -fstack-usage -fcyclomatic-complexity -MMD -MP -MF"Core/Src/stm32l0xx_it.d" -MT"Core/Src/stm32l0xx_it.o" --specs=nano.specs -mfloat-abi=soft -mthumb -o "Core/Src/stm32l0xx_it.o"
../Core/Src/stm32l0xx_it.c: In function 'TIM21_IRQHandler':
../Core/Src/stm32l0xx_it.c:182:3: warning: implicit declaration of function 'S10077_Conversion' [-Wimplicit-function-declaration]
  182 |   S10077_Conversion();
      |   ^~~~~~~~~~~~~~~~~
../Core/Src/stm32l0xx_it.c: At top level:
../Core/Src/stm32l0xx_it.c:194:6: warning: conflicting types for 'S10077_Conversion'; have 'void()'
  194 | void S10077_Conversion(){
      |      ^~~~~~~~~~~~~~~~~
../Core/Src/stm32l0xx_it.c:182:3: note: previous implicit declaration of 'S10077_Conversion' with type 'void()'
  182 |   S10077_Conversion();
      |   ^~~~~~~~~~~~~~~~~
../Core/Src/stm32l0xx_it.c: In function 'S10077_Conversion':
../Core/Src/stm32l0xx_it.c:201:35: error: 'S10077_START_GPIO_Port' undeclared (first use in this function); did you mean 'S10077_ENDSCAN_GPIO_Port'?
  201 |                 HAL_GPIO_WritePin(S10077_START_GPIO_Port, S10077_START_Pin,GPIO_PIN_SET );
      |                                   ^~~~~~~~~~~~~~~~~~~~~~
      |                                   S10077_ENDSCAN_GPIO_Port
../Core/Src/stm32l0xx_it.c:201:35: note: each undeclared identifier is reported only once for each function it appears in
../Core/Src/stm32l0xx_it.c:201:59: error: 'S10077_START_Pin' undeclared (first use in this function); did you mean 'S10077_ENDSCAN_Pin'?
  201 |                 HAL_GPIO_WritePin(S10077_START_GPIO_Port, S10077_START_Pin,GPIO_PIN_SET );
      |                                                           ^~~~~~~~~~~~~~~~
      |                                                           S10077_ENDSCAN_Pin
../Core/Src/stm32l0xx_it.c:222:47: error: 'htim3' undeclared (first use in this function); did you mean 'htim21'?
  222 |                         HAL_TIM_IC_Start_DMA(&htim3, TIM_CHANNEL_3, l_BufferSpecter, 8254);
      |                                               ^~~~~
      |                                               htim21
../Core/Src/stm32l0xx_it.c:222:69: warning: passing argument 3 of 'HAL_TIM_IC_Start_DMA' from incompatible pointer type [-Wincompatible-pointer-types]
  222 |                         HAL_TIM_IC_Start_DMA(&htim3, TIM_CHANNEL_3, l_BufferSpecter, 8254);
      |                                                                     ^~~~~~~~~~~~~~~
      |                                                                     |
      |                                                                     uint16_t * {aka short unsigned int *}
In file included from ../Core/Inc/stm32l0xx_hal_conf.h:273,
                 from ../Drivers/STM32L0xx_HAL_Driver/Inc/stm32l0xx_hal.h:29,
                 from ../Core/Inc/main.h:30,
                 from ../Core/Src/stm32l0xx_it.c:21:
../Drivers/STM32L0xx_HAL_Driver/Inc/stm32l0xx_hal_tim.h:1674:93: note: expected 'uint32_t *' {aka 'long unsigned int *'} but argument is of type 'uint16_t *' {aka 'short unsigned int *'}
 1674 | HAL_StatusTypeDef HAL_TIM_IC_Start_DMA(TIM_HandleTypeDef *htim, uint32_t Channel, uint32_t *pData, uint16_t Length);
      |                                                                                   ~~~~~~~~~~^~~~~
../Core/Src/stm32l0xx_it.c:229:25: warning: implicit declaration of function 'printf' [-Wimplicit-function-declaration]
  229 |                         printf("heyeheyGo \r\n");
      |                         ^~~~~~
../Core/Src/stm32l0xx_it.c:26:1: note: include '<stdio.h>' or provide a declaration of 'printf'
   25 | #include <stdbool.h>
  +++ |+#include <stdio.h>
   26 | /* USER CODE END Includes */
../Core/Src/stm32l0xx_it.c:229:25: warning: incompatible implicit declaration of built-in function 'printf' [-Wbuiltin-declaration-mismatch]
  229 |                         printf("heyeheyGo \r\n");
      |                         ^~~~~~
../Core/Src/stm32l0xx_it.c:229:25: note: include '<stdio.h>' or provide a declaration of 'printf'
../Core/Src/stm32l0xx_it.c:236:25: warning: implicit declaration of function 'ExtractAmplitude' [-Wimplicit-function-declaration]
  236 |                         ExtractAmplitude();
      |                         ^~~~~~~~~~~~~~~~
../Core/Src/stm32l0xx_it.c: In function 'S10077_StartConversion':
../Core/Src/stm32l0xx_it.c:274:9: warning: incompatible implicit declaration of built-in function 'printf' [-Wbuiltin-declaration-mismatch]
  274 |         printf("heyehey3 \r\n");
      |         ^~~~~~
../Core/Src/stm32l0xx_it.c:274:9: note: include '<stdio.h>' or provide a declaration of 'printf'
../Core/Src/stm32l0xx_it.c:297:43: error: 'S10077_START_GPIO_Port' undeclared (first use in this function); did you mean 'S10077_ENDSCAN_GPIO_Port'?
  297 |                         HAL_GPIO_WritePin(S10077_START_GPIO_Port, S10077_START_Pin,GPIO_PIN_RESET );
      |                                           ^~~~~~~~~~~~~~~~~~~~~~
      |                                           S10077_ENDSCAN_GPIO_Port
../Core/Src/stm32l0xx_it.c:297:67: error: 'S10077_START_Pin' undeclared (first use in this function); did you mean 'S10077_ENDSCAN_Pin'?
  297 |                         HAL_GPIO_WritePin(S10077_START_GPIO_Port, S10077_START_Pin,GPIO_PIN_RESET );
      |                                                                   ^~~~~~~~~~~~~~~~
      |                                                                   S10077_ENDSCAN_Pin
In file included from ../Drivers/CMSIS/Device/ST/STM32L0xx/Include/stm32l0xx.h:151,
                 from ../Drivers/STM32L0xx_HAL_Driver/Inc/stm32l0xx_hal_def.h:29,
                 from ../Drivers/STM32L0xx_HAL_Driver/Inc/stm32l0xx_hal_rcc.h:27,
                 from ../Core/Inc/stm32l0xx_hal_conf.h:188:
../Core/Src/stm32l0xx_it.c: In function 'SendPixelData':
../Drivers/CMSIS/Device/ST/STM32L0xx/Include/stm32l073xx.h:720:29: warning: passing argument 1 of 'HAL_UART_Transmit' from incompatible pointer type [-Wincompatible-pointer-types]
  720 | #define USART2              ((USART_TypeDef *) USART2_BASE)
      |                             ^~~~~~~~~~~~~~~~~~~~~~~~~~~~~~~
      |                             |
      |                             USART_TypeDef *
../Core/Src/stm32l0xx_it.c:330:23: note: in expansion of macro 'USART2'
  330 |     HAL_UART_Transmit(USART2, data, 3, HAL_MAX_DELAY);
      |                       ^~~~~~
In file included from ../Core/Inc/stm32l0xx_hal_conf.h:281:
../Drivers/STM32L0xx_HAL_Driver/Inc/stm32l0xx_hal_uart.h:1510:57: note: expected 'UART_HandleTypeDef *' {aka 'struct __UART_HandleTypeDef *'} but argument is of type 'USART_TypeDef *'
 1510 | HAL_StatusTypeDef HAL_UART_Transmit(UART_HandleTypeDef *huart, const uint8_t *pData, uint16_t Size, uint32_t Timeout);
      |                                     ~~~~~~~~~~~~~~~~~~~~^~~~~
../Core/Src/stm32l0xx_it.c: At top level:
../Core/Src/stm32l0xx_it.c:333:6: warning: conflicting types for 'ExtractAmplitude'; have 'void(void)'
  333 | void ExtractAmplitude (void){
      |      ^~~~~~~~~~~~~~~~
../Core/Src/stm32l0xx_it.c:236:25: note: previous implicit declaration of 'ExtractAmplitude' with type 'void(void)'
  236 |                         ExtractAmplitude();
      |                         ^~~~~~~~~~~~~~~~
../Core/Src/stm32l0xx_it.c: In function 'ExtractAmplitude':
../Core/Src/stm32l0xx_it.c:339:10: warning: incompatible implicit declaration of built-in function 'printf' [-Wbuiltin-declaration-mismatch]
  339 |          printf("heyeheyextractStep2 \r\n");
      |          ^~~~~~
../Core/Src/stm32l0xx_it.c:339:10: note: include '<stdio.h>' or provide a declaration of 'printf'
../Core/Src/stm32l0xx_it.c:349:16: warning: format '%i' expects argument of type 'int', but argument 2 has type 'uint32_t' {aka 'long unsigned int'} [-Wformat=]
  349 | printf("pixel %i amplitude %i \r\n",i,l_BufferSpecter[i]);
      |               ~^                    ~
      |                |                    |
      |                int                  uint32_t {aka long unsigned int}
      |               %li
make: *** [Core/Src/subdir.mk:34: Core/Src/stm32l0xx_it.o] Error 1
"make -j8 all" terminated with exit code 2. Build might be incomplete.
11:51:36 **** Incremental Build of configuration Debug for project Spectrographe ****
make -j8 all 
arm-none-eabi-gcc "../Core/Src/stm32l0xx_it.c" -mcpu=cortex-m0plus -std=gnu11 -g3 -DDEBUG -DUSE_HAL_DRIVER -DSTM32L073xx -c -I../Core/Inc -I../Drivers/STM32L0xx_HAL_Driver/Inc -I../Drivers/STM32L0xx_HAL_Driver/Inc/Legacy -I../Drivers/CMSIS/Device/ST/STM32L0xx/Include -I../Drivers/CMSIS/Include -O0 -ffunction-sections -fdata-sections -Wall -fstack-usage -fcyclomatic-complexity -MMD -MP -MF"Core/Src/stm32l0xx_it.d" -MT"Core/Src/stm32l0xx_it.o" --specs=nano.specs -mfloat-abi=soft -mthumb -o "Core/Src/stm32l0xx_it.o"
../Core/Src/stm32l0xx_it.c: In function 'TIM21_IRQHandler':
../Core/Src/stm32l0xx_it.c:182:3: warning: implicit declaration of function 'S10077_Conversion' [-Wimplicit-function-declaration]
  182 |   S10077_Conversion();
      |   ^~~~~~~~~~~~~~~~~
../Core/Src/stm32l0xx_it.c: At top level:
../Core/Src/stm32l0xx_it.c:194:6: warning: conflicting types for 'S10077_Conversion'; have 'void()'
  194 | void S10077_Conversion(){
      |      ^~~~~~~~~~~~~~~~~
../Core/Src/stm32l0xx_it.c:182:3: note: previous implicit declaration of 'S10077_Conversion' with type 'void()'
  182 |   S10077_Conversion();
      |   ^~~~~~~~~~~~~~~~~
../Core/Src/stm32l0xx_it.c: In function 'S10077_Conversion':
../Core/Src/stm32l0xx_it.c:201:35: error: 'S10077_START_GPIO_Port' undeclared (first use in this function); did you mean 'S10077_ENDSCAN_GPIO_Port'?
  201 |                 HAL_GPIO_WritePin(S10077_START_GPIO_Port, S10077_START_Pin,GPIO_PIN_SET );
      |                                   ^~~~~~~~~~~~~~~~~~~~~~
      |                                   S10077_ENDSCAN_GPIO_Port
../Core/Src/stm32l0xx_it.c:201:35: note: each undeclared identifier is reported only once for each function it appears in
../Core/Src/stm32l0xx_it.c:201:59: error: 'S10077_START_Pin' undeclared (first use in this function); did you mean 'S10077_ENDSCAN_Pin'?
  201 |                 HAL_GPIO_WritePin(S10077_START_GPIO_Port, S10077_START_Pin,GPIO_PIN_SET );
      |                                                           ^~~~~~~~~~~~~~~~
      |                                                           S10077_ENDSCAN_Pin
../Core/Src/stm32l0xx_it.c:222:47: error: 'htim2' undeclared (first use in this function); did you mean 'htim21'?
  222 |                         HAL_TIM_IC_Start_DMA(&htim2, TIM_CHANNEL_1, l_BufferSpecter, 8254);
      |                                               ^~~~~
      |                                               htim21
../Core/Src/stm32l0xx_it.c:222:69: warning: passing argument 3 of 'HAL_TIM_IC_Start_DMA' from incompatible pointer type [-Wincompatible-pointer-types]
  222 |                         HAL_TIM_IC_Start_DMA(&htim2, TIM_CHANNEL_1, l_BufferSpecter, 8254);
      |                                                                     ^~~~~~~~~~~~~~~
      |                                                                     |
      |                                                                     uint16_t * {aka short unsigned int *}
In file included from ../Core/Inc/stm32l0xx_hal_conf.h:273,
                 from ../Drivers/STM32L0xx_HAL_Driver/Inc/stm32l0xx_hal.h:29,
                 from ../Core/Inc/main.h:30,
                 from ../Core/Src/stm32l0xx_it.c:21:
../Drivers/STM32L0xx_HAL_Driver/Inc/stm32l0xx_hal_tim.h:1674:93: note: expected 'uint32_t *' {aka 'long unsigned int *'} but argument is of type 'uint16_t *' {aka 'short unsigned int *'}
 1674 | HAL_StatusTypeDef HAL_TIM_IC_Start_DMA(TIM_HandleTypeDef *htim, uint32_t Channel, uint32_t *pData, uint16_t Length);
      |                                                                                   ~~~~~~~~~~^~~~~
../Core/Src/stm32l0xx_it.c:229:25: warning: implicit declaration of function 'printf' [-Wimplicit-function-declaration]
  229 |                         printf("heyeheyGo \r\n");
      |                         ^~~~~~
../Core/Src/stm32l0xx_it.c:26:1: note: include '<stdio.h>' or provide a declaration of 'printf'
   25 | #include <stdbool.h>
  +++ |+#include <stdio.h>
   26 | /* USER CODE END Includes */
../Core/Src/stm32l0xx_it.c:229:25: warning: incompatible implicit declaration of built-in function 'printf' [-Wbuiltin-declaration-mismatch]
  229 |                         printf("heyeheyGo \r\n");
      |                         ^~~~~~
../Core/Src/stm32l0xx_it.c:229:25: note: include '<stdio.h>' or provide a declaration of 'printf'
../Core/Src/stm32l0xx_it.c:236:25: warning: implicit declaration of function 'ExtractAmplitude' [-Wimplicit-function-declaration]
  236 |                         ExtractAmplitude();
      |                         ^~~~~~~~~~~~~~~~
../Core/Src/stm32l0xx_it.c:247:46: error: 'htim3' undeclared (first use in this function); did you mean 'htim21'?
  247 |                         HAL_TIM_IC_Stop_DMA(&htim3, TIM_CHANNEL_3);
      |                                              ^~~~~
      |                                              htim21
../Core/Src/stm32l0xx_it.c: In function 'S10077_StartConversion':
../Core/Src/stm32l0xx_it.c:274:9: warning: incompatible implicit declaration of built-in function 'printf' [-Wbuiltin-declaration-mismatch]
  274 |         printf("heyehey3 \r\n");
      |         ^~~~~~
../Core/Src/stm32l0xx_it.c:274:9: note: include '<stdio.h>' or provide a declaration of 'printf'
../Core/Src/stm32l0xx_it.c:297:43: error: 'S10077_START_GPIO_Port' undeclared (first use in this function); did you mean 'S10077_ENDSCAN_GPIO_Port'?
  297 |                         HAL_GPIO_WritePin(S10077_START_GPIO_Port, S10077_START_Pin,GPIO_PIN_RESET );
      |                                           ^~~~~~~~~~~~~~~~~~~~~~
      |                                           S10077_ENDSCAN_GPIO_Port
../Core/Src/stm32l0xx_it.c:297:67: error: 'S10077_START_Pin' undeclared (first use in this function); did you mean 'S10077_ENDSCAN_Pin'?
  297 |                         HAL_GPIO_WritePin(S10077_START_GPIO_Port, S10077_START_Pin,GPIO_PIN_RESET );
      |                                                                   ^~~~~~~~~~~~~~~~
      |                                                                   S10077_ENDSCAN_Pin
In file included from ../Drivers/CMSIS/Device/ST/STM32L0xx/Include/stm32l0xx.h:151,
                 from ../Drivers/STM32L0xx_HAL_Driver/Inc/stm32l0xx_hal_def.h:29,
                 from ../Drivers/STM32L0xx_HAL_Driver/Inc/stm32l0xx_hal_rcc.h:27,
                 from ../Core/Inc/stm32l0xx_hal_conf.h:188:
../Core/Src/stm32l0xx_it.c: In function 'SendPixelData':
../Drivers/CMSIS/Device/ST/STM32L0xx/Include/stm32l073xx.h:720:29: warning: passing argument 1 of 'HAL_UART_Transmit' from incompatible pointer type [-Wincompatible-pointer-types]
  720 | #define USART2              ((USART_TypeDef *) USART2_BASE)
      |                             ^~~~~~~~~~~~~~~~~~~~~~~~~~~~~~~
      |                             |
      |                             USART_TypeDef *
../Core/Src/stm32l0xx_it.c:330:23: note: in expansion of macro 'USART2'
  330 |     HAL_UART_Transmit(USART2, data, 3, HAL_MAX_DELAY);
      |                       ^~~~~~
In file included from ../Core/Inc/stm32l0xx_hal_conf.h:281:
../Drivers/STM32L0xx_HAL_Driver/Inc/stm32l0xx_hal_uart.h:1510:57: note: expected 'UART_HandleTypeDef *' {aka 'struct __UART_HandleTypeDef *'} but argument is of type 'USART_TypeDef *'
 1510 | HAL_StatusTypeDef HAL_UART_Transmit(UART_HandleTypeDef *huart, const uint8_t *pData, uint16_t Size, uint32_t Timeout);
      |                                     ~~~~~~~~~~~~~~~~~~~~^~~~~
../Core/Src/stm32l0xx_it.c: At top level:
../Core/Src/stm32l0xx_it.c:333:6: warning: conflicting types for 'ExtractAmplitude'; have 'void(void)'
  333 | void ExtractAmplitude (void){
      |      ^~~~~~~~~~~~~~~~
../Core/Src/stm32l0xx_it.c:236:25: note: previous implicit declaration of 'ExtractAmplitude' with type 'void(void)'
  236 |                         ExtractAmplitude();
      |                         ^~~~~~~~~~~~~~~~
../Core/Src/stm32l0xx_it.c: In function 'ExtractAmplitude':
../Core/Src/stm32l0xx_it.c:339:10: warning: incompatible implicit declaration of built-in function 'printf' [-Wbuiltin-declaration-mismatch]
  339 |          printf("heyeheyextractStep2 \r\n");
      |          ^~~~~~
../Core/Src/stm32l0xx_it.c:339:10: note: include '<stdio.h>' or provide a declaration of 'printf'
../Core/Src/stm32l0xx_it.c:349:16: warning: format '%i' expects argument of type 'int', but argument 2 has type 'uint32_t' {aka 'long unsigned int'} [-Wformat=]
  349 | printf("pixel %i amplitude %i \r\n",i,l_BufferSpecter[i]);
      |               ~^                    ~
      |                |                    |
      |                int                  uint32_t {aka long unsigned int}
      |               %li
make: *** [Core/Src/subdir.mk:34: Core/Src/stm32l0xx_it.o] Error 1
"make -j8 all" terminated with exit code 2. Build might be incomplete.
11:51:55 **** Incremental Build of configuration Debug for project Spectrographe ****
make -j8 all 
arm-none-eabi-gcc "../Core/Src/stm32l0xx_it.c" -mcpu=cortex-m0plus -std=gnu11 -g3 -DDEBUG -DUSE_HAL_DRIVER -DSTM32L073xx -c -I../Core/Inc -I../Drivers/STM32L0xx_HAL_Driver/Inc -I../Drivers/STM32L0xx_HAL_Driver/Inc/Legacy -I../Drivers/CMSIS/Device/ST/STM32L0xx/Include -I../Drivers/CMSIS/Include -O0 -ffunction-sections -fdata-sections -Wall -fstack-usage -fcyclomatic-complexity -MMD -MP -MF"Core/Src/stm32l0xx_it.d" -MT"Core/Src/stm32l0xx_it.o" --specs=nano.specs -mfloat-abi=soft -mthumb -o "Core/Src/stm32l0xx_it.o"
../Core/Src/stm32l0xx_it.c: In function 'TIM21_IRQHandler':
../Core/Src/stm32l0xx_it.c:182:3: warning: implicit declaration of function 'S10077_Conversion' [-Wimplicit-function-declaration]
  182 |   S10077_Conversion();
      |   ^~~~~~~~~~~~~~~~~
../Core/Src/stm32l0xx_it.c: At top level:
../Core/Src/stm32l0xx_it.c:194:6: warning: conflicting types for 'S10077_Conversion'; have 'void()'
  194 | void S10077_Conversion(){
      |      ^~~~~~~~~~~~~~~~~
../Core/Src/stm32l0xx_it.c:182:3: note: previous implicit declaration of 'S10077_Conversion' with type 'void()'
  182 |   S10077_Conversion();
      |   ^~~~~~~~~~~~~~~~~
../Core/Src/stm32l0xx_it.c: In function 'S10077_Conversion':
../Core/Src/stm32l0xx_it.c:201:35: error: 'S10077_START_GPIO_Port' undeclared (first use in this function); did you mean 'S10077_ENDSCAN_GPIO_Port'?
  201 |                 HAL_GPIO_WritePin(S10077_START_GPIO_Port, S10077_START_Pin,GPIO_PIN_SET );
      |                                   ^~~~~~~~~~~~~~~~~~~~~~
      |                                   S10077_ENDSCAN_GPIO_Port
../Core/Src/stm32l0xx_it.c:201:35: note: each undeclared identifier is reported only once for each function it appears in
../Core/Src/stm32l0xx_it.c:201:59: error: 'S10077_START_Pin' undeclared (first use in this function); did you mean 'S10077_ENDSCAN_Pin'?
  201 |                 HAL_GPIO_WritePin(S10077_START_GPIO_Port, S10077_START_Pin,GPIO_PIN_SET );
      |                                                           ^~~~~~~~~~~~~~~~
      |                                                           S10077_ENDSCAN_Pin
../Core/Src/stm32l0xx_it.c:222:47: error: 'htim2' undeclared (first use in this function); did you mean 'htim21'?
  222 |                         HAL_TIM_IC_Start_DMA(&htim2, TIM_CHANNEL_1, l_BufferSpecter, 8254);
      |                                               ^~~~~
      |                                               htim21
../Core/Src/stm32l0xx_it.c:222:69: warning: passing argument 3 of 'HAL_TIM_IC_Start_DMA' from incompatible pointer type [-Wincompatible-pointer-types]
  222 |                         HAL_TIM_IC_Start_DMA(&htim2, TIM_CHANNEL_1, l_BufferSpecter, 8254);
      |                                                                     ^~~~~~~~~~~~~~~
      |                                                                     |
      |                                                                     uint16_t * {aka short unsigned int *}
In file included from ../Core/Inc/stm32l0xx_hal_conf.h:273,
                 from ../Drivers/STM32L0xx_HAL_Driver/Inc/stm32l0xx_hal.h:29,
                 from ../Core/Inc/main.h:30,
                 from ../Core/Src/stm32l0xx_it.c:21:
../Drivers/STM32L0xx_HAL_Driver/Inc/stm32l0xx_hal_tim.h:1674:93: note: expected 'uint32_t *' {aka 'long unsigned int *'} but argument is of type 'uint16_t *' {aka 'short unsigned int *'}
 1674 | HAL_StatusTypeDef HAL_TIM_IC_Start_DMA(TIM_HandleTypeDef *htim, uint32_t Channel, uint32_t *pData, uint16_t Length);
      |                                                                                   ~~~~~~~~~~^~~~~
../Core/Src/stm32l0xx_it.c:229:25: warning: implicit declaration of function 'printf' [-Wimplicit-function-declaration]
  229 |                         printf("heyeheyGo \r\n");
      |                         ^~~~~~
../Core/Src/stm32l0xx_it.c:26:1: note: include '<stdio.h>' or provide a declaration of 'printf'
   25 | #include <stdbool.h>
  +++ |+#include <stdio.h>
   26 | /* USER CODE END Includes */
../Core/Src/stm32l0xx_it.c:229:25: warning: incompatible implicit declaration of built-in function 'printf' [-Wbuiltin-declaration-mismatch]
  229 |                         printf("heyeheyGo \r\n");
      |                         ^~~~~~
../Core/Src/stm32l0xx_it.c:229:25: note: include '<stdio.h>' or provide a declaration of 'printf'
../Core/Src/stm32l0xx_it.c:236:25: warning: implicit declaration of function 'ExtractAmplitude' [-Wimplicit-function-declaration]
  236 |                         ExtractAmplitude();
      |                         ^~~~~~~~~~~~~~~~
../Core/Src/stm32l0xx_it.c: In function 'S10077_StartConversion':
../Core/Src/stm32l0xx_it.c:274:9: warning: incompatible implicit declaration of built-in function 'printf' [-Wbuiltin-declaration-mismatch]
  274 |         printf("heyehey3 \r\n");
      |         ^~~~~~
../Core/Src/stm32l0xx_it.c:274:9: note: include '<stdio.h>' or provide a declaration of 'printf'
../Core/Src/stm32l0xx_it.c:297:43: error: 'S10077_START_GPIO_Port' undeclared (first use in this function); did you mean 'S10077_ENDSCAN_GPIO_Port'?
  297 |                         HAL_GPIO_WritePin(S10077_START_GPIO_Port, S10077_START_Pin,GPIO_PIN_RESET );
      |                                           ^~~~~~~~~~~~~~~~~~~~~~
      |                                           S10077_ENDSCAN_GPIO_Port
../Core/Src/stm32l0xx_it.c:297:67: error: 'S10077_START_Pin' undeclared (first use in this function); did you mean 'S10077_ENDSCAN_Pin'?
  297 |                         HAL_GPIO_WritePin(S10077_START_GPIO_Port, S10077_START_Pin,GPIO_PIN_RESET );
      |                                                                   ^~~~~~~~~~~~~~~~
      |                                                                   S10077_ENDSCAN_Pin
In file included from ../Drivers/CMSIS/Device/ST/STM32L0xx/Include/stm32l0xx.h:151,
                 from ../Drivers/STM32L0xx_HAL_Driver/Inc/stm32l0xx_hal_def.h:29,
                 from ../Drivers/STM32L0xx_HAL_Driver/Inc/stm32l0xx_hal_rcc.h:27,
                 from ../Core/Inc/stm32l0xx_hal_conf.h:188:
../Core/Src/stm32l0xx_it.c: In function 'SendPixelData':
../Drivers/CMSIS/Device/ST/STM32L0xx/Include/stm32l073xx.h:720:29: warning: passing argument 1 of 'HAL_UART_Transmit' from incompatible pointer type [-Wincompatible-pointer-types]
  720 | #define USART2              ((USART_TypeDef *) USART2_BASE)
      |                             ^~~~~~~~~~~~~~~~~~~~~~~~~~~~~~~
      |                             |
      |                             USART_TypeDef *
../Core/Src/stm32l0xx_it.c:330:23: note: in expansion of macro 'USART2'
  330 |     HAL_UART_Transmit(USART2, data, 3, HAL_MAX_DELAY);
      |                       ^~~~~~
In file included from ../Core/Inc/stm32l0xx_hal_conf.h:281:
../Drivers/STM32L0xx_HAL_Driver/Inc/stm32l0xx_hal_uart.h:1510:57: note: expected 'UART_HandleTypeDef *' {aka 'struct __UART_HandleTypeDef *'} but argument is of type 'USART_TypeDef *'
 1510 | HAL_StatusTypeDef HAL_UART_Transmit(UART_HandleTypeDef *huart, const uint8_t *pData, uint16_t Size, uint32_t Timeout);
      |                                     ~~~~~~~~~~~~~~~~~~~~^~~~~
../Core/Src/stm32l0xx_it.c: At top level:
../Core/Src/stm32l0xx_it.c:333:6: warning: conflicting types for 'ExtractAmplitude'; have 'void(void)'
  333 | void ExtractAmplitude (void){
      |      ^~~~~~~~~~~~~~~~
../Core/Src/stm32l0xx_it.c:236:25: note: previous implicit declaration of 'ExtractAmplitude' with type 'void(void)'
  236 |                         ExtractAmplitude();
      |                         ^~~~~~~~~~~~~~~~
../Core/Src/stm32l0xx_it.c: In function 'ExtractAmplitude':
../Core/Src/stm32l0xx_it.c:339:10: warning: incompatible implicit declaration of built-in function 'printf' [-Wbuiltin-declaration-mismatch]
  339 |          printf("heyeheyextractStep2 \r\n");
      |          ^~~~~~
../Core/Src/stm32l0xx_it.c:339:10: note: include '<stdio.h>' or provide a declaration of 'printf'
../Core/Src/stm32l0xx_it.c:349:16: warning: format '%i' expects argument of type 'int', but argument 2 has type 'uint32_t' {aka 'long unsigned int'} [-Wformat=]
  349 | printf("pixel %i amplitude %i \r\n",i,l_BufferSpecter[i]);
      |               ~^                    ~
      |                |                    |
      |                int                  uint32_t {aka long unsigned int}
      |               %li
make: *** [Core/Src/subdir.mk:34: Core/Src/stm32l0xx_it.o] Error 1
"make -j8 all" terminated with exit code 2. Build might be incomplete.
11:58:08 **** Incremental Build of configuration Debug for project Spectrographe ****
make -j8 all 
arm-none-eabi-gcc "../Core/Src/main.c" -mcpu=cortex-m0plus -std=gnu11 -g3 -DDEBUG -DUSE_HAL_DRIVER -DSTM32L073xx -c -I../Core/Inc -I../Drivers/STM32L0xx_HAL_Driver/Inc -I../Drivers/STM32L0xx_HAL_Driver/Inc/Legacy -I../Drivers/CMSIS/Device/ST/STM32L0xx/Include -I../Drivers/CMSIS/Include -O0 -ffunction-sections -fdata-sections -Wall -fstack-usage -fcyclomatic-complexity -MMD -MP -MF"Core/Src/main.d" -MT"Core/Src/main.o" --specs=nano.specs -mfloat-abi=soft -mthumb -o "Core/Src/main.o"
arm-none-eabi-gcc "../Core/Src/stm32l0xx_hal_msp.c" -mcpu=cortex-m0plus -std=gnu11 -g3 -DDEBUG -DUSE_HAL_DRIVER -DSTM32L073xx -c -I../Core/Inc -I../Drivers/STM32L0xx_HAL_Driver/Inc -I../Drivers/STM32L0xx_HAL_Driver/Inc/Legacy -I../Drivers/CMSIS/Device/ST/STM32L0xx/Include -I../Drivers/CMSIS/Include -O0 -ffunction-sections -fdata-sections -Wall -fstack-usage -fcyclomatic-complexity -MMD -MP -MF"Core/Src/stm32l0xx_hal_msp.d" -MT"Core/Src/stm32l0xx_hal_msp.o" --specs=nano.specs -mfloat-abi=soft -mthumb -o "Core/Src/stm32l0xx_hal_msp.o"
arm-none-eabi-gcc "../Core/Src/stm32l0xx_it.c" -mcpu=cortex-m0plus -std=gnu11 -g3 -DDEBUG -DUSE_HAL_DRIVER -DSTM32L073xx -c -I../Core/Inc -I../Drivers/STM32L0xx_HAL_Driver/Inc -I../Drivers/STM32L0xx_HAL_Driver/Inc/Legacy -I../Drivers/CMSIS/Device/ST/STM32L0xx/Include -I../Drivers/CMSIS/Include -O0 -ffunction-sections -fdata-sections -Wall -fstack-usage -fcyclomatic-complexity -MMD -MP -MF"Core/Src/stm32l0xx_it.d" -MT"Core/Src/stm32l0xx_it.o" --specs=nano.specs -mfloat-abi=soft -mthumb -o "Core/Src/stm32l0xx_it.o"
../Core/Src/main.c: In function 'main':
../Core/Src/main.c:118:11: warning: implicit declaration of function 'TEMOINLED' [-Wimplicit-function-declaration]
  118 |           TEMOINLED(500);
      |           ^~~~~~~~~
../Core/Src/stm32l0xx_it.c: In function 'TIM21_IRQHandler':
../Core/Src/stm32l0xx_it.c:182:3: warning: implicit declaration of function 'S10077_Conversion' [-Wimplicit-function-declaration]
  182 |   S10077_Conversion();
      |   ^~~~~~~~~~~~~~~~~
../Core/Src/stm32l0xx_it.c: At top level:
../Core/Src/stm32l0xx_it.c:194:6: warning: conflicting types for 'S10077_Conversion'; have 'void()'
  194 | void S10077_Conversion(){
      |      ^~~~~~~~~~~~~~~~~
../Core/Src/stm32l0xx_it.c:182:3: note: previous implicit declaration of 'S10077_Conversion' with type 'void()'
  182 |   S10077_Conversion();
      |   ^~~~~~~~~~~~~~~~~
../Core/Src/stm32l0xx_it.c: In function 'S10077_Conversion':
../Core/Src/stm32l0xx_it.c:222:47: error: 'htim2' undeclared (first use in this function); did you mean 'htim21'?
  222 |                         HAL_TIM_IC_Start_DMA(&htim2, TIM_CHANNEL_1, l_BufferSpecter, 8254);
      |                                               ^~~~~
      |                                               htim21
../Core/Src/stm32l0xx_it.c:222:47: note: each undeclared identifier is reported only once for each function it appears in
../Core/Src/stm32l0xx_it.c:222:69: warning: passing argument 3 of 'HAL_TIM_IC_Start_DMA' from incompatible pointer type [-Wincompatible-pointer-types]
  222 |                         HAL_TIM_IC_Start_DMA(&htim2, TIM_CHANNEL_1, l_BufferSpecter, 8254);
      |                                                                     ^~~~~~~~~~~~~~~
      |                                                                     |
      |                                                                     uint16_t * {aka short unsigned int *}
In file included from ../Core/Inc/stm32l0xx_hal_conf.h:273,
                 from ../Drivers/STM32L0xx_HAL_Driver/Inc/stm32l0xx_hal.h:29,
                 from ../Core/Inc/main.h:30,
                 from ../Core/Src/stm32l0xx_it.c:21:
../Drivers/STM32L0xx_HAL_Driver/Inc/stm32l0xx_hal_tim.h:1674:93: note: expected 'uint32_t *' {aka 'long unsigned int *'} but argument is of type 'uint16_t *' {aka 'short unsigned int *'}
 1674 | HAL_StatusTypeDef HAL_TIM_IC_Start_DMA(TIM_HandleTypeDef *htim, uint32_t Channel, uint32_t *pData, uint16_t Length);
      |                                                                                   ~~~~~~~~~~^~~~~
../Core/Src/stm32l0xx_it.c:229:25: warning: implicit declaration of function 'printf' [-Wimplicit-function-declaration]
  229 |                         printf("heyeheyGo \r\n");
      |                         ^~~~~~
../Core/Src/stm32l0xx_it.c:26:1: note: include '<stdio.h>' or provide a declaration of 'printf'
   25 | #include <stdbool.h>
  +++ |+#include <stdio.h>
   26 | /* USER CODE END Includes */
../Core/Src/stm32l0xx_it.c:229:25: warning: incompatible implicit declaration of built-in function 'printf' [-Wbuiltin-declaration-mismatch]
  229 |                         printf("heyeheyGo \r\n");
      |                         ^~~~~~
../Core/Src/stm32l0xx_it.c:229:25: note: include '<stdio.h>' or provide a declaration of 'printf'
../Core/Src/stm32l0xx_it.c:236:25: warning: implicit declaration of function 'ExtractAmplitude' [-Wimplicit-function-declaration]
  236 |                         ExtractAmplitude();
      |                         ^~~~~~~~~~~~~~~~
../Core/Src/stm32l0xx_it.c: In function 'S10077_StartConversion':
../Core/Src/stm32l0xx_it.c:274:9: warning: incompatible implicit declaration of built-in function 'printf' [-Wbuiltin-declaration-mismatch]
  274 |         printf("heyehey3 \r\n");
      |         ^~~~~~
../Core/Src/stm32l0xx_it.c:274:9: note: include '<stdio.h>' or provide a declaration of 'printf'
In file included from ../Drivers/CMSIS/Device/ST/STM32L0xx/Include/stm32l0xx.h:151,
                 from ../Drivers/STM32L0xx_HAL_Driver/Inc/stm32l0xx_hal_def.h:29,
                 from ../Drivers/STM32L0xx_HAL_Driver/Inc/stm32l0xx_hal_rcc.h:27,
                 from ../Core/Inc/stm32l0xx_hal_conf.h:188:
../Core/Src/stm32l0xx_it.c: In function 'SendPixelData':
../Drivers/CMSIS/Device/ST/STM32L0xx/Include/stm32l073xx.h:720:29: warning: passing argument 1 of 'HAL_UART_Transmit' from incompatible pointer type [-Wincompatible-pointer-types]
  720 | #define USART2              ((USART_TypeDef *) USART2_BASE)
      |                             ^~~~~~~~~~~~~~~~~~~~~~~~~~~~~~~
      |                             |
      |                             USART_TypeDef *
../Core/Src/stm32l0xx_it.c:330:23: note: in expansion of macro 'USART2'
  330 |     HAL_UART_Transmit(USART2, data, 3, HAL_MAX_DELAY);
      |                       ^~~~~~
In file included from ../Core/Inc/stm32l0xx_hal_conf.h:281:
../Drivers/STM32L0xx_HAL_Driver/Inc/stm32l0xx_hal_uart.h:1510:57: note: expected 'UART_HandleTypeDef *' {aka 'struct __UART_HandleTypeDef *'} but argument is of type 'USART_TypeDef *'
 1510 | HAL_StatusTypeDef HAL_UART_Transmit(UART_HandleTypeDef *huart, const uint8_t *pData, uint16_t Size, uint32_t Timeout);
      |                                     ~~~~~~~~~~~~~~~~~~~~^~~~~
../Core/Src/stm32l0xx_it.c: At top level:
../Core/Src/stm32l0xx_it.c:333:6: warning: conflicting types for 'ExtractAmplitude'; have 'void(void)'
  333 | void ExtractAmplitude (void){
      |      ^~~~~~~~~~~~~~~~
../Core/Src/stm32l0xx_it.c:236:25: note: previous implicit declaration of 'ExtractAmplitude' with type 'void(void)'
  236 |                         ExtractAmplitude();
      |                         ^~~~~~~~~~~~~~~~
../Core/Src/stm32l0xx_it.c: In function 'ExtractAmplitude':
../Core/Src/stm32l0xx_it.c:339:10: warning: incompatible implicit declaration of built-in function 'printf' [-Wbuiltin-declaration-mismatch]
  339 |          printf("heyeheyextractStep2 \r\n");
      |          ^~~~~~
../Core/Src/stm32l0xx_it.c:339:10: note: include '<stdio.h>' or provide a declaration of 'printf'
../Core/Src/stm32l0xx_it.c:349:16: warning: format '%i' expects argument of type 'int', but argument 2 has type 'uint32_t' {aka 'long unsigned int'} [-Wformat=]
  349 | printf("pixel %i amplitude %i \r\n",i,l_BufferSpecter[i]);
      |               ~^                    ~
      |                |                    |
      |                int                  uint32_t {aka long unsigned int}
      |               %li
make: *** [Core/Src/subdir.mk:34: Core/Src/stm32l0xx_it.o] Error 1
make: *** Waiting for unfinished jobs....
"make -j8 all" terminated with exit code 2. Build might be incomplete.
11:58:47 **** Incremental Build of configuration Debug for project Spectrographe ****
make -j8 all 
arm-none-eabi-gcc "../Core/Src/stm32l0xx_it.c" -mcpu=cortex-m0plus -std=gnu11 -g3 -DDEBUG -DUSE_HAL_DRIVER -DSTM32L073xx -c -I../Core/Inc -I../Drivers/STM32L0xx_HAL_Driver/Inc -I../Drivers/STM32L0xx_HAL_Driver/Inc/Legacy -I../Drivers/CMSIS/Device/ST/STM32L0xx/Include -I../Drivers/CMSIS/Include -O0 -ffunction-sections -fdata-sections -Wall -fstack-usage -fcyclomatic-complexity -MMD -MP -MF"Core/Src/stm32l0xx_it.d" -MT"Core/Src/stm32l0xx_it.o" --specs=nano.specs -mfloat-abi=soft -mthumb -o "Core/Src/stm32l0xx_it.o"
../Core/Src/stm32l0xx_it.c: In function 'TIM21_IRQHandler':
../Core/Src/stm32l0xx_it.c:183:3: warning: implicit declaration of function 'S10077_Conversion' [-Wimplicit-function-declaration]
  183 |   S10077_Conversion();
      |   ^~~~~~~~~~~~~~~~~
../Core/Src/stm32l0xx_it.c: At top level:
../Core/Src/stm32l0xx_it.c:195:6: warning: conflicting types for 'S10077_Conversion'; have 'void()'
  195 | void S10077_Conversion(){
      |      ^~~~~~~~~~~~~~~~~
../Core/Src/stm32l0xx_it.c:183:3: note: previous implicit declaration of 'S10077_Conversion' with type 'void()'
  183 |   S10077_Conversion();
      |   ^~~~~~~~~~~~~~~~~
../Core/Src/stm32l0xx_it.c: In function 'S10077_Conversion':
../Core/Src/stm32l0xx_it.c:223:69: warning: passing argument 3 of 'HAL_TIM_IC_Start_DMA' from incompatible pointer type [-Wincompatible-pointer-types]
  223 |                         HAL_TIM_IC_Start_DMA(&htim2, TIM_CHANNEL_1, l_BufferSpecter, 8254);
      |                                                                     ^~~~~~~~~~~~~~~
      |                                                                     |
      |                                                                     uint16_t * {aka short unsigned int *}
In file included from ../Core/Inc/stm32l0xx_hal_conf.h:273,
                 from ../Drivers/STM32L0xx_HAL_Driver/Inc/stm32l0xx_hal.h:29,
                 from ../Core/Inc/main.h:30,
                 from ../Core/Src/stm32l0xx_it.c:21:
../Drivers/STM32L0xx_HAL_Driver/Inc/stm32l0xx_hal_tim.h:1674:93: note: expected 'uint32_t *' {aka 'long unsigned int *'} but argument is of type 'uint16_t *' {aka 'short unsigned int *'}
 1674 | HAL_StatusTypeDef HAL_TIM_IC_Start_DMA(TIM_HandleTypeDef *htim, uint32_t Channel, uint32_t *pData, uint16_t Length);
      |                                                                                   ~~~~~~~~~~^~~~~
../Core/Src/stm32l0xx_it.c:230:25: warning: implicit declaration of function 'printf' [-Wimplicit-function-declaration]
  230 |                         printf("heyeheyGo \r\n");
      |                         ^~~~~~
../Core/Src/stm32l0xx_it.c:26:1: note: include '<stdio.h>' or provide a declaration of 'printf'
   25 | #include <stdbool.h>
  +++ |+#include <stdio.h>
   26 | /* USER CODE END Includes */
../Core/Src/stm32l0xx_it.c:230:25: warning: incompatible implicit declaration of built-in function 'printf' [-Wbuiltin-declaration-mismatch]
  230 |                         printf("heyeheyGo \r\n");
      |                         ^~~~~~
../Core/Src/stm32l0xx_it.c:230:25: note: include '<stdio.h>' or provide a declaration of 'printf'
../Core/Src/stm32l0xx_it.c:237:25: warning: implicit declaration of function 'ExtractAmplitude' [-Wimplicit-function-declaration]
  237 |                         ExtractAmplitude();
      |                         ^~~~~~~~~~~~~~~~
../Core/Src/stm32l0xx_it.c: In function 'S10077_StartConversion':
../Core/Src/stm32l0xx_it.c:275:9: warning: incompatible implicit declaration of built-in function 'printf' [-Wbuiltin-declaration-mismatch]
  275 |         printf("heyehey3 \r\n");
      |         ^~~~~~
../Core/Src/stm32l0xx_it.c:275:9: note: include '<stdio.h>' or provide a declaration of 'printf'
In file included from ../Drivers/CMSIS/Device/ST/STM32L0xx/Include/stm32l0xx.h:151,
                 from ../Drivers/STM32L0xx_HAL_Driver/Inc/stm32l0xx_hal_def.h:29,
                 from ../Drivers/STM32L0xx_HAL_Driver/Inc/stm32l0xx_hal_rcc.h:27,
                 from ../Core/Inc/stm32l0xx_hal_conf.h:188:
../Core/Src/stm32l0xx_it.c: In function 'SendPixelData':
../Drivers/CMSIS/Device/ST/STM32L0xx/Include/stm32l073xx.h:720:29: warning: passing argument 1 of 'HAL_UART_Transmit' from incompatible pointer type [-Wincompatible-pointer-types]
  720 | #define USART2              ((USART_TypeDef *) USART2_BASE)
      |                             ^~~~~~~~~~~~~~~~~~~~~~~~~~~~~~~
      |                             |
      |                             USART_TypeDef *
../Core/Src/stm32l0xx_it.c:331:23: note: in expansion of macro 'USART2'
  331 |     HAL_UART_Transmit(USART2, data, 3, HAL_MAX_DELAY);
      |                       ^~~~~~
In file included from ../Core/Inc/stm32l0xx_hal_conf.h:281:
../Drivers/STM32L0xx_HAL_Driver/Inc/stm32l0xx_hal_uart.h:1510:57: note: expected 'UART_HandleTypeDef *' {aka 'struct __UART_HandleTypeDef *'} but argument is of type 'USART_TypeDef *'
 1510 | HAL_StatusTypeDef HAL_UART_Transmit(UART_HandleTypeDef *huart, const uint8_t *pData, uint16_t Size, uint32_t Timeout);
      |                                     ~~~~~~~~~~~~~~~~~~~~^~~~~
../Core/Src/stm32l0xx_it.c: At top level:
../Core/Src/stm32l0xx_it.c:334:6: warning: conflicting types for 'ExtractAmplitude'; have 'void(void)'
  334 | void ExtractAmplitude (void){
      |      ^~~~~~~~~~~~~~~~
../Core/Src/stm32l0xx_it.c:237:25: note: previous implicit declaration of 'ExtractAmplitude' with type 'void(void)'
  237 |                         ExtractAmplitude();
      |                         ^~~~~~~~~~~~~~~~
../Core/Src/stm32l0xx_it.c: In function 'ExtractAmplitude':
../Core/Src/stm32l0xx_it.c:340:10: warning: incompatible implicit declaration of built-in function 'printf' [-Wbuiltin-declaration-mismatch]
  340 |          printf("heyeheyextractStep2 \r\n");
      |          ^~~~~~
../Core/Src/stm32l0xx_it.c:340:10: note: include '<stdio.h>' or provide a declaration of 'printf'
../Core/Src/stm32l0xx_it.c:350:16: warning: format '%i' expects argument of type 'int', but argument 2 has type 'uint32_t' {aka 'long unsigned int'} [-Wformat=]
  350 | printf("pixel %i amplitude %i \r\n",i,l_BufferSpecter[i]);
      |               ~^                    ~
      |                |                    |
      |                int                  uint32_t {aka long unsigned int}
      |               %li
arm-none-eabi-gcc -o "Spectrographe.elf" @"objects.list"   -mcpu=cortex-m0plus -T"C:\Users\maxou\OneDrive\Bureau\Projet\STM32\Spectrographe\STM32L073RZTX_FLASH.ld" --specs=nosys.specs -Wl,-Map="Spectrographe.map" -Wl,--gc-sections -static --specs=nano.specs -mfloat-abi=soft -mthumb -Wl,--start-group -lc -lm -Wl,--end-group
Finished building target: Spectrographe.elf
 
arm-none-eabi-size  Spectrographe.elf 
arm-none-eabi-objdump -h -S Spectrographe.elf  > "Spectrographe.list"
   text	   data	    bss	    dec	    hex	filename
  23256	    104	  18840	  42200	   a4d8	Spectrographe.elf
Finished building: default.size.stdout
 
Finished building: Spectrographe.list
 
11:59:44 **** Incremental Build of configuration Debug for project Spectrographe ****
make -j8 all 
arm-none-eabi-gcc "../Core/Src/main.c" -mcpu=cortex-m0plus -std=gnu11 -g3 -DDEBUG -DUSE_HAL_DRIVER -DSTM32L073xx -c -I../Core/Inc -I../Drivers/STM32L0xx_HAL_Driver/Inc -I../Drivers/STM32L0xx_HAL_Driver/Inc/Legacy -I../Drivers/CMSIS/Device/ST/STM32L0xx/Include -I../Drivers/CMSIS/Include -O0 -ffunction-sections -fdata-sections -Wall -fstack-usage -fcyclomatic-complexity -MMD -MP -MF"Core/Src/main.d" -MT"Core/Src/main.o" --specs=nano.specs -mfloat-abi=soft -mthumb -o "Core/Src/main.o"
../Core/Src/main.c: In function 'main':
../Core/Src/main.c:118:11: warning: implicit declaration of function 'TEMOINLED' [-Wimplicit-function-declaration]
  118 |           TEMOINLED(500);
      |           ^~~~~~~~~
arm-none-eabi-gcc -o "Spectrographe.elf" @"objects.list"   -mcpu=cortex-m0plus -T"C:\Users\maxou\OneDrive\Bureau\Projet\STM32\Spectrographe\STM32L073RZTX_FLASH.ld" --specs=nosys.specs -Wl,-Map="Spectrographe.map" -Wl,--gc-sections -static --specs=nano.specs -mfloat-abi=soft -mthumb -Wl,--start-group -lc -lm -Wl,--end-group
Finished building target: Spectrographe.elf
 
arm-none-eabi-size  Spectrographe.elf 
arm-none-eabi-objdump -h -S Spectrographe.elf  > "Spectrographe.list"
   text	   data	    bss	    dec	    hex	filename
  23624	    104	  18840	  42568	   a648	Spectrographe.elf
Finished building: default.size.stdout
 
Finished building: Spectrographe.list
 
12:28:38 **** Incremental Build of configuration Debug for project Spectrographe ****
make -j8 all 
arm-none-eabi-gcc "../Core/Src/main.c" -mcpu=cortex-m0plus -std=gnu11 -g3 -DDEBUG -DUSE_HAL_DRIVER -DSTM32L073xx -c -I../Core/Inc -I../Drivers/STM32L0xx_HAL_Driver/Inc -I../Drivers/STM32L0xx_HAL_Driver/Inc/Legacy -I../Drivers/CMSIS/Device/ST/STM32L0xx/Include -I../Drivers/CMSIS/Include -O0 -ffunction-sections -fdata-sections -Wall -fstack-usage -fcyclomatic-complexity -MMD -MP -MF"Core/Src/main.d" -MT"Core/Src/main.o" --specs=nano.specs -mfloat-abi=soft -mthumb -o "Core/Src/main.o"
arm-none-eabi-gcc "../Core/Src/stm32l0xx_hal_msp.c" -mcpu=cortex-m0plus -std=gnu11 -g3 -DDEBUG -DUSE_HAL_DRIVER -DSTM32L073xx -c -I../Core/Inc -I../Drivers/STM32L0xx_HAL_Driver/Inc -I../Drivers/STM32L0xx_HAL_Driver/Inc/Legacy -I../Drivers/CMSIS/Device/ST/STM32L0xx/Include -I../Drivers/CMSIS/Include -O0 -ffunction-sections -fdata-sections -Wall -fstack-usage -fcyclomatic-complexity -MMD -MP -MF"Core/Src/stm32l0xx_hal_msp.d" -MT"Core/Src/stm32l0xx_hal_msp.o" --specs=nano.specs -mfloat-abi=soft -mthumb -o "Core/Src/stm32l0xx_hal_msp.o"
arm-none-eabi-gcc "../Core/Src/stm32l0xx_it.c" -mcpu=cortex-m0plus -std=gnu11 -g3 -DDEBUG -DUSE_HAL_DRIVER -DSTM32L073xx -c -I../Core/Inc -I../Drivers/STM32L0xx_HAL_Driver/Inc -I../Drivers/STM32L0xx_HAL_Driver/Inc/Legacy -I../Drivers/CMSIS/Device/ST/STM32L0xx/Include -I../Drivers/CMSIS/Include -O0 -ffunction-sections -fdata-sections -Wall -fstack-usage -fcyclomatic-complexity -MMD -MP -MF"Core/Src/stm32l0xx_it.d" -MT"Core/Src/stm32l0xx_it.o" --specs=nano.specs -mfloat-abi=soft -mthumb -o "Core/Src/stm32l0xx_it.o"
../Core/Src/main.c: In function 'main':
../Core/Src/main.c:118:11: warning: implicit declaration of function 'TEMOINLED' [-Wimplicit-function-declaration]
  118 |           TEMOINLED(500);
      |           ^~~~~~~~~
../Core/Src/stm32l0xx_it.c: In function 'TIM21_IRQHandler':
../Core/Src/stm32l0xx_it.c:182:3: warning: implicit declaration of function 'S10077_Conversion'; did you mean 'S10077_StartConversion'? [-Wimplicit-function-declaration]
  182 |   S10077_Conversion();
      |   ^~~~~~~~~~~~~~~~~
      |   S10077_StartConversion
../Core/Src/stm32l0xx_it.c: At top level:
../Core/Src/stm32l0xx_it.c:194:6: warning: conflicting types for 'S10077_Conversion'; have 'void()'
  194 | void S10077_Conversion(){
      |      ^~~~~~~~~~~~~~~~~
../Core/Src/stm32l0xx_it.c:182:3: note: previous implicit declaration of 'S10077_Conversion' with type 'void()'
  182 |   S10077_Conversion();
      |   ^~~~~~~~~~~~~~~~~
../Core/Src/stm32l0xx_it.c: In function 'S10077_Conversion':
../Core/Src/stm32l0xx_it.c:222:47: error: 'htim2' undeclared (first use in this function); did you mean 'htim21'?
  222 |                         HAL_TIM_IC_Start_DMA(&htim2, TIM_CHANNEL_1, l_BufferSpecter, 8254);
      |                                               ^~~~~
      |                                               htim21
../Core/Src/stm32l0xx_it.c:222:47: note: each undeclared identifier is reported only once for each function it appears in
../Core/Src/stm32l0xx_it.c:222:69: warning: passing argument 3 of 'HAL_TIM_IC_Start_DMA' from incompatible pointer type [-Wincompatible-pointer-types]
  222 |                         HAL_TIM_IC_Start_DMA(&htim2, TIM_CHANNEL_1, l_BufferSpecter, 8254);
      |                                                                     ^~~~~~~~~~~~~~~
      |                                                                     |
      |                                                                     uint16_t * {aka short unsigned int *}
In file included from ../Core/Inc/stm32l0xx_hal_conf.h:273,
                 from ../Drivers/STM32L0xx_HAL_Driver/Inc/stm32l0xx_hal.h:29,
                 from ../Core/Inc/main.h:30,
                 from ../Core/Src/stm32l0xx_it.c:21:
../Drivers/STM32L0xx_HAL_Driver/Inc/stm32l0xx_hal_tim.h:1674:93: note: expected 'uint32_t *' {aka 'long unsigned int *'} but argument is of type 'uint16_t *' {aka 'short unsigned int *'}
 1674 | HAL_StatusTypeDef HAL_TIM_IC_Start_DMA(TIM_HandleTypeDef *htim, uint32_t Channel, uint32_t *pData, uint16_t Length);
      |                                                                                   ~~~~~~~~~~^~~~~
../Core/Src/stm32l0xx_it.c:229:25: warning: implicit declaration of function 'printf' [-Wimplicit-function-declaration]
  229 |                         printf("heyeheyGo \r\n");
      |                         ^~~~~~
../Core/Src/stm32l0xx_it.c:26:1: note: include '<stdio.h>' or provide a declaration of 'printf'
   25 | #include <stdbool.h>
  +++ |+#include <stdio.h>
   26 | /* USER CODE END Includes */
../Core/Src/stm32l0xx_it.c:229:25: warning: incompatible implicit declaration of built-in function 'printf' [-Wbuiltin-declaration-mismatch]
  229 |                         printf("heyeheyGo \r\n");
      |                         ^~~~~~
../Core/Src/stm32l0xx_it.c:229:25: note: include '<stdio.h>' or provide a declaration of 'printf'
../Core/Src/stm32l0xx_it.c:236:25: warning: implicit declaration of function 'ExtractAmplitude' [-Wimplicit-function-declaration]
  236 |                         ExtractAmplitude();
      |                         ^~~~~~~~~~~~~~~~
../Core/Src/stm32l0xx_it.c: In function 'S10077_StartConversion':
../Core/Src/stm32l0xx_it.c:274:9: warning: incompatible implicit declaration of built-in function 'printf' [-Wbuiltin-declaration-mismatch]
  274 |         printf("heyehey3 \r\n");
      |         ^~~~~~
../Core/Src/stm32l0xx_it.c:274:9: note: include '<stdio.h>' or provide a declaration of 'printf'
In file included from ../Drivers/CMSIS/Device/ST/STM32L0xx/Include/stm32l0xx.h:151,
                 from ../Drivers/STM32L0xx_HAL_Driver/Inc/stm32l0xx_hal_def.h:29,
                 from ../Drivers/STM32L0xx_HAL_Driver/Inc/stm32l0xx_hal_rcc.h:27,
                 from ../Core/Inc/stm32l0xx_hal_conf.h:188:
../Core/Src/stm32l0xx_it.c: In function 'SendPixelData':
../Drivers/CMSIS/Device/ST/STM32L0xx/Include/stm32l073xx.h:720:29: warning: passing argument 1 of 'HAL_UART_Transmit' from incompatible pointer type [-Wincompatible-pointer-types]
  720 | #define USART2              ((USART_TypeDef *) USART2_BASE)
      |                             ^~~~~~~~~~~~~~~~~~~~~~~~~~~~~~~
      |                             |
      |                             USART_TypeDef *
../Core/Src/stm32l0xx_it.c:330:23: note: in expansion of macro 'USART2'
  330 |     HAL_UART_Transmit(USART2, data, 3, HAL_MAX_DELAY);
      |                       ^~~~~~
In file included from ../Core/Inc/stm32l0xx_hal_conf.h:281:
../Drivers/STM32L0xx_HAL_Driver/Inc/stm32l0xx_hal_uart.h:1510:57: note: expected 'UART_HandleTypeDef *' {aka 'struct __UART_HandleTypeDef *'} but argument is of type 'USART_TypeDef *'
 1510 | HAL_StatusTypeDef HAL_UART_Transmit(UART_HandleTypeDef *huart, const uint8_t *pData, uint16_t Size, uint32_t Timeout);
      |                                     ~~~~~~~~~~~~~~~~~~~~^~~~~
../Core/Src/stm32l0xx_it.c: At top level:
../Core/Src/stm32l0xx_it.c:333:6: warning: conflicting types for 'ExtractAmplitude'; have 'void(void)'
  333 | void ExtractAmplitude (void){
      |      ^~~~~~~~~~~~~~~~
../Core/Src/stm32l0xx_it.c:236:25: note: previous implicit declaration of 'ExtractAmplitude' with type 'void(void)'
  236 |                         ExtractAmplitude();
      |                         ^~~~~~~~~~~~~~~~
../Core/Src/stm32l0xx_it.c: In function 'ExtractAmplitude':
../Core/Src/stm32l0xx_it.c:339:10: warning: incompatible implicit declaration of built-in function 'printf' [-Wbuiltin-declaration-mismatch]
  339 |          printf("heyeheyextractStep2 \r\n");
      |          ^~~~~~
../Core/Src/stm32l0xx_it.c:339:10: note: include '<stdio.h>' or provide a declaration of 'printf'
../Core/Src/stm32l0xx_it.c:349:16: warning: format '%i' expects argument of type 'int', but argument 2 has type 'uint32_t' {aka 'long unsigned int'} [-Wformat=]
  349 | printf("pixel %i amplitude %i \r\n",i,l_BufferSpecter[i]);
      |               ~^                    ~
      |                |                    |
      |                int                  uint32_t {aka long unsigned int}
      |               %li
make: *** [Core/Src/subdir.mk:34: Core/Src/stm32l0xx_it.o] Error 1
make: *** Waiting for unfinished jobs....
"make -j8 all" terminated with exit code 2. Build might be incomplete.
12:30:23 **** Incremental Build of configuration Debug for project Spectrographe ****
make -j8 all 
arm-none-eabi-gcc "../Core/Src/stm32l0xx_it.c" -mcpu=cortex-m0plus -std=gnu11 -g3 -DDEBUG -DUSE_HAL_DRIVER -DSTM32L073xx -c -I../Core/Inc -I../Drivers/STM32L0xx_HAL_Driver/Inc -I../Drivers/STM32L0xx_HAL_Driver/Inc/Legacy -I../Drivers/CMSIS/Device/ST/STM32L0xx/Include -I../Drivers/CMSIS/Include -O0 -ffunction-sections -fdata-sections -Wall -fstack-usage -fcyclomatic-complexity -MMD -MP -MF"Core/Src/stm32l0xx_it.d" -MT"Core/Src/stm32l0xx_it.o" --specs=nano.specs -mfloat-abi=soft -mthumb -o "Core/Src/stm32l0xx_it.o"
../Core/Src/stm32l0xx_it.c: In function 'TIM21_IRQHandler':
../Core/Src/stm32l0xx_it.c:184:3: warning: implicit declaration of function 'S10077_Conversion'; did you mean 'S10077_StartConversion'? [-Wimplicit-function-declaration]
  184 |   S10077_Conversion();
      |   ^~~~~~~~~~~~~~~~~
      |   S10077_StartConversion
../Core/Src/stm32l0xx_it.c: At top level:
../Core/Src/stm32l0xx_it.c:196:6: warning: conflicting types for 'S10077_Conversion'; have 'void()'
  196 | void S10077_Conversion(){
      |      ^~~~~~~~~~~~~~~~~
../Core/Src/stm32l0xx_it.c:184:3: note: previous implicit declaration of 'S10077_Conversion' with type 'void()'
  184 |   S10077_Conversion();
      |   ^~~~~~~~~~~~~~~~~
../Core/Src/stm32l0xx_it.c: In function 'S10077_Conversion':
../Core/Src/stm32l0xx_it.c:224:69: warning: passing argument 3 of 'HAL_TIM_IC_Start_DMA' from incompatible pointer type [-Wincompatible-pointer-types]
  224 |                         HAL_TIM_IC_Start_DMA(&htim2, TIM_CHANNEL_1, l_BufferSpecter, 8254);
      |                                                                     ^~~~~~~~~~~~~~~
      |                                                                     |
      |                                                                     uint16_t * {aka short unsigned int *}
In file included from ../Core/Inc/stm32l0xx_hal_conf.h:273,
                 from ../Drivers/STM32L0xx_HAL_Driver/Inc/stm32l0xx_hal.h:29,
                 from ../Core/Inc/main.h:30,
                 from ../Core/Src/stm32l0xx_it.c:21:
../Drivers/STM32L0xx_HAL_Driver/Inc/stm32l0xx_hal_tim.h:1674:93: note: expected 'uint32_t *' {aka 'long unsigned int *'} but argument is of type 'uint16_t *' {aka 'short unsigned int *'}
 1674 | HAL_StatusTypeDef HAL_TIM_IC_Start_DMA(TIM_HandleTypeDef *htim, uint32_t Channel, uint32_t *pData, uint16_t Length);
      |                                                                                   ~~~~~~~~~~^~~~~
../Core/Src/stm32l0xx_it.c:231:25: warning: implicit declaration of function 'printf' [-Wimplicit-function-declaration]
  231 |                         printf("heyeheyGo \r\n");
      |                         ^~~~~~
../Core/Src/stm32l0xx_it.c:26:1: note: include '<stdio.h>' or provide a declaration of 'printf'
   25 | #include <stdbool.h>
  +++ |+#include <stdio.h>
   26 | 
../Core/Src/stm32l0xx_it.c:231:25: warning: incompatible implicit declaration of built-in function 'printf' [-Wbuiltin-declaration-mismatch]
  231 |                         printf("heyeheyGo \r\n");
      |                         ^~~~~~
../Core/Src/stm32l0xx_it.c:231:25: note: include '<stdio.h>' or provide a declaration of 'printf'
../Core/Src/stm32l0xx_it.c:238:25: warning: implicit declaration of function 'ExtractAmplitude' [-Wimplicit-function-declaration]
  238 |                         ExtractAmplitude();
      |                         ^~~~~~~~~~~~~~~~
../Core/Src/stm32l0xx_it.c: In function 'S10077_StartConversion':
../Core/Src/stm32l0xx_it.c:276:9: warning: incompatible implicit declaration of built-in function 'printf' [-Wbuiltin-declaration-mismatch]
  276 |         printf("heyehey3 \r\n");
      |         ^~~~~~
../Core/Src/stm32l0xx_it.c:276:9: note: include '<stdio.h>' or provide a declaration of 'printf'
In file included from ../Drivers/CMSIS/Device/ST/STM32L0xx/Include/stm32l0xx.h:151,
                 from ../Drivers/STM32L0xx_HAL_Driver/Inc/stm32l0xx_hal_def.h:29,
                 from ../Drivers/STM32L0xx_HAL_Driver/Inc/stm32l0xx_hal_rcc.h:27,
                 from ../Core/Inc/stm32l0xx_hal_conf.h:188:
../Core/Src/stm32l0xx_it.c: In function 'SendPixelData':
../Drivers/CMSIS/Device/ST/STM32L0xx/Include/stm32l073xx.h:720:29: warning: passing argument 1 of 'HAL_UART_Transmit' from incompatible pointer type [-Wincompatible-pointer-types]
  720 | #define USART2              ((USART_TypeDef *) USART2_BASE)
      |                             ^~~~~~~~~~~~~~~~~~~~~~~~~~~~~~~
      |                             |
      |                             USART_TypeDef *
../Core/Src/stm32l0xx_it.c:332:23: note: in expansion of macro 'USART2'
  332 |     HAL_UART_Transmit(USART2, data, 3, HAL_MAX_DELAY);
      |                       ^~~~~~
In file included from ../Core/Inc/stm32l0xx_hal_conf.h:281:
../Drivers/STM32L0xx_HAL_Driver/Inc/stm32l0xx_hal_uart.h:1510:57: note: expected 'UART_HandleTypeDef *' {aka 'struct __UART_HandleTypeDef *'} but argument is of type 'USART_TypeDef *'
 1510 | HAL_StatusTypeDef HAL_UART_Transmit(UART_HandleTypeDef *huart, const uint8_t *pData, uint16_t Size, uint32_t Timeout);
      |                                     ~~~~~~~~~~~~~~~~~~~~^~~~~
../Core/Src/stm32l0xx_it.c: At top level:
../Core/Src/stm32l0xx_it.c:335:6: warning: conflicting types for 'ExtractAmplitude'; have 'void(void)'
  335 | void ExtractAmplitude (void){
      |      ^~~~~~~~~~~~~~~~
../Core/Src/stm32l0xx_it.c:238:25: note: previous implicit declaration of 'ExtractAmplitude' with type 'void(void)'
  238 |                         ExtractAmplitude();
      |                         ^~~~~~~~~~~~~~~~
../Core/Src/stm32l0xx_it.c: In function 'ExtractAmplitude':
../Core/Src/stm32l0xx_it.c:341:10: warning: incompatible implicit declaration of built-in function 'printf' [-Wbuiltin-declaration-mismatch]
  341 |          printf("heyeheyextractStep2 \r\n");
      |          ^~~~~~
../Core/Src/stm32l0xx_it.c:341:10: note: include '<stdio.h>' or provide a declaration of 'printf'
../Core/Src/stm32l0xx_it.c:351:16: warning: format '%i' expects argument of type 'int', but argument 2 has type 'uint32_t' {aka 'long unsigned int'} [-Wformat=]
  351 | printf("pixel %i amplitude %i \r\n",i,l_BufferSpecter[i]);
      |               ~^                    ~
      |                |                    |
      |                int                  uint32_t {aka long unsigned int}
      |               %li
arm-none-eabi-gcc -o "Spectrographe.elf" @"objects.list"   -mcpu=cortex-m0plus -T"C:\Users\maxou\OneDrive\Bureau\Projet\STM32\Spectrographe\STM32L073RZTX_FLASH.ld" --specs=nosys.specs -Wl,-Map="Spectrographe.map" -Wl,--gc-sections -static --specs=nano.specs -mfloat-abi=soft -mthumb -Wl,--start-group -lc -lm -Wl,--end-group
Finished building target: Spectrographe.elf
 
arm-none-eabi-size  Spectrographe.elf 
arm-none-eabi-objdump -h -S Spectrographe.elf  > "Spectrographe.list"
   text	   data	    bss	    dec	    hex	filename
  23876	    104	  19872	  43852	   ab4c	Spectrographe.elf
Finished building: default.size.stdout
 
Finished building: Spectrographe.list
 
12:31:47 **** Incremental Build of configuration Debug for project Spectrographe ****
make -j8 all 
arm-none-eabi-gcc "../Core/Src/stm32l0xx_it.c" -mcpu=cortex-m0plus -std=gnu11 -g3 -DDEBUG -DUSE_HAL_DRIVER -DSTM32L073xx -c -I../Core/Inc -I../Drivers/STM32L0xx_HAL_Driver/Inc -I../Drivers/STM32L0xx_HAL_Driver/Inc/Legacy -I../Drivers/CMSIS/Device/ST/STM32L0xx/Include -I../Drivers/CMSIS/Include -O0 -ffunction-sections -fdata-sections -Wall -fstack-usage -fcyclomatic-complexity -MMD -MP -MF"Core/Src/stm32l0xx_it.d" -MT"Core/Src/stm32l0xx_it.o" --specs=nano.specs -mfloat-abi=soft -mthumb -o "Core/Src/stm32l0xx_it.o"
../Core/Src/stm32l0xx_it.c: In function 'TIM21_IRQHandler':
../Core/Src/stm32l0xx_it.c:184:3: warning: implicit declaration of function 'S10077_Conversion'; did you mean 'S10077_StartConversion'? [-Wimplicit-function-declaration]
  184 |   S10077_Conversion();
      |   ^~~~~~~~~~~~~~~~~
      |   S10077_StartConversion
../Core/Src/stm32l0xx_it.c: At top level:
../Core/Src/stm32l0xx_it.c:196:6: warning: conflicting types for 'S10077_Conversion'; have 'void()'
  196 | void S10077_Conversion(){
      |      ^~~~~~~~~~~~~~~~~
../Core/Src/stm32l0xx_it.c:184:3: note: previous implicit declaration of 'S10077_Conversion' with type 'void()'
  184 |   S10077_Conversion();
      |   ^~~~~~~~~~~~~~~~~
../Core/Src/stm32l0xx_it.c: In function 'S10077_Conversion':
../Core/Src/stm32l0xx_it.c:224:69: warning: passing argument 3 of 'HAL_TIM_IC_Start_DMA' from incompatible pointer type [-Wincompatible-pointer-types]
[...]
arm-none-eabi-gcc "../Core/Src/stm32l0xx_hal_msp.c" -mcpu=cortex-m0plus -std=gnu11 -g3 -DDEBUG -DUSE_HAL_DRIVER -DSTM32L073xx -c -I../Core/Inc -I../Drivers/STM32L0xx_HAL_Driver/Inc -I../Drivers/STM32L0xx_HAL_Driver/Inc/Legacy -I../Drivers/CMSIS/Device/ST/STM32L0xx/Include -I../Drivers/CMSIS/Include -O0 -ffunction-sections -fdata-sections -Wall -fstack-usage -fcyclomatic-complexity -MMD -MP -MF"Core/Src/stm32l0xx_hal_msp.d" -MT"Core/Src/stm32l0xx_hal_msp.o" --specs=nano.specs -mfloat-abi=soft -mthumb -o "Core/Src/stm32l0xx_hal_msp.o"
arm-none-eabi-gcc "../Core/Src/stm32l0xx_it.c" -mcpu=cortex-m0plus -std=gnu11 -g3 -DDEBUG -DUSE_HAL_DRIVER -DSTM32L073xx -c -I../Core/Inc -I../Drivers/STM32L0xx_HAL_Driver/Inc -I../Drivers/STM32L0xx_HAL_Driver/Inc/Legacy -I../Drivers/CMSIS/Device/ST/STM32L0xx/Include -I../Drivers/CMSIS/Include -O0 -ffunction-sections -fdata-sections -Wall -fstack-usage -fcyclomatic-complexity -MMD -MP -MF"Core/Src/stm32l0xx_it.d" -MT"Core/Src/stm32l0xx_it.o" --specs=nano.specs -mfloat-abi=soft -mthumb -o "Core/Src/stm32l0xx_it.o"
../Core/Src/main.c: In function 'main':
../Core/Src/main.c:127:2: warning: implicit declaration of function 'TEMOINLED' [-Wimplicit-function-declaration]
  127 |  TEMOINLED(3000);
      |  ^~~~~~~~~
../Core/Src/main.c: At top level:
../Core/Src/main.c:460:6: warning: conflicting types for 'TEMOINLED'; have 'void(int)'
  460 | void TEMOINLED(int x_blinktime){
      |      ^~~~~~~~~
../Core/Src/main.c:127:2: note: previous implicit declaration of 'TEMOINLED' with type 'void(int)'
  127 |  TEMOINLED(3000);
      |  ^~~~~~~~~
../Core/Src/stm32l0xx_it.c: In function 'S10077_Conversion':
../Core/Src/stm32l0xx_it.c:243:25: warning: implicit declaration of function 'ExtractAmplitude' [-Wimplicit-function-declaration]
  243 |                         ExtractAmplitude();
      |                         ^~~~~~~~~~~~~~~~
In file included from ../Drivers/CMSIS/Device/ST/STM32L0xx/Include/stm32l0xx.h:151,
                 from ../Drivers/STM32L0xx_HAL_Driver/Inc/stm32l0xx_hal_def.h:29,
                 from ../Drivers/STM32L0xx_HAL_Driver/Inc/stm32l0xx_hal_rcc.h:27,
                 from ../Core/Inc/stm32l0xx_hal_conf.h:188,
                 from ../Drivers/STM32L0xx_HAL_Driver/Inc/stm32l0xx_hal.h:29,
                 from ../Core/Inc/main.h:30,
                 from ../Core/Src/stm32l0xx_it.c:21:
../Core/Src/stm32l0xx_it.c: In function 'SendPixelData':
../Drivers/CMSIS/Device/ST/STM32L0xx/Include/stm32l073xx.h:720:29: warning: passing argument 1 of 'HAL_UART_Transmit' from incompatible pointer type [-Wincompatible-pointer-types]
  720 | #define USART2              ((USART_TypeDef *) USART2_BASE)
      |                             ^~~~~~~~~~~~~~~~~~~~~~~~~~~~~~~
      |                             |
      |                             USART_TypeDef *
../Core/Src/stm32l0xx_it.c:339:23: note: in expansion of macro 'USART2'
  339 |     HAL_UART_Transmit(USART2, data, 3, HAL_MAX_DELAY);
      |                       ^~~~~~
In file included from ../Core/Inc/stm32l0xx_hal_conf.h:281:
../Drivers/STM32L0xx_HAL_Driver/Inc/stm32l0xx_hal_uart.h:1510:57: note: expected 'UART_HandleTypeDef *' {aka 'struct __UART_HandleTypeDef *'} but argument is of type 'USART_TypeDef *'
 1510 | HAL_StatusTypeDef HAL_UART_Transmit(UART_HandleTypeDef *huart, const uint8_t *pData, uint16_t Size, uint32_t Timeout);
      |                                     ~~~~~~~~~~~~~~~~~~~~^~~~~
../Core/Src/stm32l0xx_it.c: At top level:
../Core/Src/stm32l0xx_it.c:342:6: warning: conflicting types for 'ExtractAmplitude'; have 'void(void)'
  342 | void ExtractAmplitude (void){
      |      ^~~~~~~~~~~~~~~~
../Core/Src/stm32l0xx_it.c:243:25: note: previous implicit declaration of 'ExtractAmplitude' with type 'void(void)'
  243 |                         ExtractAmplitude();
      |                         ^~~~~~~~~~~~~~~~
../Core/Src/stm32l0xx_it.c: In function 'ExtractAmplitude':
../Core/Src/stm32l0xx_it.c:358:16: warning: format '%i' expects argument of type 'int', but argument 2 has type 'uint32_t' {aka 'long unsigned int'} [-Wformat=]
  358 | printf("pixel %i amplitude %i \r\n",i,l_BufferSpecter[i]);
      |               ~^                    ~
      |                |                    |
      |                int                  uint32_t {aka long unsigned int}
      |               %li
arm-none-eabi-gcc -o "Spectrographe.elf" @"objects.list"   -mcpu=cortex-m0plus -T"C:\Users\maxou\OneDrive\Bureau\Projet\STM32\Spectrographe\STM32L073RZTX_FLASH.ld" --specs=nosys.specs -Wl,-Map="Spectrographe.map" -Wl,--gc-sections -static --specs=nano.specs -mfloat-abi=soft -mthumb -Wl,--start-group -lc -lm -Wl,--end-group
Finished building target: Spectrographe.elf
 
arm-none-eabi-size  Spectrographe.elf 
arm-none-eabi-objdump -h -S Spectrographe.elf  > "Spectrographe.list"
   text	   data	    bss	    dec	    hex	filename
  23892	    104	  11368	  35364	   8a24	Spectrographe.elf
Finished building: default.size.stdout
 
Finished building: Spectrographe.list
 
17:57:12 **** Incremental Build of configuration Debug for project Spectrographe ****
make -j8 all 
arm-none-eabi-gcc "../Core/Src/main.c" -mcpu=cortex-m0plus -std=gnu11 -g3 -DDEBUG -DUSE_HAL_DRIVER -DSTM32L073xx -c -I../Core/Inc -I../Drivers/STM32L0xx_HAL_Driver/Inc -I../Drivers/STM32L0xx_HAL_Driver/Inc/Legacy -I../Drivers/CMSIS/Device/ST/STM32L0xx/Include -I../Drivers/CMSIS/Include -O0 -ffunction-sections -fdata-sections -Wall -fstack-usage -fcyclomatic-complexity -MMD -MP -MF"Core/Src/main.d" -MT"Core/Src/main.o" --specs=nano.specs -mfloat-abi=soft -mthumb -o "Core/Src/main.o"
../Core/Src/main.c: In function 'main':
../Core/Src/main.c:127:2: warning: implicit declaration of function 'TEMOINLED' [-Wimplicit-function-declaration]
  127 |  TEMOINLED(3000);
      |  ^~~~~~~~~
../Core/Src/main.c: At top level:
../Core/Src/main.c:460:6: warning: conflicting types for 'TEMOINLED'; have 'void(int)'
  460 | void TEMOINLED(int x_blinktime){
      |      ^~~~~~~~~
../Core/Src/main.c:127:2: note: previous implicit declaration of 'TEMOINLED' with type 'void(int)'
  127 |  TEMOINLED(3000);
      |  ^~~~~~~~~
arm-none-eabi-gcc -o "Spectrographe.elf" @"objects.list"   -mcpu=cortex-m0plus -T"C:\Users\maxou\OneDrive\Bureau\Projet\STM32\Spectrographe\STM32L073RZTX_FLASH.ld" --specs=nosys.specs -Wl,-Map="Spectrographe.map" -Wl,--gc-sections -static --specs=nano.specs -mfloat-abi=soft -mthumb -Wl,--start-group -lc -lm -Wl,--end-group
Finished building target: Spectrographe.elf
 
arm-none-eabi-size  Spectrographe.elf 
arm-none-eabi-objdump -h -S Spectrographe.elf  > "Spectrographe.list"
   text	   data	    bss	    dec	    hex	filename
  23892	    104	  11368	  35364	   8a24	Spectrographe.elf
Finished building: default.size.stdout
 
Finished building: Spectrographe.list
 
17:57:58 **** Incremental Build of configuration Debug for project Spectrographe ****
make -j8 all 
arm-none-eabi-gcc "../Core/Src/main.c" -mcpu=cortex-m0plus -std=gnu11 -g3 -DDEBUG -DUSE_HAL_DRIVER -DSTM32L073xx -c -I../Core/Inc -I../Drivers/STM32L0xx_HAL_Driver/Inc -I../Drivers/STM32L0xx_HAL_Driver/Inc/Legacy -I../Drivers/CMSIS/Device/ST/STM32L0xx/Include -I../Drivers/CMSIS/Include -O0 -ffunction-sections -fdata-sections -Wall -fstack-usage -fcyclomatic-complexity -MMD -MP -MF"Core/Src/main.d" -MT"Core/Src/main.o" --specs=nano.specs -mfloat-abi=soft -mthumb -o "Core/Src/main.o"
../Core/Src/main.c: In function 'main':
../Core/Src/main.c:127:2: warning: implicit declaration of function 'TEMOINLED' [-Wimplicit-function-declaration]
  127 |  TEMOINLED(3000);
      |  ^~~~~~~~~
../Core/Src/main.c: At top level:
../Core/Src/main.c:460:6: warning: conflicting types for 'TEMOINLED'; have 'void(int)'
  460 | void TEMOINLED(int x_blinktime){
      |      ^~~~~~~~~
../Core/Src/main.c:127:2: note: previous implicit declaration of 'TEMOINLED' with type 'void(int)'
  127 |  TEMOINLED(3000);
      |  ^~~~~~~~~
arm-none-eabi-gcc -o "Spectrographe.elf" @"objects.list"   -mcpu=cortex-m0plus -T"C:\Users\maxou\OneDrive\Bureau\Projet\STM32\Spectrographe\STM32L073RZTX_FLASH.ld" --specs=nosys.specs -Wl,-Map="Spectrographe.map" -Wl,--gc-sections -static --specs=nano.specs -mfloat-abi=soft -mthumb -Wl,--start-group -lc -lm -Wl,--end-group
Finished building target: Spectrographe.elf
 
arm-none-eabi-size  Spectrographe.elf 
arm-none-eabi-objdump -h -S Spectrographe.elf  > "Spectrographe.list"
   text	   data	    bss	    dec	    hex	filename
  23892	    104	  11368	  35364	   8a24	Spectrographe.elf
Finished building: default.size.stdout
 
Finished building: Spectrographe.list
 
17:58:37 **** Incremental Build of configuration Debug for project Spectrographe ****
make -j8 all 
arm-none-eabi-size  Spectrographe.elf 
   text	   data	    bss	    dec	    hex	filename
  23892	    104	  11368	  35364	   8a24	Spectrographe.elf
Finished building: default.size.stdout
 
18:00:04 **** Incremental Build of configuration Debug for project Spectrographe ****
make -j8 all 
arm-none-eabi-gcc "../Core/Src/main.c" -mcpu=cortex-m0plus -std=gnu11 -g3 -DDEBUG -DUSE_HAL_DRIVER -DSTM32L073xx -c -I../Core/Inc -I../Drivers/STM32L0xx_HAL_Driver/Inc -I../Drivers/STM32L0xx_HAL_Driver/Inc/Legacy -I../Drivers/CMSIS/Device/ST/STM32L0xx/Include -I../Drivers/CMSIS/Include -O0 -ffunction-sections -fdata-sections -Wall -fstack-usage -fcyclomatic-complexity -MMD -MP -MF"Core/Src/main.d" -MT"Core/Src/main.o" --specs=nano.specs -mfloat-abi=soft -mthumb -o "Core/Src/main.o"
../Core/Src/main.c: In function 'main':
../Core/Src/main.c:127:2: warning: implicit declaration of function 'TEMOINLED' [-Wimplicit-function-declaration]
  127 |  TEMOINLED(3000);
      |  ^~~~~~~~~
../Core/Src/main.c: At top level:
../Core/Src/main.c:460:6: warning: conflicting types for 'TEMOINLED'; have 'void(int)'
  460 | void TEMOINLED(int x_blinktime){
      |      ^~~~~~~~~
../Core/Src/main.c:127:2: note: previous implicit declaration of 'TEMOINLED' with type 'void(int)'
  127 |  TEMOINLED(3000);
      |  ^~~~~~~~~
arm-none-eabi-gcc -o "Spectrographe.elf" @"objects.list"   -mcpu=cortex-m0plus -T"C:\Users\maxou\OneDrive\Bureau\Projet\STM32\Spectrographe\STM32L073RZTX_FLASH.ld" --specs=nosys.specs -Wl,-Map="Spectrographe.map" -Wl,--gc-sections -static --specs=nano.specs -mfloat-abi=soft -mthumb -Wl,--start-group -lc -lm -Wl,--end-group
Finished building target: Spectrographe.elf
 
arm-none-eabi-size  Spectrographe.elf 
arm-none-eabi-objdump -h -S Spectrographe.elf  > "Spectrographe.list"
   text	   data	    bss	    dec	    hex	filename
  23892	    104	  11368	  35364	   8a24	Spectrographe.elf
Finished building: default.size.stdout
 
Finished building: Spectrographe.list
 
18:01:11 **** Incremental Build of configuration Debug for project Spectrographe ****
make -j8 all 
arm-none-eabi-size  Spectrographe.elf 
   text	   data	    bss	    dec	    hex	filename
  23892	    104	  11368	  35364	   8a24	Spectrographe.elf
Finished building: default.size.stdout
 
18:08:09 **** Incremental Build of configuration Debug for project Spectrographe ****
make -j8 all 
arm-none-eabi-size  Spectrographe.elf 
   text	   data	    bss	    dec	    hex	filename
  23892	    104	  11368	  35364	   8a24	Spectrographe.elf
Finished building: default.size.stdout
 
18:09:08 **** Incremental Build of configuration Debug for project Spectrographe ****
make -j8 all 
arm-none-eabi-size  Spectrographe.elf 
   text	   data	    bss	    dec	    hex	filename
  23892	    104	  11368	  35364	   8a24	Spectrographe.elf
Finished building: default.size.stdout
 
20:09:31 **** Incremental Build of configuration Debug for project Spectrographe ****
make -j8 all 
arm-none-eabi-gcc "../Core/Src/main.c" -mcpu=cortex-m0plus -std=gnu11 -g3 -DDEBUG -DUSE_HAL_DRIVER -DSTM32L073xx -c -I../Core/Inc -I../Drivers/STM32L0xx_HAL_Driver/Inc -I../Drivers/STM32L0xx_HAL_Driver/Inc/Legacy -I../Drivers/CMSIS/Device/ST/STM32L0xx/Include -I../Drivers/CMSIS/Include -O0 -ffunction-sections -fdata-sections -Wall -fstack-usage -fcyclomatic-complexity -MMD -MP -MF"Core/Src/main.d" -MT"Core/Src/main.o" --specs=nano.specs -mfloat-abi=soft -mthumb -o "Core/Src/main.o"
arm-none-eabi-gcc "../Core/Src/stm32l0xx_hal_msp.c" -mcpu=cortex-m0plus -std=gnu11 -g3 -DDEBUG -DUSE_HAL_DRIVER -DSTM32L073xx -c -I../Core/Inc -I../Drivers/STM32L0xx_HAL_Driver/Inc -I../Drivers/STM32L0xx_HAL_Driver/Inc/Legacy -I../Drivers/CMSIS/Device/ST/STM32L0xx/Include -I../Drivers/CMSIS/Include -O0 -ffunction-sections -fdata-sections -Wall -fstack-usage -fcyclomatic-complexity -MMD -MP -MF"Core/Src/stm32l0xx_hal_msp.d" -MT"Core/Src/stm32l0xx_hal_msp.o" --specs=nano.specs -mfloat-abi=soft -mthumb -o "Core/Src/stm32l0xx_hal_msp.o"
arm-none-eabi-gcc "../Core/Src/stm32l0xx_it.c" -mcpu=cortex-m0plus -std=gnu11 -g3 -DDEBUG -DUSE_HAL_DRIVER -DSTM32L073xx -c -I../Core/Inc -I../Drivers/STM32L0xx_HAL_Driver/Inc -I../Drivers/STM32L0xx_HAL_Driver/Inc/Legacy -I../Drivers/CMSIS/Device/ST/STM32L0xx/Include -I../Drivers/CMSIS/Include -O0 -ffunction-sections -fdata-sections -Wall -fstack-usage -fcyclomatic-complexity -MMD -MP -MF"Core/Src/stm32l0xx_it.d" -MT"Core/Src/stm32l0xx_it.o" --specs=nano.specs -mfloat-abi=soft -mthumb -o "Core/Src/stm32l0xx_it.o"
../Core/Src/main.c: In function 'main':
../Core/Src/main.c:127:2: warning: implicit declaration of function 'TEMOINLED' [-Wimplicit-function-declaration]
  127 |  TEMOINLED(3000);
      |  ^~~~~~~~~
../Core/Src/main.c: At top level:
../Core/Src/main.c:460:6: warning: conflicting types for 'TEMOINLED'; have 'void(int)'
  460 | void TEMOINLED(int x_blinktime){
      |      ^~~~~~~~~
../Core/Src/main.c:127:2: note: previous implicit declaration of 'TEMOINLED' with type 'void(int)'
  127 |  TEMOINLED(3000);
      |  ^~~~~~~~~
../Core/Src/stm32l0xx_it.c: In function 'S10077_Conversion':
../Core/Src/stm32l0xx_it.c:243:25: warning: implicit declaration of function 'ExtractAmplitude' [-Wimplicit-function-declaration]
  243 |                         ExtractAmplitude();
      |                         ^~~~~~~~~~~~~~~~
In file included from ../Drivers/CMSIS/Device/ST/STM32L0xx/Include/stm32l0xx.h:151,
                 from ../Drivers/STM32L0xx_HAL_Driver/Inc/stm32l0xx_hal_def.h:29,
                 from ../Drivers/STM32L0xx_HAL_Driver/Inc/stm32l0xx_hal_rcc.h:27,
                 from ../Core/Inc/stm32l0xx_hal_conf.h:188,
                 from ../Drivers/STM32L0xx_HAL_Driver/Inc/stm32l0xx_hal.h:29,
                 from ../Core/Inc/main.h:30,
                 from ../Core/Src/stm32l0xx_it.c:21:
../Core/Src/stm32l0xx_it.c: In function 'SendPixelData':
../Drivers/CMSIS/Device/ST/STM32L0xx/Include/stm32l073xx.h:720:29: warning: passing argument 1 of 'HAL_UART_Transmit' from incompatible pointer type [-Wincompatible-pointer-types]
  720 | #define USART2              ((USART_TypeDef *) USART2_BASE)
      |                             ^~~~~~~~~~~~~~~~~~~~~~~~~~~~~~~
      |                             |
      |                             USART_TypeDef *
../Core/Src/stm32l0xx_it.c:339:23: note: in expansion of macro 'USART2'
  339 |     HAL_UART_Transmit(USART2, data, 3, HAL_MAX_DELAY);
      |                       ^~~~~~
In file included from ../Core/Inc/stm32l0xx_hal_conf.h:281:
../Drivers/STM32L0xx_HAL_Driver/Inc/stm32l0xx_hal_uart.h:1510:57: note: expected 'UART_HandleTypeDef *' {aka 'struct __UART_HandleTypeDef *'} but argument is of type 'USART_TypeDef *'
 1510 | HAL_StatusTypeDef HAL_UART_Transmit(UART_HandleTypeDef *huart, const uint8_t *pData, uint16_t Size, uint32_t Timeout);
      |                                     ~~~~~~~~~~~~~~~~~~~~^~~~~
../Core/Src/stm32l0xx_it.c: At top level:
../Core/Src/stm32l0xx_it.c:342:6: warning: conflicting types for 'ExtractAmplitude'; have 'void(void)'
  342 | void ExtractAmplitude (void){
      |      ^~~~~~~~~~~~~~~~
../Core/Src/stm32l0xx_it.c:243:25: note: previous implicit declaration of 'ExtractAmplitude' with type 'void(void)'
  243 |                         ExtractAmplitude();
      |                         ^~~~~~~~~~~~~~~~
../Core/Src/stm32l0xx_it.c: In function 'ExtractAmplitude':
../Core/Src/stm32l0xx_it.c:358:16: warning: format '%i' expects argument of type 'int', but argument 2 has type 'uint32_t' {aka 'long unsigned int'} [-Wformat=]
  358 | printf("pixel %i amplitude %i \r\n",i,l_BufferSpecter[i]);
      |               ~^                    ~
      |                |                    |
      |                int                  uint32_t {aka long unsigned int}
      |               %li
arm-none-eabi-gcc -o "Spectrographe.elf" @"objects.list"   -mcpu=cortex-m0plus -T"C:\Users\maxou\OneDrive\Bureau\Projet\STM32\Spectrographe\STM32L073RZTX_FLASH.ld" --specs=nosys.specs -Wl,-Map="Spectrographe.map" -Wl,--gc-sections -static --specs=nano.specs -mfloat-abi=soft -mthumb -Wl,--start-group -lc -lm -Wl,--end-group
Finished building target: Spectrographe.elf
 
arm-none-eabi-size  Spectrographe.elf 
arm-none-eabi-objdump -h -S Spectrographe.elf  > "Spectrographe.list"
   text	   data	    bss	    dec	    hex	filename
  23896	    104	  11368	  35368	   8a28	Spectrographe.elf
Finished building: default.size.stdout
 
Finished building: Spectrographe.list
 
21:52:22 **** Incremental Build of configuration Debug for project Spectrographe ****
make -j8 all 
arm-none-eabi-size  Spectrographe.elf 
   text	   data	    bss	    dec	    hex	filename
  23896	    104	  11368	  35368	   8a28	Spectrographe.elf
Finished building: default.size.stdout
 
22:08:22 **** Incremental Build of configuration Debug for project Spectrographe ****
make -j8 all 
arm-none-eabi-gcc "../Core/Src/main.c" -mcpu=cortex-m0plus -std=gnu11 -g3 -DDEBUG -DUSE_HAL_DRIVER -DSTM32L073xx -c -I../Core/Inc -I../Drivers/STM32L0xx_HAL_Driver/Inc -I../Drivers/STM32L0xx_HAL_Driver/Inc/Legacy -I../Drivers/CMSIS/Device/ST/STM32L0xx/Include -I../Drivers/CMSIS/Include -O0 -ffunction-sections -fdata-sections -Wall -fstack-usage -fcyclomatic-complexity -MMD -MP -MF"Core/Src/main.d" -MT"Core/Src/main.o" --specs=nano.specs -mfloat-abi=soft -mthumb -o "Core/Src/main.o"
../Core/Src/main.c: In function 'main':
../Core/Src/main.c:127:2: warning: implicit declaration of function 'TEMOINLED' [-Wimplicit-function-declaration]
  127 |  TEMOINLED(3000);
      |  ^~~~~~~~~
../Core/Src/main.c: At top level:
../Core/Src/main.c:460:6: warning: conflicting types for 'TEMOINLED'; have 'void(int)'
  460 | void TEMOINLED(int x_blinktime){
      |      ^~~~~~~~~
../Core/Src/main.c:127:2: note: previous implicit declaration of 'TEMOINLED' with type 'void(int)'
  127 |  TEMOINLED(3000);
      |  ^~~~~~~~~
arm-none-eabi-gcc -o "Spectrographe.elf" @"objects.list"   -mcpu=cortex-m0plus -T"C:\Users\maxou\OneDrive\Bureau\Projet\STM32\Spectrographe\STM32L073RZTX_FLASH.ld" --specs=nosys.specs -Wl,-Map="Spectrographe.map" -Wl,--gc-sections -static --specs=nano.specs -mfloat-abi=soft -mthumb -Wl,--start-group -lc -lm -Wl,--end-group
Finished building target: Spectrographe.elf
 
arm-none-eabi-size  Spectrographe.elf 
arm-none-eabi-objdump -h -S Spectrographe.elf  > "Spectrographe.list"
   text	   data	    bss	    dec	    hex	filename
  23896	    104	  11368	  35368	   8a28	Spectrographe.elf
Finished building: default.size.stdout
 
Finished building: Spectrographe.list
 
22:19:49 **** Incremental Build of configuration Debug for project Spectrographe ****
make -j8 all 
arm-none-eabi-size  Spectrographe.elf 
   text	   data	    bss	    dec	    hex	filename
  23896	    104	  11368	  35368	   8a28	Spectrographe.elf
Finished building: default.size.stdout
 
22:25:14 **** Incremental Build of configuration Debug for project Spectrographe ****
make -j8 all 
arm-none-eabi-size  Spectrographe.elf 
   text	   data	    bss	    dec	    hex	filename
  23896	    104	  11368	  35368	   8a28	Spectrographe.elf
Finished building: default.size.stdout
 
