18:39:56 **** Clean-only build of configuration Debug for project SpectrographeV2 ****
make -j4 clean 
rm -rf ./Drivers/STM32L0xx_HAL_Driver/Src/stm32l0xx_hal.cyclo ./Drivers/STM32L0xx_HAL_Driver/Src/stm32l0xx_hal.d ./Drivers/STM32L0xx_HAL_Driver/Src/stm32l0xx_hal.o ./Drivers/STM32L0xx_HAL_Driver/Src/stm32l0xx_hal.su ./Drivers/STM32L0xx_HAL_Driver/Src/stm32l0xx_hal_cortex.cyclo ./Drivers/STM32L0xx_HAL_Driver/Src/stm32l0xx_hal_cortex.d ./Drivers/STM32L0xx_HAL_Driver/Src/stm32l0xx_hal_cortex.o ./Drivers/STM32L0xx_HAL_Driver/Src/stm32l0xx_hal_cortex.su ./Drivers/STM32L0xx_HAL_Driver/Src/stm32l0xx_hal_dma.cyclo ./Drivers/STM32L0xx_HAL_Driver/Src/stm32l0xx_hal_dma.d ./Drivers/STM32L0xx_HAL_Driver/Src/stm32l0xx_hal_dma.o ./Drivers/STM32L0xx_HAL_Driver/Src/stm32l0xx_hal_dma.su ./Drivers/STM32L0xx_HAL_Driver/Src/stm32l0xx_hal_exti.cyclo ./Drivers/STM32L0xx_HAL_Driver/Src/stm32l0xx_hal_exti.d ./Drivers/STM32L0xx_HAL_Driver/Src/stm32l0xx_hal_exti.o ./Drivers/STM32L0xx_HAL_Driver/Src/stm32l0xx_hal_exti.su ./Drivers/STM32L0xx_HAL_Driver/Src/stm32l0xx_hal_flash.cyclo ./Drivers/STM32L0xx_HAL_Driver/Src/stm32l0xx_hal_flash.d ./Drivers/STM32L0xx_HAL_Driver/Src/stm32l0xx_hal_flash.o ./Drivers/STM32L0xx_HAL_Driver/Src/stm32l0xx_hal_flash.su ./Drivers/STM32L0xx_HAL_Driver/Src/stm32l0xx_hal_flash_ex.cyclo ./Drivers/STM32L0xx_HAL_Driver/Src/stm32l0xx_hal_flash_ex.d ./Drivers/STM32L0xx_HAL_Driver/Src/stm32l0xx_hal_flash_ex.o ./Drivers/STM32L0xx_HAL_Driver/Src/stm32l0xx_hal_flash_ex.su ./Drivers/STM32L0xx_HAL_Driver/Src/stm32l0xx_hal_flash_ramfunc.cyclo ./Drivers/STM32L0xx_HAL_Driver/Src/stm32l0xx_hal_flash_ramfunc.d ./Drivers/STM32L0xx_HAL_Driver/Src/stm32l0xx_hal_flash_ramfunc.o ./Drivers/STM32L0xx_HAL_Driver/Src/stm32l0xx_hal_flash_ramfunc.su ./Drivers/STM32L0xx_HAL_Driver/Src/stm32l0xx_hal_gpio.cyclo ./Drivers/STM32L0xx_HAL_Driver/Src/stm32l0xx_hal_gpio.d ./Drivers/STM32L0xx_HAL_Driver/Src/stm32l0xx_hal_gpio.o ./Drivers/STM32L0xx_HAL_Driver/Src/stm32l0xx_hal_gpio.su ./Drivers/STM32L0xx_HAL_Driver/Src/stm32l0xx_hal_i2c.cyclo ./Drivers/STM32L0xx_HAL_Driver/Src/stm32l0xx_hal_i2c.d ./Drivers/STM32L0xx_HAL_Driver/Src/stm32l0xx_hal_i2c.o ./Drivers/STM32L0xx_HAL_Driver/Src/stm32l0xx_hal_i2c.su ./Drivers/STM32L0xx_HAL_Driver/Src/stm32l0xx_hal_i2c_ex.cyclo ./Drivers/STM32L0xx_HAL_Driver/Src/stm32l0xx_hal_i2c_ex.d ./Drivers/STM32L0xx_HAL_Driver/Src/stm32l0xx_hal_i2c_ex.o ./Drivers/STM32L0xx_HAL_Driver/Src/stm32l0xx_hal_i2c_ex.su ./Drivers/STM32L0xx_HAL_Driver/Src/stm32l0xx_hal_pwr.cyclo ./Drivers/STM32L0xx_HAL_Driver/Src/stm32l0xx_hal_pwr.d ./Drivers/STM32L0xx_HAL_Driver/Src/stm32l0xx_hal_pwr.o ./Drivers/STM32L0xx_HAL_Driver/Src/stm32l0xx_hal_pwr.su ./Drivers/STM32L0xx_HAL_Driver/Src/stm32l0xx_hal_pwr_ex.cyclo ./Drivers/STM32L0xx_HAL_Driver/Src/stm32l0xx_hal_pwr_ex.d ./Drivers/STM32L0xx_HAL_Driver/Src/stm32l0xx_hal_pwr_ex.o ./Drivers/STM32L0xx_HAL_Driver/Src/stm32l0xx_hal_pwr_ex.su ./Drivers/STM32L0xx_HAL_Driver/Src/stm32l0xx_hal_rcc.cyclo ./Drivers/STM32L0xx_HAL_Driver/Src/stm32l0xx_hal_rcc.d ./Drivers/STM32L0xx_HAL_Driver/Src/stm32l0xx_hal_rcc.o ./Drivers/STM32L0xx_HAL_Driver/Src/stm32l0xx_hal_rcc.su ./Drivers/STM32L0xx_HAL_Driver/Src/stm32l0xx_hal_rcc_ex.cyclo ./Drivers/STM32L0xx_HAL_Driver/Src/stm32l0xx_hal_rcc_ex.d ./Drivers/STM32L0xx_HAL_Driver/Src/stm32l0xx_hal_rcc_ex.o ./Drivers/STM32L0xx_HAL_Driver/Src/stm32l0xx_hal_rcc_ex.su ./Drivers/STM32L0xx_HAL_Driver/Src/stm32l0xx_hal_tim.cyclo ./Drivers/STM32L0xx_HAL_Driver/Src/stm32l0xx_hal_tim.d ./Drivers/STM32L0xx_HAL_Driver/Src/stm32l0xx_hal_tim.o ./Drivers/STM32L0xx_HAL_Driver/Src/stm32l0xx_hal_tim.su ./Drivers/STM32L0xx_HAL_Driver/Src/stm32l0xx_hal_tim_ex.cyclo ./Drivers/STM32L0xx_HAL_Driver/Src/stm32l0xx_hal_tim_ex.d ./Drivers/STM32L0xx_HAL_Driver/Src/stm32l0xx_hal_tim_ex.o ./Drivers/STM32L0xx_HAL_Driver/Src/stm32l0xx_hal_tim_ex.su ./Drivers/STM32L0xx_HAL_Driver/Src/stm32l0xx_hal_uart.cyclo ./Drivers/STM32L0xx_HAL_Driver/Src/stm32l0xx_hal_uart.d ./Drivers/STM32L0xx_HAL_Driver/Src/stm32l0xx_hal_uart.o ./Drivers/STM32L0xx_HAL_Driver/Src/stm32l0xx_hal_uart.su ./Drivers/STM32L0xx_HAL_Driver/Src/stm32l0xx_hal_uart_ex.cyclo ./Drivers/STM32L0xx_HAL_Driver/Src/stm32l0xx_hal_uart_ex.d ./Drivers/STM32L0xx_HAL_Driver/Src/stm32l0xx_hal_uart_ex.o ./Drivers/STM32L0xx_HAL_Driver/Src/stm32l0xx_hal_uart_ex.su
rm -rf ./Core/Startup/startup_stm32l073rztx.d ./Core/Startup/startup_stm32l073rztx.o
rm -rf ./Core/Src/dma.cyclo ./Core/Src/dma.d ./Core/Src/dma.o ./Core/Src/dma.su ./Core/Src/gpio.cyclo ./Core/Src/gpio.d ./Core/Src/gpio.o ./Core/Src/gpio.su ./Core/Src/main.cyclo ./Core/Src/main.d ./Core/Src/main.o ./Core/Src/main.su ./Core/Src/stm32l0xx_hal_msp.cyclo ./Core/Src/stm32l0xx_hal_msp.d ./Core/Src/stm32l0xx_hal_msp.o ./Core/Src/stm32l0xx_hal_msp.su ./Core/Src/stm32l0xx_it.cyclo ./Core/Src/stm32l0xx_it.d ./Core/Src/stm32l0xx_it.o ./Core/Src/stm32l0xx_it.su ./Core/Src/syscalls.cyclo ./Core/Src/syscalls.d ./Core/Src/syscalls.o ./Core/Src/syscalls.su ./Core/Src/sysmem.cyclo ./Core/Src/sysmem.d ./Core/Src/sysmem.o ./Core/Src/sysmem.su ./Core/Src/system_stm32l0xx.cyclo ./Core/Src/system_stm32l0xx.d ./Core/Src/system_stm32l0xx.o ./Core/Src/system_stm32l0xx.su ./Core/Src/tim.cyclo ./Core/Src/tim.d ./Core/Src/tim.o ./Core/Src/tim.su ./Core/Src/usart.cyclo ./Core/Src/usart.d ./Core/Src/usart.o ./Core/Src/usart.su
rm -rf SpectrographeV2.elf SpectrographeV2.list SpectrographeV2.map default.size.stdout
 
18:39:57 **** Build of configuration Debug for project SpectrographeV2 ****
make -j4 all 
arm-none-eabi-gcc "../Drivers/STM32L0xx_HAL_Driver/Src/stm32l0xx_hal.c" -mcpu=cortex-m0plus -std=gnu11 -g3 -DDEBUG -DUSE_HAL_DRIVER -DSTM32L073xx -c -I../Core/Inc -I../Drivers/STM32L0xx_HAL_Driver/Inc -I../Drivers/STM32L0xx_HAL_Driver/Inc/Legacy -I../Drivers/CMSIS/Device/ST/STM32L0xx/Include -I../Drivers/CMSIS/Include -O0 -ffunction-sections -fdata-sections -Wall -fstack-usage -fcyclomatic-complexity -MMD -MP -MF"Drivers/STM32L0xx_HAL_Driver/Src/stm32l0xx_hal.d" -MT"Drivers/STM32L0xx_HAL_Driver/Src/stm32l0xx_hal.o" --specs=nano.specs -mfloat-abi=soft -mthumb -o "Drivers/STM32L0xx_HAL_Driver/Src/stm32l0xx_hal.o"
arm-none-eabi-gcc "../Drivers/STM32L0xx_HAL_Driver/Src/stm32l0xx_hal_cortex.c" -mcpu=cortex-m0plus -std=gnu11 -g3 -DDEBUG -DUSE_HAL_DRIVER -DSTM32L073xx -c -I../Core/Inc -I../Drivers/STM32L0xx_HAL_Driver/Inc -I../Drivers/STM32L0xx_HAL_Driver/Inc/Legacy -I../Drivers/CMSIS/Device/ST/STM32L0xx/Include -I../Drivers/CMSIS/Include -O0 -ffunction-sections -fdata-sections -Wall -fstack-usage -fcyclomatic-complexity -MMD -MP -MF"Drivers/STM32L0xx_HAL_Driver/Src/stm32l0xx_hal_cortex.d" -MT"Drivers/STM32L0xx_HAL_Driver/Src/stm32l0xx_hal_cortex.o" --specs=nano.specs -mfloat-abi=soft -mthumb -o "Drivers/STM32L0xx_HAL_Driver/Src/stm32l0xx_hal_cortex.o"
arm-none-eabi-gcc "../Drivers/STM32L0xx_HAL_Driver/Src/stm32l0xx_hal_dma.c" -mcpu=cortex-m0plus -std=gnu11 -g3 -DDEBUG -DUSE_HAL_DRIVER -DSTM32L073xx -c -I../Core/Inc -I../Drivers/STM32L0xx_HAL_Driver/Inc -I../Drivers/STM32L0xx_HAL_Driver/Inc/Legacy -I../Drivers/CMSIS/Device/ST/STM32L0xx/Include -I../Drivers/CMSIS/Include -O0 -ffunction-sections -fdata-sections -Wall -fstack-usage -fcyclomatic-complexity -MMD -MP -MF"Drivers/STM32L0xx_HAL_Driver/Src/stm32l0xx_hal_dma.d" -MT"Drivers/STM32L0xx_HAL_Driver/Src/stm32l0xx_hal_dma.o" --specs=nano.specs -mfloat-abi=soft -mthumb -o "Drivers/STM32L0xx_HAL_Driver/Src/stm32l0xx_hal_dma.o"
arm-none-eabi-gcc "../Drivers/STM32L0xx_HAL_Driver/Src/stm32l0xx_hal_exti.c" -mcpu=cortex-m0plus -std=gnu11 -g3 -DDEBUG -DUSE_HAL_DRIVER -DSTM32L073xx -c -I../Core/Inc -I../Drivers/STM32L0xx_HAL_Driver/Inc -I../Drivers/STM32L0xx_HAL_Driver/Inc/Legacy -I../Drivers/CMSIS/Device/ST/STM32L0xx/Include -I../Drivers/CMSIS/Include -O0 -ffunction-sections -fdata-sections -Wall -fstack-usage -fcyclomatic-complexity -MMD -MP -MF"Drivers/STM32L0xx_HAL_Driver/Src/stm32l0xx_hal_exti.d" -MT"Drivers/STM32L0xx_HAL_Driver/Src/stm32l0xx_hal_exti.o" --specs=nano.specs -mfloat-abi=soft -mthumb -o "Drivers/STM32L0xx_HAL_Driver/Src/stm32l0xx_hal_exti.o"
arm-none-eabi-gcc "../Drivers/STM32L0xx_HAL_Driver/Src/stm32l0xx_hal_flash.c" -mcpu=cortex-m0plus -std=gnu11 -g3 -DDEBUG -DUSE_HAL_DRIVER -DSTM32L073xx -c -I../Core/Inc -I../Drivers/STM32L0xx_HAL_Driver/Inc -I../Drivers/STM32L0xx_HAL_Driver/Inc/Legacy -I../Drivers/CMSIS/Device/ST/STM32L0xx/Include -I../Drivers/CMSIS/Include -O0 -ffunction-sections -fdata-sections -Wall -fstack-usage -fcyclomatic-complexity -MMD -MP -MF"Drivers/STM32L0xx_HAL_Driver/Src/stm32l0xx_hal_flash.d" -MT"Drivers/STM32L0xx_HAL_Driver/Src/stm32l0xx_hal_flash.o" --specs=nano.specs -mfloat-abi=soft -mthumb -o "Drivers/STM32L0xx_HAL_Driver/Src/stm32l0xx_hal_flash.o"
arm-none-eabi-gcc "../Drivers/STM32L0xx_HAL_Driver/Src/stm32l0xx_hal_flash_ex.c" -mcpu=cortex-m0plus -std=gnu11 -g3 -DDEBUG -DUSE_HAL_DRIVER -DSTM32L073xx -c -I../Core/Inc -I../Drivers/STM32L0xx_HAL_Driver/Inc -I../Drivers/STM32L0xx_HAL_Driver/Inc/Legacy -I../Drivers/CMSIS/Device/ST/STM32L0xx/Include -I../Drivers/CMSIS/Include -O0 -ffunction-sections -fdata-sections -Wall -fstack-usage -fcyclomatic-complexity -MMD -MP -MF"Drivers/STM32L0xx_HAL_Driver/Src/stm32l0xx_hal_flash_ex.d" -MT"Drivers/STM32L0xx_HAL_Driver/Src/stm32l0xx_hal_flash_ex.o" --specs=nano.specs -mfloat-abi=soft -mthumb -o "Drivers/STM32L0xx_HAL_Driver/Src/stm32l0xx_hal_flash_ex.o"
arm-none-eabi-gcc "../Drivers/STM32L0xx_HAL_Driver/Src/stm32l0xx_hal_flash_ramfunc.c" -mcpu=cortex-m0plus -std=gnu11 -g3 -DDEBUG -DUSE_HAL_DRIVER -DSTM32L073xx -c -I../Core/Inc -I../Drivers/STM32L0xx_HAL_Driver/Inc -I../Drivers/STM32L0xx_HAL_Driver/Inc/Legacy -I../Drivers/CMSIS/Device/ST/STM32L0xx/Include -I../Drivers/CMSIS/Include -O0 -ffunction-sections -fdata-sections -Wall -fstack-usage -fcyclomatic-complexity -MMD -MP -MF"Drivers/STM32L0xx_HAL_Driver/Src/stm32l0xx_hal_flash_ramfunc.d" -MT"Drivers/STM32L0xx_HAL_Driver/Src/stm32l0xx_hal_flash_ramfunc.o" --specs=nano.specs -mfloat-abi=soft -mthumb -o "Drivers/STM32L0xx_HAL_Driver/Src/stm32l0xx_hal_flash_ramfunc.o"
arm-none-eabi-gcc "../Drivers/STM32L0xx_HAL_Driver/Src/stm32l0xx_hal_gpio.c" -mcpu=cortex-m0plus -std=gnu11 -g3 -DDEBUG -DUSE_HAL_DRIVER -DSTM32L073xx -c -I../Core/Inc -I../Drivers/STM32L0xx_HAL_Driver/Inc -I../Drivers/STM32L0xx_HAL_Driver/Inc/Legacy -I../Drivers/CMSIS/Device/ST/STM32L0xx/Include -I../Drivers/CMSIS/Include -O0 -ffunction-sections -fdata-sections -Wall -fstack-usage -fcyclomatic-complexity -MMD -MP -MF"Drivers/STM32L0xx_HAL_Driver/Src/stm32l0xx_hal_gpio.d" -MT"Drivers/STM32L0xx_HAL_Driver/Src/stm32l0xx_hal_gpio.o" --specs=nano.specs -mfloat-abi=soft -mthumb -o "Drivers/STM32L0xx_HAL_Driver/Src/stm32l0xx_hal_gpio.o"
arm-none-eabi-gcc "../Drivers/STM32L0xx_HAL_Driver/Src/stm32l0xx_hal_i2c.c" -mcpu=cortex-m0plus -std=gnu11 -g3 -DDEBUG -DUSE_HAL_DRIVER -DSTM32L073xx -c -I../Core/Inc -I../Drivers/STM32L0xx_HAL_Driver/Inc -I../Drivers/STM32L0xx_HAL_Driver/Inc/Legacy -I../Drivers/CMSIS/Device/ST/STM32L0xx/Include -I../Drivers/CMSIS/Include -O0 -ffunction-sections -fdata-sections -Wall -fstack-usage -fcyclomatic-complexity -MMD -MP -MF"Drivers/STM32L0xx_HAL_Driver/Src/stm32l0xx_hal_i2c.d" -MT"Drivers/STM32L0xx_HAL_Driver/Src/stm32l0xx_hal_i2c.o" --specs=nano.specs -mfloat-abi=soft -mthumb -o "Drivers/STM32L0xx_HAL_Driver/Src/stm32l0xx_hal_i2c.o"
arm-none-eabi-gcc "../Drivers/STM32L0xx_HAL_Driver/Src/stm32l0xx_hal_i2c_ex.c" -mcpu=cortex-m0plus -std=gnu11 -g3 -DDEBUG -DUSE_HAL_DRIVER -DSTM32L073xx -c -I../Core/Inc -I../Drivers/STM32L0xx_HAL_Driver/Inc -I../Drivers/STM32L0xx_HAL_Driver/Inc/Legacy -I../Drivers/CMSIS/Device/ST/STM32L0xx/Include -I../Drivers/CMSIS/Include -O0 -ffunction-sections -fdata-sections -Wall -fstack-usage -fcyclomatic-complexity -MMD -MP -MF"Drivers/STM32L0xx_HAL_Driver/Src/stm32l0xx_hal_i2c_ex.d" -MT"Drivers/STM32L0xx_HAL_Driver/Src/stm32l0xx_hal_i2c_ex.o" --specs=nano.specs -mfloat-abi=soft -mthumb -o "Drivers/STM32L0xx_HAL_Driver/Src/stm32l0xx_hal_i2c_ex.o"
arm-none-eabi-gcc "../Drivers/STM32L0xx_HAL_Driver/Src/stm32l0xx_hal_pwr.c" -mcpu=cortex-m0plus -std=gnu11 -g3 -DDEBUG -DUSE_HAL_DRIVER -DSTM32L073xx -c -I../Core/Inc -I../Drivers/STM32L0xx_HAL_Driver/Inc -I../Drivers/STM32L0xx_HAL_Driver/Inc/Legacy -I../Drivers/CMSIS/Device/ST/STM32L0xx/Include -I../Drivers/CMSIS/Include -O0 -ffunction-sections -fdata-sections -Wall -fstack-usage -fcyclomatic-complexity -MMD -MP -MF"Drivers/STM32L0xx_HAL_Driver/Src/stm32l0xx_hal_pwr.d" -MT"Drivers/STM32L0xx_HAL_Driver/Src/stm32l0xx_hal_pwr.o" --specs=nano.specs -mfloat-abi=soft -mthumb -o "Drivers/STM32L0xx_HAL_Driver/Src/stm32l0xx_hal_pwr.o"
arm-none-eabi-gcc "../Drivers/STM32L0xx_HAL_Driver/Src/stm32l0xx_hal_pwr_ex.c" -mcpu=cortex-m0plus -std=gnu11 -g3 -DDEBUG -DUSE_HAL_DRIVER -DSTM32L073xx -c -I../Core/Inc -I../Drivers/STM32L0xx_HAL_Driver/Inc -I../Drivers/STM32L0xx_HAL_Driver/Inc/Legacy -I../Drivers/CMSIS/Device/ST/STM32L0xx/Include -I../Drivers/CMSIS/Include -O0 -ffunction-sections -fdata-sections -Wall -fstack-usage -fcyclomatic-complexity -MMD -MP -MF"Drivers/STM32L0xx_HAL_Driver/Src/stm32l0xx_hal_pwr_ex.d" -MT"Drivers/STM32L0xx_HAL_Driver/Src/stm32l0xx_hal_pwr_ex.o" --specs=nano.specs -mfloat-abi=soft -mthumb -o "Drivers/STM32L0xx_HAL_Driver/Src/stm32l0xx_hal_pwr_ex.o"
arm-none-eabi-gcc "../Drivers/STM32L0xx_HAL_Driver/Src/stm32l0xx_hal_rcc.c" -mcpu=cortex-m0plus -std=gnu11 -g3 -DDEBUG -DUSE_HAL_DRIVER -DSTM32L073xx -c -I../Core/Inc -I../Drivers/STM32L0xx_HAL_Driver/Inc -I../Drivers/STM32L0xx_HAL_Driver/Inc/Legacy -I../Drivers/CMSIS/Device/ST/STM32L0xx/Include -I../Drivers/CMSIS/Include -O0 -ffunction-sections -fdata-sections -Wall -fstack-usage -fcyclomatic-complexity -MMD -MP -MF"Drivers/STM32L0xx_HAL_Driver/Src/stm32l0xx_hal_rcc.d" -MT"Drivers/STM32L0xx_HAL_Driver/Src/stm32l0xx_hal_rcc.o" --specs=nano.specs -mfloat-abi=soft -mthumb -o "Drivers/STM32L0xx_HAL_Driver/Src/stm32l0xx_hal_rcc.o"
arm-none-eabi-gcc "../Drivers/STM32L0xx_HAL_Driver/Src/stm32l0xx_hal_rcc_ex.c" -mcpu=cortex-m0plus -std=gnu11 -g3 -DDEBUG -DUSE_HAL_DRIVER -DSTM32L073xx -c -I../Core/Inc -I../Drivers/STM32L0xx_HAL_Driver/Inc -I../Drivers/STM32L0xx_HAL_Driver/Inc/Legacy -I../Drivers/CMSIS/Device/ST/STM32L0xx/Include -I../Drivers/CMSIS/Include -O0 -ffunction-sections -fdata-sections -Wall -fstack-usage -fcyclomatic-complexity -MMD -MP -MF"Drivers/STM32L0xx_HAL_Driver/Src/stm32l0xx_hal_rcc_ex.d" -MT"Drivers/STM32L0xx_HAL_Driver/Src/stm32l0xx_hal_rcc_ex.o" --specs=nano.specs -mfloat-abi=soft -mthumb -o "Drivers/STM32L0xx_HAL_Driver/Src/stm32l0xx_hal_rcc_ex.o"
arm-none-eabi-gcc "../Drivers/STM32L0xx_HAL_Driver/Src/stm32l0xx_hal_tim.c" -mcpu=cortex-m0plus -std=gnu11 -g3 -DDEBUG -DUSE_HAL_DRIVER -DSTM32L073xx -c -I../Core/Inc -I../Drivers/STM32L0xx_HAL_Driver/Inc -I../Drivers/STM32L0xx_HAL_Driver/Inc/Legacy -I../Drivers/CMSIS/Device/ST/STM32L0xx/Include -I../Drivers/CMSIS/Include -O0 -ffunction-sections -fdata-sections -Wall -fstack-usage -fcyclomatic-complexity -MMD -MP -MF"Drivers/STM32L0xx_HAL_Driver/Src/stm32l0xx_hal_tim.d" -MT"Drivers/STM32L0xx_HAL_Driver/Src/stm32l0xx_hal_tim.o" --specs=nano.specs -mfloat-abi=soft -mthumb -o "Drivers/STM32L0xx_HAL_Driver/Src/stm32l0xx_hal_tim.o"
arm-none-eabi-gcc "../Drivers/STM32L0xx_HAL_Driver/Src/stm32l0xx_hal_tim_ex.c" -mcpu=cortex-m0plus -std=gnu11 -g3 -DDEBUG -DUSE_HAL_DRIVER -DSTM32L073xx -c -I../Core/Inc -I../Drivers/STM32L0xx_HAL_Driver/Inc -I../Drivers/STM32L0xx_HAL_Driver/Inc/Legacy -I../Drivers/CMSIS/Device/ST/STM32L0xx/Include -I../Drivers/CMSIS/Include -O0 -ffunction-sections -fdata-sections -Wall -fstack-usage -fcyclomatic-complexity -MMD -MP -MF"Drivers/STM32L0xx_HAL_Driver/Src/stm32l0xx_hal_tim_ex.d" -MT"Drivers/STM32L0xx_HAL_Driver/Src/stm32l0xx_hal_tim_ex.o" --specs=nano.specs -mfloat-abi=soft -mthumb -o "Drivers/STM32L0xx_HAL_Driver/Src/stm32l0xx_hal_tim_ex.o"
arm-none-eabi-gcc "../Drivers/STM32L0xx_HAL_Driver/Src/stm32l0xx_hal_uart.c" -mcpu=cortex-m0plus -std=gnu11 -g3 -DDEBUG -DUSE_HAL_DRIVER -DSTM32L073xx -c -I../Core/Inc -I../Drivers/STM32L0xx_HAL_Driver/Inc -I../Drivers/STM32L0xx_HAL_Driver/Inc/Legacy -I../Drivers/CMSIS/Device/ST/STM32L0xx/Include -I../Drivers/CMSIS/Include -O0 -ffunction-sections -fdata-sections -Wall -fstack-usage -fcyclomatic-complexity -MMD -MP -MF"Drivers/STM32L0xx_HAL_Driver/Src/stm32l0xx_hal_uart.d" -MT"Drivers/STM32L0xx_HAL_Driver/Src/stm32l0xx_hal_uart.o" --specs=nano.specs -mfloat-abi=soft -mthumb -o "Drivers/STM32L0xx_HAL_Driver/Src/stm32l0xx_hal_uart.o"
arm-none-eabi-gcc "../Drivers/STM32L0xx_HAL_Driver/Src/stm32l0xx_hal_uart_ex.c" -mcpu=cortex-m0plus -std=gnu11 -g3 -DDEBUG -DUSE_HAL_DRIVER -DSTM32L073xx -c -I../Core/Inc -I../Drivers/STM32L0xx_HAL_Driver/Inc -I../Drivers/STM32L0xx_HAL_Driver/Inc/Legacy -I../Drivers/CMSIS/Device/ST/STM32L0xx/Include -I../Drivers/CMSIS/Include -O0 -ffunction-sections -fdata-sections -Wall -fstack-usage -fcyclomatic-complexity -MMD -MP -MF"Drivers/STM32L0xx_HAL_Driver/Src/stm32l0xx_hal_uart_ex.d" -MT"Drivers/STM32L0xx_HAL_Driver/Src/stm32l0xx_hal_uart_ex.o" --specs=nano.specs -mfloat-abi=soft -mthumb -o "Drivers/STM32L0xx_HAL_Driver/Src/stm32l0xx_hal_uart_ex.o"
arm-none-eabi-gcc -mcpu=cortex-m0plus -g3 -DDEBUG -c -x assembler-with-cpp -MMD -MP -MF"Core/Startup/startup_stm32l073rztx.d" -MT"Core/Startup/startup_stm32l073rztx.o" --specs=nano.specs -mfloat-abi=soft -mthumb -o "Core/Startup/startup_stm32l073rztx.o" "../Core/Startup/startup_stm32l073rztx.s"
arm-none-eabi-gcc "../Core/Src/dma.c" -mcpu=cortex-m0plus -std=gnu11 -g3 -DDEBUG -DUSE_HAL_DRIVER -DSTM32L073xx -c -I../Core/Inc -I../Drivers/STM32L0xx_HAL_Driver/Inc -I../Drivers/STM32L0xx_HAL_Driver/Inc/Legacy -I../Drivers/CMSIS/Device/ST/STM32L0xx/Include -I../Drivers/CMSIS/Include -O0 -ffunction-sections -fdata-sections -Wall -fstack-usage -fcyclomatic-complexity -MMD -MP -MF"Core/Src/dma.d" -MT"Core/Src/dma.o" --specs=nano.specs -mfloat-abi=soft -mthumb -o "Core/Src/dma.o"
arm-none-eabi-gcc "../Core/Src/gpio.c" -mcpu=cortex-m0plus -std=gnu11 -g3 -DDEBUG -DUSE_HAL_DRIVER -DSTM32L073xx -c -I../Core/Inc -I../Drivers/STM32L0xx_HAL_Driver/Inc -I../Drivers/STM32L0xx_HAL_Driver/Inc/Legacy -I../Drivers/CMSIS/Device/ST/STM32L0xx/Include -I../Drivers/CMSIS/Include -O0 -ffunction-sections -fdata-sections -Wall -fstack-usage -fcyclomatic-complexity -MMD -MP -MF"Core/Src/gpio.d" -MT"Core/Src/gpio.o" --specs=nano.specs -mfloat-abi=soft -mthumb -o "Core/Src/gpio.o"
arm-none-eabi-gcc "../Core/Src/main.c" -mcpu=cortex-m0plus -std=gnu11 -g3 -DDEBUG -DUSE_HAL_DRIVER -DSTM32L073xx -c -I../Core/Inc -I../Drivers/STM32L0xx_HAL_Driver/Inc -I../Drivers/STM32L0xx_HAL_Driver/Inc/Legacy -I../Drivers/CMSIS/Device/ST/STM32L0xx/Include -I../Drivers/CMSIS/Include -O0 -ffunction-sections -fdata-sections -Wall -fstack-usage -fcyclomatic-complexity -MMD -MP -MF"Core/Src/main.d" -MT"Core/Src/main.o" --specs=nano.specs -mfloat-abi=soft -mthumb -o "Core/Src/main.o"
arm-none-eabi-gcc "../Core/Src/stm32l0xx_hal_msp.c" -mcpu=cortex-m0plus -std=gnu11 -g3 -DDEBUG -DUSE_HAL_DRIVER -DSTM32L073xx -c -I../Core/Inc -I../Drivers/STM32L0xx_HAL_Driver/Inc -I../Drivers/STM32L0xx_HAL_Driver/Inc/Legacy -I../Drivers/CMSIS/Device/ST/STM32L0xx/Include -I../Drivers/CMSIS/Include -O0 -ffunction-sections -fdata-sections -Wall -fstack-usage -fcyclomatic-complexity -MMD -MP -MF"Core/Src/stm32l0xx_hal_msp.d" -MT"Core/Src/stm32l0xx_hal_msp.o" --specs=nano.specs -mfloat-abi=soft -mthumb -o "Core/Src/stm32l0xx_hal_msp.o"
../Core/Src/main.c: In function 'main':
../Core/Src/main.c:119:11: warning: implicit declaration of function 'TEMOINLED' [-Wimplicit-function-declaration]
  119 |           TEMOINLED(100);
      |           ^~~~~~~~~
../Core/Src/main.c:120:11: warning: implicit declaration of function 'S10077_StartConversion' [-Wimplicit-function-declaration]
  120 |           S10077_StartConversion(15000);
      |           ^~~~~~~~~~~~~~~~~~~~~~
../Core/Src/main.c: At top level:
../Core/Src/main.c:181:6: warning: conflicting types for 'TEMOINLED'; have 'void(int)'
  181 | void TEMOINLED(int x_blinktime){
      |      ^~~~~~~~~
../Core/Src/main.c:119:11: note: previous implicit declaration of 'TEMOINLED' with type 'void(int)'
  119 |           TEMOINLED(100);
      |           ^~~~~~~~~
arm-none-eabi-gcc "../Core/Src/stm32l0xx_it.c" -mcpu=cortex-m0plus -std=gnu11 -g3 -DDEBUG -DUSE_HAL_DRIVER -DSTM32L073xx -c -I../Core/Inc -I../Drivers/STM32L0xx_HAL_Driver/Inc -I../Drivers/STM32L0xx_HAL_Driver/Inc/Legacy -I../Drivers/CMSIS/Device/ST/STM32L0xx/Include -I../Drivers/CMSIS/Include -O0 -ffunction-sections -fdata-sections -Wall -fstack-usage -fcyclomatic-complexity -MMD -MP -MF"Core/Src/stm32l0xx_it.d" -MT"Core/Src/stm32l0xx_it.o" --specs=nano.specs -mfloat-abi=soft -mthumb -o "Core/Src/stm32l0xx_it.o"
arm-none-eabi-gcc "../Core/Src/syscalls.c" -mcpu=cortex-m0plus -std=gnu11 -g3 -DDEBUG -DUSE_HAL_DRIVER -DSTM32L073xx -c -I../Core/Inc -I../Drivers/STM32L0xx_HAL_Driver/Inc -I../Drivers/STM32L0xx_HAL_Driver/Inc/Legacy -I../Drivers/CMSIS/Device/ST/STM32L0xx/Include -I../Drivers/CMSIS/Include -O0 -ffunction-sections -fdata-sections -Wall -fstack-usage -fcyclomatic-complexity -MMD -MP -MF"Core/Src/syscalls.d" -MT"Core/Src/syscalls.o" --specs=nano.specs -mfloat-abi=soft -mthumb -o "Core/Src/syscalls.o"
arm-none-eabi-gcc "../Core/Src/sysmem.c" -mcpu=cortex-m0plus -std=gnu11 -g3 -DDEBUG -DUSE_HAL_DRIVER -DSTM32L073xx -c -I../Core/Inc -I../Drivers/STM32L0xx_HAL_Driver/Inc -I../Drivers/STM32L0xx_HAL_Driver/Inc/Legacy -I../Drivers/CMSIS/Device/ST/STM32L0xx/Include -I../Drivers/CMSIS/Include -O0 -ffunction-sections -fdata-sections -Wall -fstack-usage -fcyclomatic-complexity -MMD -MP -MF"Core/Src/sysmem.d" -MT"Core/Src/sysmem.o" --specs=nano.specs -mfloat-abi=soft -mthumb -o "Core/Src/sysmem.o"
arm-none-eabi-gcc "../Core/Src/system_stm32l0xx.c" -mcpu=cortex-m0plus -std=gnu11 -g3 -DDEBUG -DUSE_HAL_DRIVER -DSTM32L073xx -c -I../Core/Inc -I../Drivers/STM32L0xx_HAL_Driver/Inc -I../Drivers/STM32L0xx_HAL_Driver/Inc/Legacy -I../Drivers/CMSIS/Device/ST/STM32L0xx/Include -I../Drivers/CMSIS/Include -O0 -ffunction-sections -fdata-sections -Wall -fstack-usage -fcyclomatic-complexity -MMD -MP -MF"Core/Src/system_stm32l0xx.d" -MT"Core/Src/system_stm32l0xx.o" --specs=nano.specs -mfloat-abi=soft -mthumb -o "Core/Src/system_stm32l0xx.o"
../Core/Src/stm32l0xx_it.c: In function 'HAL_TIM_PeriodElapsedCallback':
../Core/Src/stm32l0xx_it.c:198:9: warning: implicit declaration of function 'S10077_Conversion' [-Wimplicit-function-declaration]
  198 |         S10077_Conversion();
      |         ^~~~~~~~~~~~~~~~~
../Core/Src/stm32l0xx_it.c: At top level:
../Core/Src/stm32l0xx_it.c:208:6: warning: conflicting types for 'S10077_Conversion'; have 'void()'
  208 | void S10077_Conversion(){
      |      ^~~~~~~~~~~~~~~~~
../Core/Src/stm32l0xx_it.c:198:9: note: previous implicit declaration of 'S10077_Conversion' with type 'void()'
  198 |         S10077_Conversion();
      |         ^~~~~~~~~~~~~~~~~
../Core/Src/stm32l0xx_it.c: In function 'S10077_Conversion':
../Core/Src/stm32l0xx_it.c:260:25: warning: implicit declaration of function 'ExtractAmplitude' [-Wimplicit-function-declaration]
  260 |                         ExtractAmplitude();
      |                         ^~~~~~~~~~~~~~~~
In file included from ../Drivers/CMSIS/Device/ST/STM32L0xx/Include/stm32l0xx.h:151,
                 from ../Drivers/STM32L0xx_HAL_Driver/Inc/stm32l0xx_hal_def.h:29,
                 from ../Drivers/STM32L0xx_HAL_Driver/Inc/stm32l0xx_hal_rcc.h:27,
                 from ../Core/Inc/stm32l0xx_hal_conf.h:188,
                 from ../Drivers/STM32L0xx_HAL_Driver/Inc/stm32l0xx_hal.h:29,
                 from ../Core/Inc/main.h:30,
                 from ../Core/Src/stm32l0xx_it.c:21:
../Core/Src/stm32l0xx_it.c: In function 'SendPixelData':
../Drivers/CMSIS/Device/ST/STM32L0xx/Include/stm32l073xx.h:720:29: warning: passing argument 1 of 'HAL_UART_Transmit' from incompatible pointer type [-Wincompatible-pointer-types]
  720 | #define USART2              ((USART_TypeDef *) USART2_BASE)
      |                             ^~~~~~~~~~~~~~~~~~~~~~~~~~~~~~~
      |                             |
      |                             USART_TypeDef *
../Core/Src/stm32l0xx_it.c:356:23: note: in expansion of macro 'USART2'
  356 |     HAL_UART_Transmit(USART2, data, 3, HAL_MAX_DELAY);
      |                       ^~~~~~
In file included from ../Core/Inc/stm32l0xx_hal_conf.h:281:
../Drivers/STM32L0xx_HAL_Driver/Inc/stm32l0xx_hal_uart.h:1510:57: note: expected 'UART_HandleTypeDef *' {aka 'struct __UART_HandleTypeDef *'} but argument is of type 'USART_TypeDef *'
 1510 | HAL_StatusTypeDef HAL_UART_Transmit(UART_HandleTypeDef *huart, const uint8_t *pData, uint16_t Size, uint32_t Timeout);
      |                                     ~~~~~~~~~~~~~~~~~~~~^~~~~
../Core/Src/stm32l0xx_it.c: At top level:
../Core/Src/stm32l0xx_it.c:359:6: warning: conflicting types for 'ExtractAmplitude'; have 'void(void)'
  359 | void ExtractAmplitude (void){
      |      ^~~~~~~~~~~~~~~~
../Core/Src/stm32l0xx_it.c:260:25: note: previous implicit declaration of 'ExtractAmplitude' with type 'void(void)'
  260 |                         ExtractAmplitude();
      |                         ^~~~~~~~~~~~~~~~
arm-none-eabi-gcc "../Core/Src/tim.c" -mcpu=cortex-m0plus -std=gnu11 -g3 -DDEBUG -DUSE_HAL_DRIVER -DSTM32L073xx -c -I../Core/Inc -I../Drivers/STM32L0xx_HAL_Driver/Inc -I../Drivers/STM32L0xx_HAL_Driver/Inc/Legacy -I../Drivers/CMSIS/Device/ST/STM32L0xx/Include -I../Drivers/CMSIS/Include -O0 -ffunction-sections -fdata-sections -Wall -fstack-usage -fcyclomatic-complexity -MMD -MP -MF"Core/Src/tim.d" -MT"Core/Src/tim.o" --specs=nano.specs -mfloat-abi=soft -mthumb -o "Core/Src/tim.o"
arm-none-eabi-gcc "../Core/Src/usart.c" -mcpu=cortex-m0plus -std=gnu11 -g3 -DDEBUG -DUSE_HAL_DRIVER -DSTM32L073xx -c -I../Core/Inc -I../Drivers/STM32L0xx_HAL_Driver/Inc -I../Drivers/STM32L0xx_HAL_Driver/Inc/Legacy -I../Drivers/CMSIS/Device/ST/STM32L0xx/Include -I../Drivers/CMSIS/Include -O0 -ffunction-sections -fdata-sections -Wall -fstack-usage -fcyclomatic-complexity -MMD -MP -MF"Core/Src/usart.d" -MT"Core/Src/usart.o" --specs=nano.specs -mfloat-abi=soft -mthumb -o "Core/Src/usart.o"
arm-none-eabi-gcc -o "SpectrographeV2.elf" @"objects.list"   -mcpu=cortex-m0plus -T"C:\Users\Maximilien\Desktop\Projet\STMV2\SpectrographeV2\STM32L073RZTX_FLASH.ld" --specs=nosys.specs -Wl,-Map="SpectrographeV2.map" -Wl,--gc-sections -static --specs=nano.specs -mfloat-abi=soft -mthumb -Wl,--start-group -lc -lm -Wl,--end-group
Finished building target: SpectrographeV2.elf
 
arm-none-eabi-size  SpectrographeV2.elf 
arm-none-eabi-objdump -h -S SpectrographeV2.elf  > "SpectrographeV2.list"
   text	   data	    bss	    dec	    hex	filename
  24740	    104	  19744	  44588	   ae2c	SpectrographeV2.elf
Finished building: default.size.stdout
 
Finished building: SpectrographeV2.list
 
18:42:51 **** Incremental Build of configuration Debug for project SpectrographeV2 ****
make -j4 all 
arm-none-eabi-gcc "../Core/Src/stm32l0xx_it.c" -mcpu=cortex-m0plus -std=gnu11 -g3 -DDEBUG -DUSE_HAL_DRIVER -DSTM32L073xx -c -I../Core/Inc -I../Drivers/STM32L0xx_HAL_Driver/Inc -I../Drivers/STM32L0xx_HAL_Driver/Inc/Legacy -I../Drivers/CMSIS/Device/ST/STM32L0xx/Include -I../Drivers/CMSIS/Include -O0 -ffunction-sections -fdata-sections -Wall -fstack-usage -fcyclomatic-complexity -MMD -MP -MF"Core/Src/stm32l0xx_it.d" -MT"Core/Src/stm32l0xx_it.o" --specs=nano.specs -mfloat-abi=soft -mthumb -o "Core/Src/stm32l0xx_it.o"
../Core/Src/stm32l0xx_it.c: In function 'HAL_TIM_PeriodElapsedCallback':
../Core/Src/stm32l0xx_it.c:198:9: warning: implicit declaration of function 'S10077_Conversion' [-Wimplicit-function-declaration]
  198 |         S10077_Conversion();
      |         ^~~~~~~~~~~~~~~~~
../Core/Src/stm32l0xx_it.c: At top level:
../Core/Src/stm32l0xx_it.c:208:6: warning: conflicting types for 'S10077_Conversion'; have 'void()'
  208 | void S10077_Conversion(){
      |      ^~~~~~~~~~~~~~~~~
../Core/Src/stm32l0xx_it.c:198:9: note: previous implicit declaration of 'S10077_Conversion' with type 'void()'
  198 |         S10077_Conversion();
      |         ^~~~~~~~~~~~~~~~~
../Core/Src/stm32l0xx_it.c: In function 'S10077_Conversion':
../Core/Src/stm32l0xx_it.c:260:25: warning: implicit declaration of function 'ExtractAmplitude' [-Wimplicit-function-declaration]
  260 |                         ExtractAmplitude();
      |                         ^~~~~~~~~~~~~~~~
In file included from ../Drivers/CMSIS/Device/ST/STM32L0xx/Include/stm32l0xx.h:151,
                 from ../Drivers/STM32L0xx_HAL_Driver/Inc/stm32l0xx_hal_def.h:29,
                 from ../Drivers/STM32L0xx_HAL_Driver/Inc/stm32l0xx_hal_rcc.h:27,
                 from ../Core/Inc/stm32l0xx_hal_conf.h:188,
                 from ../Drivers/STM32L0xx_HAL_Driver/Inc/stm32l0xx_hal.h:29,
                 from ../Core/Inc/main.h:30,
                 from ../Core/Src/stm32l0xx_it.c:21:
../Core/Src/stm32l0xx_it.c: In function 'SendPixelData':
../Drivers/CMSIS/Device/ST/STM32L0xx/Include/stm32l073xx.h:720:29: warning: passing argument 1 of 'HAL_UART_Transmit' from incompatible pointer type [-Wincompatible-pointer-types]
  720 | #define USART2              ((USART_TypeDef *) USART2_BASE)
      |                             ^~~~~~~~~~~~~~~~~~~~~~~~~~~~~~~
      |                             |
      |                             USART_TypeDef *
../Core/Src/stm32l0xx_it.c:367:23: note: in expansion of macro 'USART2'
  367 |     HAL_UART_Transmit(USART2, data, 3, HAL_MAX_DELAY);
      |                       ^~~~~~
In file included from ../Core/Inc/stm32l0xx_hal_conf.h:281:
../Drivers/STM32L0xx_HAL_Driver/Inc/stm32l0xx_hal_uart.h:1510:57: note: expected 'UART_HandleTypeDef *' {aka 'struct __UART_HandleTypeDef *'} but argument is of type 'USART_TypeDef *'
 1510 | HAL_StatusTypeDef HAL_UART_Transmit(UART_HandleTypeDef *huart, const uint8_t *pData, uint16_t Size, uint32_t Timeout);
      |                                     ~~~~~~~~~~~~~~~~~~~~^~~~~
../Core/Src/stm32l0xx_it.c: At top level:
../Core/Src/stm32l0xx_it.c:370:6: warning: conflicting types for 'ExtractAmplitude'; have 'void(void)'
  370 | void ExtractAmplitude (void){
      |      ^~~~~~~~~~~~~~~~
../Core/Src/stm32l0xx_it.c:260:25: note: previous implicit declaration of 'ExtractAmplitude' with type 'void(void)'
  260 |                         ExtractAmplitude();
      |                         ^~~~~~~~~~~~~~~~
arm-none-eabi-gcc -o "SpectrographeV2.elf" @"objects.list"   -mcpu=cortex-m0plus -T"C:\Users\Maximilien\Desktop\Projet\STMV2\SpectrographeV2\STM32L073RZTX_FLASH.ld" --specs=nosys.specs -Wl,-Map="SpectrographeV2.map" -Wl,--gc-sections -static --specs=nano.specs -mfloat-abi=soft -mthumb -Wl,--start-group -lc -lm -Wl,--end-group
Finished building target: SpectrographeV2.elf
 
arm-none-eabi-size  SpectrographeV2.elf 
arm-none-eabi-objdump -h -S SpectrographeV2.elf  > "SpectrographeV2.list"
   text	   data	    bss	    dec	    hex	filename
  23316	    104	  19744	  43164	   a89c	SpectrographeV2.elf
Finished building: default.size.stdout
 
Finished building: SpectrographeV2.list
 
18:43:45 **** Incremental Build of configuration Debug for project SpectrographeV2 ****
make -j4 all 
arm-none-eabi-gcc "../Core/Src/stm32l0xx_it.c" -mcpu=cortex-m0plus -std=gnu11 -g3 -DDEBUG -DUSE_HAL_DRIVER -DSTM32L073xx -c -I../Core/Inc -I../Drivers/STM32L0xx_HAL_Driver/Inc -I../Drivers/STM32L0xx_HAL_Driver/Inc/Legacy -I../Drivers/CMSIS/Device/ST/STM32L0xx/Include -I../Drivers/CMSIS/Include -O0 -ffunction-sections -fdata-sections -Wall -fstack-usage -fcyclomatic-complexity -MMD -MP -MF"Core/Src/stm32l0xx_it.d" -MT"Core/Src/stm32l0xx_it.o" --specs=nano.specs -mfloat-abi=soft -mthumb -o "Core/Src/stm32l0xx_it.o"
../Core/Src/stm32l0xx_it.c: In function 'HAL_TIM_PeriodElapsedCallback':
../Core/Src/stm32l0xx_it.c:198:9: warning: implicit declaration of function 'S10077_Conversion' [-Wimplicit-function-declaration]
  198 |         S10077_Conversion();
      |         ^~~~~~~~~~~~~~~~~
../Core/Src/stm32l0xx_it.c: At top level:
../Core/Src/stm32l0xx_it.c:208:6: warning: conflicting types for 'S10077_Conversion'; have 'void()'
  208 | void S10077_Conversion(){
      |      ^~~~~~~~~~~~~~~~~
../Core/Src/stm32l0xx_it.c:198:9: note: previous implicit declaration of 'S10077_Conversion' with type 'void()'
  198 |         S10077_Conversion();
      |         ^~~~~~~~~~~~~~~~~
../Core/Src/stm32l0xx_it.c: In function 'S10077_Conversion':
../Core/Src/stm32l0xx_it.c:260:25: warning: implicit declaration of function 'ExtractAmplitude' [-Wimplicit-function-declaration]
  260 |                         ExtractAmplitude();
      |                         ^~~~~~~~~~~~~~~~
In file included from ../Drivers/CMSIS/Device/ST/STM32L0xx/Include/stm32l0xx.h:151,
                 from ../Drivers/STM32L0xx_HAL_Driver/Inc/stm32l0xx_hal_def.h:29,
                 from ../Drivers/STM32L0xx_HAL_Driver/Inc/stm32l0xx_hal_rcc.h:27,
                 from ../Core/Inc/stm32l0xx_hal_conf.h:188,
                 from ../Drivers/STM32L0xx_HAL_Driver/Inc/stm32l0xx_hal.h:29,
                 from ../Core/Inc/main.h:30,
                 from ../Core/Src/stm32l0xx_it.c:21:
../Core/Src/stm32l0xx_it.c: In function 'SendPixelData':
../Drivers/CMSIS/Device/ST/STM32L0xx/Include/stm32l073xx.h:720:29: warning: passing argument 1 of 'HAL_UART_Transmit' from incompatible pointer type [-Wincompatible-pointer-types]
  720 | #define USART2              ((USART_TypeDef *) USART2_BASE)
      |                             ^~~~~~~~~~~~~~~~~~~~~~~~~~~~~~~
      |                             |
      |                             USART_TypeDef *
../Core/Src/stm32l0xx_it.c:367:23: note: in expansion of macro 'USART2'
  367 |     HAL_UART_Transmit(USART2, data, 3, HAL_MAX_DELAY);
      |                       ^~~~~~
In file included from ../Core/Inc/stm32l0xx_hal_conf.h:281:
../Drivers/STM32L0xx_HAL_Driver/Inc/stm32l0xx_hal_uart.h:1510:57: note: expected 'UART_HandleTypeDef *' {aka 'struct __UART_HandleTypeDef *'} but argument is of type 'USART_TypeDef *'
 1510 | HAL_StatusTypeDef HAL_UART_Transmit(UART_HandleTypeDef *huart, const uint8_t *pData, uint16_t Size, uint32_t Timeout);
      |                                     ~~~~~~~~~~~~~~~~~~~~^~~~~
../Core/Src/stm32l0xx_it.c: At top level:
../Core/Src/stm32l0xx_it.c:370:6: warning: conflicting types for 'ExtractAmplitude'; have 'void(void)'
  370 | void ExtractAmplitude (void){
      |      ^~~~~~~~~~~~~~~~
../Core/Src/stm32l0xx_it.c:260:25: note: previous implicit declaration of 'ExtractAmplitude' with type 'void(void)'
  260 |                         ExtractAmplitude();
      |                         ^~~~~~~~~~~~~~~~
arm-none-eabi-gcc -o "SpectrographeV2.elf" @"objects.list"   -mcpu=cortex-m0plus -T"C:\Users\Maximilien\Desktop\Projet\STMV2\SpectrographeV2\STM32L073RZTX_FLASH.ld" --specs=nosys.specs -Wl,-Map="SpectrographeV2.map" -Wl,--gc-sections -static --specs=nano.specs -mfloat-abi=soft -mthumb -Wl,--start-group -lc -lm -Wl,--end-group
Finished building target: SpectrographeV2.elf
 
arm-none-eabi-size  SpectrographeV2.elf 
arm-none-eabi-objdump -h -S SpectrographeV2.elf  > "SpectrographeV2.list"
   text	   data	    bss	    dec	    hex	filename
  23304	    104	  19744	  43152	   a890	SpectrographeV2.elf
Finished building: default.size.stdout
 
Finished building: SpectrographeV2.list
 
18:44:28 **** Incremental Build of configuration Debug for project SpectrographeV2 ****
make -j4 all 
arm-none-eabi-gcc "../Core/Src/stm32l0xx_it.c" -mcpu=cortex-m0plus -std=gnu11 -g3 -DDEBUG -DUSE_HAL_DRIVER -DSTM32L073xx -c -I../Core/Inc -I../Drivers/STM32L0xx_HAL_Driver/Inc -I../Drivers/STM32L0xx_HAL_Driver/Inc/Legacy -I../Drivers/CMSIS/Device/ST/STM32L0xx/Include -I../Drivers/CMSIS/Include -O0 -ffunction-sections -fdata-sections -Wall -fstack-usage -fcyclomatic-complexity -MMD -MP -MF"Core/Src/stm32l0xx_it.d" -MT"Core/Src/stm32l0xx_it.o" --specs=nano.specs -mfloat-abi=soft -mthumb -o "Core/Src/stm32l0xx_it.o"
../Core/Src/stm32l0xx_it.c: In function 'HAL_TIM_PeriodElapsedCallback':
../Core/Src/stm32l0xx_it.c:198:9: warning: implicit declaration of function 'S10077_Conversion' [-Wimplicit-function-declaration]
  198 |         S10077_Conversion();
      |         ^~~~~~~~~~~~~~~~~
../Core/Src/stm32l0xx_it.c: At top level:
../Core/Src/stm32l0xx_it.c:208:6: warning: conflicting types for 'S10077_Conversion'; have 'void()'
  208 | void S10077_Conversion(){
      |      ^~~~~~~~~~~~~~~~~
../Core/Src/stm32l0xx_it.c:198:9: note: previous implicit declaration of 'S10077_Conversion' with type 'void()'
  198 |         S10077_Conversion();
      |         ^~~~~~~~~~~~~~~~~
../Core/Src/stm32l0xx_it.c: In function 'S10077_Conversion':
../Core/Src/stm32l0xx_it.c:260:25: warning: implicit declaration of function 'ExtractAmplitude' [-Wimplicit-function-declaration]
  260 |                         ExtractAmplitude();
      |                         ^~~~~~~~~~~~~~~~
../Core/Src/stm32l0xx_it.c: At top level:
../Core/Src/stm32l0xx_it.c:370:6: warning: conflicting types for 'ExtractAmplitude'; have 'void(void)'
  370 | void ExtractAmplitude (void){
      |      ^~~~~~~~~~~~~~~~
../Core/Src/stm32l0xx_it.c:260:25: note: previous implicit declaration of 'ExtractAmplitude' with type 'void(void)'
  260 |                         ExtractAmplitude();
      |                         ^~~~~~~~~~~~~~~~
arm-none-eabi-gcc -o "SpectrographeV2.elf" @"objects.list"   -mcpu=cortex-m0plus -T"C:\Users\Maximilien\Desktop\Projet\STMV2\SpectrographeV2\STM32L073RZTX_FLASH.ld" --specs=nosys.specs -Wl,-Map="SpectrographeV2.map" -Wl,--gc-sections -static --specs=nano.specs -mfloat-abi=soft -mthumb -Wl,--start-group -lc -lm -Wl,--end-group
Finished building target: SpectrographeV2.elf
 
arm-none-eabi-size  SpectrographeV2.elf 
arm-none-eabi-objdump -h -S SpectrographeV2.elf  > "SpectrographeV2.list"
   text	   data	    bss	    dec	    hex	filename
  24948	    104	  19744	  44796	   aefc	SpectrographeV2.elf
Finished building: default.size.stdout
 
Finished building: SpectrographeV2.list
 
18:45:38 **** Incremental Build of configuration Debug for project SpectrographeV2 ****
make -j4 all 
arm-none-eabi-gcc "../Core/Src/main.c" -mcpu=cortex-m0plus -std=gnu11 -g3 -DDEBUG -DUSE_HAL_DRIVER -DSTM32L073xx -c -I../Core/Inc -I../Drivers/STM32L0xx_HAL_Driver/Inc -I../Drivers/STM32L0xx_HAL_Driver/Inc/Legacy -I../Drivers/CMSIS/Device/ST/STM32L0xx/Include -I../Drivers/CMSIS/Include -O0 -ffunction-sections -fdata-sections -Wall -fstack-usage -fcyclomatic-complexity -MMD -MP -MF"Core/Src/main.d" -MT"Core/Src/main.o" --specs=nano.specs -mfloat-abi=soft -mthumb -o "Core/Src/main.o"
arm-none-eabi-gcc "../Core/Src/stm32l0xx_it.c" -mcpu=cortex-m0plus -std=gnu11 -g3 -DDEBUG -DUSE_HAL_DRIVER -DSTM32L073xx -c -I../Core/Inc -I../Drivers/STM32L0xx_HAL_Driver/Inc -I../Drivers/STM32L0xx_HAL_Driver/Inc/Legacy -I../Drivers/CMSIS/Device/ST/STM32L0xx/Include -I../Drivers/CMSIS/Include -O0 -ffunction-sections -fdata-sections -Wall -fstack-usage -fcyclomatic-complexity -MMD -MP -MF"Core/Src/stm32l0xx_it.d" -MT"Core/Src/stm32l0xx_it.o" --specs=nano.specs -mfloat-abi=soft -mthumb -o "Core/Src/stm32l0xx_it.o"
../Core/Src/main.c: In function 'main':
../Core/Src/main.c:119:11: warning: implicit declaration of function 'TEMOINLED' [-Wimplicit-function-declaration]
  119 |           TEMOINLED(100);
      |           ^~~~~~~~~
../Core/Src/stm32l0xx_it.c: In function 'HAL_TIM_PeriodElapsedCallback':
../Core/Src/stm32l0xx_it.c:198:9: warning: implicit declaration of function 'S10077_Conversion' [-Wimplicit-function-declaration]
  198 |         S10077_Conversion();
      |         ^~~~~~~~~~~~~~~~~
../Core/Src/stm32l0xx_it.c: At top level:
../Core/Src/stm32l0xx_it.c:208:6: warning: conflicting types for 'S10077_Conversion'; have 'void()'
  208 | void S10077_Conversion(){
      |      ^~~~~~~~~~~~~~~~~
../Core/Src/stm32l0xx_it.c:198:9: note: previous implicit declaration of 'S10077_Conversion' with type 'void()'
  198 |         S10077_Conversion();
      |         ^~~~~~~~~~~~~~~~~
../Core/Src/main.c:120:11: warning: implicit declaration of function 'S10077_StartConversion' [-Wimplicit-function-declaration]
  120 |           S10077_StartConversion(15000);
      |           ^~~~~~~~~~~~~~~~~~~~~~
../Core/Src/main.c: At top level:
../Core/Src/main.c:181:6: warning: conflicting types for 'TEMOINLED'; have 'void(int)'
  181 | void TEMOINLED(int x_blinktime){
      |      ^~~~~~~~~
../Core/Src/main.c:119:11: note: previous implicit declaration of 'TEMOINLED' with type 'void(int)'
  119 |           TEMOINLED(100);
      |           ^~~~~~~~~
../Core/Src/stm32l0xx_it.c: In function 'S10077_Conversion':
../Core/Src/stm32l0xx_it.c:260:25: warning: implicit declaration of function 'ExtractAmplitude' [-Wimplicit-function-declaration]
  260 |                         ExtractAmplitude();
      |                         ^~~~~~~~~~~~~~~~
In file included from ../Drivers/CMSIS/Device/ST/STM32L0xx/Include/stm32l0xx.h:151,
                 from ../Drivers/STM32L0xx_HAL_Driver/Inc/stm32l0xx_hal_def.h:29,
                 from ../Drivers/STM32L0xx_HAL_Driver/Inc/stm32l0xx_hal_rcc.h:27,
                 from ../Core/Inc/stm32l0xx_hal_conf.h:188,
                 from ../Drivers/STM32L0xx_HAL_Driver/Inc/stm32l0xx_hal.h:29,
                 from ../Core/Inc/main.h:30,
                 from ../Core/Src/stm32l0xx_it.c:21:
../Core/Src/stm32l0xx_it.c: In function 'SendPixelData':
../Drivers/CMSIS/Device/ST/STM32L0xx/Include/stm32l073xx.h:720:29: warning: passing argument 1 of 'HAL_UART_Transmit' from incompatible pointer type [-Wincompatible-pointer-types]
  720 | #define USART2              ((USART_TypeDef *) USART2_BASE)
      |                             ^~~~~~~~~~~~~~~~~~~~~~~~~~~~~~~
      |                             |
      |                             USART_TypeDef *
../Core/Src/stm32l0xx_it.c:367:58: note: in expansion of macro 'USART2'
  367 |             HAL_StatusTypeDef status = HAL_UART_Transmit(USART2, data, 3, HAL_MAX_DELAY);
      |                                                          ^~~~~~
In file included from ../Core/Inc/stm32l0xx_hal_conf.h:281:
../Drivers/STM32L0xx_HAL_Driver/Inc/stm32l0xx_hal_uart.h:1510:57: note: expected 'UART_HandleTypeDef *' {aka 'struct __UART_HandleTypeDef *'} but argument is of type 'USART_TypeDef *'
 1510 | HAL_StatusTypeDef HAL_UART_Transmit(UART_HandleTypeDef *huart, const uint8_t *pData, uint16_t Size, uint32_t Timeout);
      |                                     ~~~~~~~~~~~~~~~~~~~~^~~~~
../Core/Src/stm32l0xx_it.c: At top level:
../Core/Src/stm32l0xx_it.c:381:6: warning: conflicting types for 'ExtractAmplitude'; have 'void(void)'
  381 | void ExtractAmplitude (void){
      |      ^~~~~~~~~~~~~~~~
../Core/Src/stm32l0xx_it.c:260:25: note: previous implicit declaration of 'ExtractAmplitude' with type 'void(void)'
  260 |                         ExtractAmplitude();
      |                         ^~~~~~~~~~~~~~~~
arm-none-eabi-gcc -o "SpectrographeV2.elf" @"objects.list"   -mcpu=cortex-m0plus -T"C:\Users\Maximilien\Desktop\Projet\STMV2\SpectrographeV2\STM32L073RZTX_FLASH.ld" --specs=nosys.specs -Wl,-Map="SpectrographeV2.map" -Wl,--gc-sections -static --specs=nano.specs -mfloat-abi=soft -mthumb -Wl,--start-group -lc -lm -Wl,--end-group
Finished building target: SpectrographeV2.elf
 
arm-none-eabi-size  SpectrographeV2.elf 
arm-none-eabi-objdump -h -S SpectrographeV2.elf  > "SpectrographeV2.list"
   text	   data	    bss	    dec	    hex	filename
  23296	    104	  19744	  43144	   a888	SpectrographeV2.elf
Finished building: default.size.stdout
 
Finished building: SpectrographeV2.list
 
18:51:23 **** Incremental Build of configuration Debug for project SpectrographeV2 ****
make -j4 all 
arm-none-eabi-size  SpectrographeV2.elf 
   text	   data	    bss	    dec	    hex	filename
  23296	    104	  19744	  43144	   a888	SpectrographeV2.elf
Finished building: default.size.stdout
 
18:59:05 **** Incremental Build of configuration Debug for project SpectrographeV2 ****
make -j4 all 
arm-none-eabi-gcc "../Core/Src/main.c" -mcpu=cortex-m0plus -std=gnu11 -g3 -DDEBUG -DUSE_HAL_DRIVER -DSTM32L073xx -c -I../Core/Inc -I../Drivers/STM32L0xx_HAL_Driver/Inc -I../Drivers/STM32L0xx_HAL_Driver/Inc/Legacy -I../Drivers/CMSIS/Device/ST/STM32L0xx/Include -I../Drivers/CMSIS/Include -O0 -ffunction-sections -fdata-sections -Wall -fstack-usage -fcyclomatic-complexity -MMD -MP -MF"Core/Src/main.d" -MT"Core/Src/main.o" --specs=nano.specs -mfloat-abi=soft -mthumb -o "Core/Src/main.o"
arm-none-eabi-gcc "../Core/Src/stm32l0xx_it.c" -mcpu=cortex-m0plus -std=gnu11 -g3 -DDEBUG -DUSE_HAL_DRIVER -DSTM32L073xx -c -I../Core/Inc -I../Drivers/STM32L0xx_HAL_Driver/Inc -I../Drivers/STM32L0xx_HAL_Driver/Inc/Legacy -I../Drivers/CMSIS/Device/ST/STM32L0xx/Include -I../Drivers/CMSIS/Include -O0 -ffunction-sections -fdata-sections -Wall -fstack-usage -fcyclomatic-complexity -MMD -MP -MF"Core/Src/stm32l0xx_it.d" -MT"Core/Src/stm32l0xx_it.o" --specs=nano.specs -mfloat-abi=soft -mthumb -o "Core/Src/stm32l0xx_it.o"
../Core/Src/main.c: In function 'main':
../Core/Src/main.c:119:11: warning: implicit declaration of function 'TEMOINLED' [-Wimplicit-function-declaration]
  119 |           TEMOINLED(100);
      |           ^~~~~~~~~
../Core/Src/stm32l0xx_it.c: In function 'HAL_TIM_PeriodElapsedCallback':
../Core/Src/stm32l0xx_it.c:198:9: warning: implicit declaration of function 'S10077_Conversion' [-Wimplicit-function-declaration]
  198 |         S10077_Conversion();
      |         ^~~~~~~~~~~~~~~~~
../Core/Src/stm32l0xx_it.c: At top level:
../Core/Src/stm32l0xx_it.c:208:6: warning: conflicting types for 'S10077_Conversion'; have 'void()'
  208 | void S10077_Conversion(){
      |      ^~~~~~~~~~~~~~~~~
../Core/Src/stm32l0xx_it.c:198:9: note: previous implicit declaration of 'S10077_Conversion' with type 'void()'
  198 |         S10077_Conversion();
      |         ^~~~~~~~~~~~~~~~~
../Core/Src/main.c:120:11: warning: implicit declaration of function 'S10077_StartConversion' [-Wimplicit-function-declaration]
  120 |           S10077_StartConversion(15000);
      |           ^~~~~~~~~~~~~~~~~~~~~~
../Core/Src/main.c: At top level:
../Core/Src/main.c:181:6: warning: conflicting types for 'TEMOINLED'; have 'void(int)'
  181 | void TEMOINLED(int x_blinktime){
      |      ^~~~~~~~~
../Core/Src/main.c:119:11: note: previous implicit declaration of 'TEMOINLED' with type 'void(int)'
  119 |           TEMOINLED(100);
      |           ^~~~~~~~~
../Core/Src/stm32l0xx_it.c: In function 'S10077_Conversion':
../Core/Src/stm32l0xx_it.c:260:25: warning: implicit declaration of function 'ExtractAmplitude' [-Wimplicit-function-declaration]
  260 |                         ExtractAmplitude();
      |                         ^~~~~~~~~~~~~~~~
In file included from ../Drivers/CMSIS/Device/ST/STM32L0xx/Include/stm32l0xx.h:151,
                 from ../Drivers/STM32L0xx_HAL_Driver/Inc/stm32l0xx_hal_def.h:29,
                 from ../Drivers/STM32L0xx_HAL_Driver/Inc/stm32l0xx_hal_rcc.h:27,
                 from ../Core/Inc/stm32l0xx_hal_conf.h:188,
                 from ../Drivers/STM32L0xx_HAL_Driver/Inc/stm32l0xx_hal.h:29,
                 from ../Core/Inc/main.h:30,
                 from ../Core/Src/stm32l0xx_it.c:21:
../Core/Src/stm32l0xx_it.c: In function 'SendPixelData':
../Drivers/CMSIS/Device/ST/STM32L0xx/Include/stm32l073xx.h:720:29: warning: passing argument 1 of 'HAL_UART_Transmit' from incompatible pointer type [-Wincompatible-pointer-types]
  720 | #define USART2              ((USART_TypeDef *) USART2_BASE)
      |                             ^~~~~~~~~~~~~~~~~~~~~~~~~~~~~~~
      |                             |
      |                             USART_TypeDef *
../Core/Src/stm32l0xx_it.c:356:50: note: in expansion of macro 'USART2'
  356 |     HAL_StatusTypeDef status = HAL_UART_Transmit(USART2, data, 3, HAL_MAX_DELAY);
      |                                                  ^~~~~~
In file included from ../Core/Inc/stm32l0xx_hal_conf.h:281:
../Drivers/STM32L0xx_HAL_Driver/Inc/stm32l0xx_hal_uart.h:1510:57: note: expected 'UART_HandleTypeDef *' {aka 'struct __UART_HandleTypeDef *'} but argument is of type 'USART_TypeDef *'
 1510 | HAL_StatusTypeDef HAL_UART_Transmit(UART_HandleTypeDef *huart, const uint8_t *pData, uint16_t Size, uint32_t Timeout);
      |                                     ~~~~~~~~~~~~~~~~~~~~^~~~~
../Core/Src/stm32l0xx_it.c: At top level:
../Core/Src/stm32l0xx_it.c:369:6: warning: conflicting types for 'ExtractAmplitude'; have 'void(void)'
  369 | void ExtractAmplitude (void){
      |      ^~~~~~~~~~~~~~~~
../Core/Src/stm32l0xx_it.c:260:25: note: previous implicit declaration of 'ExtractAmplitude' with type 'void(void)'
  260 |                         ExtractAmplitude();
      |                         ^~~~~~~~~~~~~~~~
../Core/Src/stm32l0xx_it.c: In function 'ExtractAmplitude':
../Core/Src/stm32l0xx_it.c:416:20: warning: passing argument 1 of 'HAL_UART_Transmit' makes pointer from integer without a cast [-Wint-conversion]
  416 |  HAL_UART_Transmit(i,   l_amplitudeSpecter[i]);
      |                    ^
      |                    |
      |                    int
../Drivers/STM32L0xx_HAL_Driver/Inc/stm32l0xx_hal_uart.h:1510:57: note: expected 'UART_HandleTypeDef *' {aka 'struct __UART_HandleTypeDef *'} but argument is of type 'int'
 1510 | HAL_StatusTypeDef HAL_UART_Transmit(UART_HandleTypeDef *huart, const uint8_t *pData, uint16_t Size, uint32_t Timeout);
      |                                     ~~~~~~~~~~~~~~~~~~~~^~~~~
../Core/Src/stm32l0xx_it.c:416:43: warning: passing argument 2 of 'HAL_UART_Transmit' makes pointer from integer without a cast [-Wint-conversion]
  416 |  HAL_UART_Transmit(i,   l_amplitudeSpecter[i]);
      |                         ~~~~~~~~~~~~~~~~~~^~~
      |                                           |
      |                                           uint8_t {aka unsigned char}
../Drivers/STM32L0xx_HAL_Driver/Inc/stm32l0xx_hal_uart.h:1510:79: note: expected 'const uint8_t *' {aka 'const unsigned char *'} but argument is of type 'uint8_t' {aka 'unsigned char'}
 1510 | HAL_StatusTypeDef HAL_UART_Transmit(UART_HandleTypeDef *huart, const uint8_t *pData, uint16_t Size, uint32_t Timeout);
      |                                                                ~~~~~~~~~~~~~~~^~~~~
../Core/Src/stm32l0xx_it.c:416:2: error: too few arguments to function 'HAL_UART_Transmit'
  416 |  HAL_UART_Transmit(i,   l_amplitudeSpecter[i]);
      |  ^~~~~~~~~~~~~~~~~
../Drivers/STM32L0xx_HAL_Driver/Inc/stm32l0xx_hal_uart.h:1510:19: note: declared here
 1510 | HAL_StatusTypeDef HAL_UART_Transmit(UART_HandleTypeDef *huart, const uint8_t *pData, uint16_t Size, uint32_t Timeout);
      |                   ^~~~~~~~~~~~~~~~~
make: *** [Core/Src/subdir.mk:46: Core/Src/stm32l0xx_it.o] Error 1
make: *** Waiting for unfinished jobs....
"make -j4 all" terminated with exit code 2. Build might be incomplete.
18:59:50 **** Incremental Build of configuration Debug for project SpectrographeV2 ****
make -j4 all 
arm-none-eabi-gcc "../Core/Src/stm32l0xx_it.c" -mcpu=cortex-m0plus -std=gnu11 -g3 -DDEBUG -DUSE_HAL_DRIVER -DSTM32L073xx -c -I../Core/Inc -I../Drivers/STM32L0xx_HAL_Driver/Inc -I../Drivers/STM32L0xx_HAL_Driver/Inc/Legacy -I../Drivers/CMSIS/Device/ST/STM32L0xx/Include -I../Drivers/CMSIS/Include -O0 -ffunction-sections -fdata-sections -Wall -fstack-usage -fcyclomatic-complexity -MMD -MP -MF"Core/Src/stm32l0xx_it.d" -MT"Core/Src/stm32l0xx_it.o" --specs=nano.specs -mfloat-abi=soft -mthumb -o "Core/Src/stm32l0xx_it.o"
../Core/Src/stm32l0xx_it.c: In function 'HAL_TIM_PeriodElapsedCallback':
../Core/Src/stm32l0xx_it.c:198:9: warning: implicit declaration of function 'S10077_Conversion' [-Wimplicit-function-declaration]
  198 |         S10077_Conversion();
      |         ^~~~~~~~~~~~~~~~~
../Core/Src/stm32l0xx_it.c: At top level:
../Core/Src/stm32l0xx_it.c:208:6: warning: conflicting types for 'S10077_Conversion'; have 'void()'
  208 | void S10077_Conversion(){
      |      ^~~~~~~~~~~~~~~~~
../Core/Src/stm32l0xx_it.c:198:9: note: previous implicit declaration of 'S10077_Conversion' with type 'void()'
  198 |         S10077_Conversion();
      |         ^~~~~~~~~~~~~~~~~
../Core/Src/stm32l0xx_it.c: In function 'S10077_Conversion':
../Core/Src/stm32l0xx_it.c:260:25: warning: implicit declaration of function 'ExtractAmplitude' [-Wimplicit-function-declaration]
  260 |                         ExtractAmplitude();
      |                         ^~~~~~~~~~~~~~~~
In file included from ../Drivers/CMSIS/Device/ST/STM32L0xx/Include/stm32l0xx.h:151,
                 from ../Drivers/STM32L0xx_HAL_Driver/Inc/stm32l0xx_hal_def.h:29,
                 from ../Drivers/STM32L0xx_HAL_Driver/Inc/stm32l0xx_hal_rcc.h:27,
                 from ../Core/Inc/stm32l0xx_hal_conf.h:188,
                 from ../Drivers/STM32L0xx_HAL_Driver/Inc/stm32l0xx_hal.h:29,
                 from ../Core/Inc/main.h:30,
                 from ../Core/Src/stm32l0xx_it.c:21:
../Core/Src/stm32l0xx_it.c: In function 'SendPixelData':
../Drivers/CMSIS/Device/ST/STM32L0xx/Include/stm32l073xx.h:720:29: warning: passing argument 1 of 'HAL_UART_Transmit' from incompatible pointer type [-Wincompatible-pointer-types]
  720 | #define USART2              ((USART_TypeDef *) USART2_BASE)
      |                             ^~~~~~~~~~~~~~~~~~~~~~~~~~~~~~~
      |                             |
      |                             USART_TypeDef *
../Core/Src/stm32l0xx_it.c:356:50: note: in expansion of macro 'USART2'
  356 |     HAL_StatusTypeDef status = HAL_UART_Transmit(USART2, data, 3, HAL_MAX_DELAY);
      |                                                  ^~~~~~
In file included from ../Core/Inc/stm32l0xx_hal_conf.h:281:
../Drivers/STM32L0xx_HAL_Driver/Inc/stm32l0xx_hal_uart.h:1510:57: note: expected 'UART_HandleTypeDef *' {aka 'struct __UART_HandleTypeDef *'} but argument is of type 'USART_TypeDef *'
 1510 | HAL_StatusTypeDef HAL_UART_Transmit(UART_HandleTypeDef *huart, const uint8_t *pData, uint16_t Size, uint32_t Timeout);
      |                                     ~~~~~~~~~~~~~~~~~~~~^~~~~
../Core/Src/stm32l0xx_it.c: At top level:
../Core/Src/stm32l0xx_it.c:369:6: warning: conflicting types for 'ExtractAmplitude'; have 'void(void)'
  369 | void ExtractAmplitude (void){
      |      ^~~~~~~~~~~~~~~~
../Core/Src/stm32l0xx_it.c:260:25: note: previous implicit declaration of 'ExtractAmplitude' with type 'void(void)'
  260 |                         ExtractAmplitude();
      |                         ^~~~~~~~~~~~~~~~
arm-none-eabi-gcc -o "SpectrographeV2.elf" @"objects.list"   -mcpu=cortex-m0plus -T"C:\Users\Maximilien\Desktop\Projet\STMV2\SpectrographeV2\STM32L073RZTX_FLASH.ld" --specs=nosys.specs -Wl,-Map="SpectrographeV2.map" -Wl,--gc-sections -static --specs=nano.specs -mfloat-abi=soft -mthumb -Wl,--start-group -lc -lm -Wl,--end-group
Finished building target: SpectrographeV2.elf
 
arm-none-eabi-size  SpectrographeV2.elf 
arm-none-eabi-objdump -h -S SpectrographeV2.elf  > "SpectrographeV2.list"
   text	   data	    bss	    dec	    hex	filename
  23276	    104	  19744	  43124	   a874	SpectrographeV2.elf
Finished building: default.size.stdout
 
Finished building: SpectrographeV2.list
 
19:00:35 **** Incremental Build of configuration Debug for project SpectrographeV2 ****
make -j4 all 
arm-none-eabi-gcc "../Core/Src/main.c" -mcpu=cortex-m0plus -std=gnu11 -g3 -DDEBUG -DUSE_HAL_DRIVER -DSTM32L073xx -c -I../Core/Inc -I../Drivers/STM32L0xx_HAL_Driver/Inc -I../Drivers/STM32L0xx_HAL_Driver/Inc/Legacy -I../Drivers/CMSIS/Device/ST/STM32L0xx/Include -I../Drivers/CMSIS/Include -O0 -ffunction-sections -fdata-sections -Wall -fstack-usage -fcyclomatic-complexity -MMD -MP -MF"Core/Src/main.d" -MT"Core/Src/main.o" --specs=nano.specs -mfloat-abi=soft -mthumb -o "Core/Src/main.o"
../Core/Src/main.c: In function 'main':
../Core/Src/main.c:119:11: warning: implicit declaration of function 'TEMOINLED' [-Wimplicit-function-declaration]
  119 |           TEMOINLED(100);
      |           ^~~~~~~~~
../Core/Src/main.c:120:11: warning: implicit declaration of function 'S10077_StartConversion' [-Wimplicit-function-declaration]
  120 |           S10077_StartConversion(15000);
      |           ^~~~~~~~~~~~~~~~~~~~~~
../Core/Src/main.c: At top level:
../Core/Src/main.c:181:6: warning: conflicting types for 'TEMOINLED'; have 'void(int)'
  181 | void TEMOINLED(int x_blinktime){
      |      ^~~~~~~~~
../Core/Src/main.c:119:11: note: previous implicit declaration of 'TEMOINLED' with type 'void(int)'
  119 |           TEMOINLED(100);
      |           ^~~~~~~~~
arm-none-eabi-gcc -o "SpectrographeV2.elf" @"objects.list"   -mcpu=cortex-m0plus -T"C:\Users\Maximilien\Desktop\Projet\STMV2\SpectrographeV2\STM32L073RZTX_FLASH.ld" --specs=nosys.specs -Wl,-Map="SpectrographeV2.map" -Wl,--gc-sections -static --specs=nano.specs -mfloat-abi=soft -mthumb -Wl,--start-group -lc -lm -Wl,--end-group
Finished building target: SpectrographeV2.elf
 
arm-none-eabi-size  SpectrographeV2.elf 
arm-none-eabi-objdump -h -S SpectrographeV2.elf  > "SpectrographeV2.list"
   text	   data	    bss	    dec	    hex	filename
  23208	    104	  19744	  43056	   a830	SpectrographeV2.elf
Finished building: default.size.stdout
 
Finished building: SpectrographeV2.list
 
19:03:58 **** Incremental Build of configuration Debug for project SpectrographeV2 ****
make -j4 all 
arm-none-eabi-gcc "../Core/Src/main.c" -mcpu=cortex-m0plus -std=gnu11 -g3 -DDEBUG -DUSE_HAL_DRIVER -DSTM32L073xx -c -I../Core/Inc -I../Drivers/STM32L0xx_HAL_Driver/Inc -I../Drivers/STM32L0xx_HAL_Driver/Inc/Legacy -I../Drivers/CMSIS/Device/ST/STM32L0xx/Include -I../Drivers/CMSIS/Include -O0 -ffunction-sections -fdata-sections -Wall -fstack-usage -fcyclomatic-complexity -MMD -MP -MF"Core/Src/main.d" -MT"Core/Src/main.o" --specs=nano.specs -mfloat-abi=soft -mthumb -o "Core/Src/main.o"
arm-none-eabi-gcc "../Core/Src/stm32l0xx_it.c" -mcpu=cortex-m0plus -std=gnu11 -g3 -DDEBUG -DUSE_HAL_DRIVER -DSTM32L073xx -c -I../Core/Inc -I../Drivers/STM32L0xx_HAL_Driver/Inc -I../Drivers/STM32L0xx_HAL_Driver/Inc/Legacy -I../Drivers/CMSIS/Device/ST/STM32L0xx/Include -I../Drivers/CMSIS/Include -O0 -ffunction-sections -fdata-sections -Wall -fstack-usage -fcyclomatic-complexity -MMD -MP -MF"Core/Src/stm32l0xx_it.d" -MT"Core/Src/stm32l0xx_it.o" --specs=nano.specs -mfloat-abi=soft -mthumb -o "Core/Src/stm32l0xx_it.o"
../Core/Src/main.c: In function 'main':
../Core/Src/main.c:120:11: warning: implicit declaration of function 'TEMOINLED' [-Wimplicit-function-declaration]
  120 |           TEMOINLED(100);
      |           ^~~~~~~~~
../Core/Src/stm32l0xx_it.c: In function 'HAL_TIM_PeriodElapsedCallback':
../Core/Src/stm32l0xx_it.c:198:9: warning: implicit declaration of function 'S10077_Conversion' [-Wimplicit-function-declaration]
  198 |         S10077_Conversion();
      |         ^~~~~~~~~~~~~~~~~
../Core/Src/stm32l0xx_it.c: At top level:
../Core/Src/stm32l0xx_it.c:208:6: warning: conflicting types for 'S10077_Conversion'; have 'void()'
  208 | void S10077_Conversion(){
      |      ^~~~~~~~~~~~~~~~~
../Core/Src/stm32l0xx_it.c:198:9: note: previous implicit declaration of 'S10077_Conversion' with type 'void()'
  198 |         S10077_Conversion();
      |         ^~~~~~~~~~~~~~~~~
../Core/Src/stm32l0xx_it.c: In function 'S10077_Conversion':
../Core/Src/stm32l0xx_it.c:260:25: warning: implicit declaration of function 'ExtractAmplitude' [-Wimplicit-function-declaration]
  260 |                         ExtractAmplitude();
      |                         ^~~~~~~~~~~~~~~~
../Core/Src/main.c:121:11: warning: implicit declaration of function 'S10077_StartConversion' [-Wimplicit-function-declaration]
  121 |           S10077_StartConversion(15000);
      |           ^~~~~~~~~~~~~~~~~~~~~~
../Core/Src/stm32l0xx_it.c: In function 'SendPixelData':
../Core/Src/stm32l0xx_it.c:356:51: error: 'huart2' undeclared (first use in this function)
  356 |     HAL_StatusTypeDef status = HAL_UART_Transmit(&huart2, data, 3, HAL_MAX_DELAY);
      |                                                   ^~~~~~
../Core/Src/stm32l0xx_it.c:356:51: note: each undeclared identifier is reported only once for each function it appears in
../Core/Src/stm32l0xx_it.c: At top level:
../Core/Src/main.c: At top level:
../Core/Src/stm32l0xx_it.c:369:6: warning: conflicting types for 'ExtractAmplitude'; have 'void(void)'
  369 | void ExtractAmplitude (void){
      |      ^~~~~~~~~~~~~~~~
../Core/Src/main.c:182:6: warning: conflicting types for 'TEMOINLED'; have 'void(int)'
  182 | void TEMOINLED(int x_blinktime){
      |      ^~~~~~~~~
../Core/Src/stm32l0xx_it.c:260:25: note: previous implicit declaration of 'ExtractAmplitude' with type 'void(void)'
  260 |                         ExtractAmplitude();
      |                         ^~~~~~~~~~~~~~~~
../Core/Src/main.c:120:11: note: previous implicit declaration of 'TEMOINLED' with type 'void(int)'
  120 |           TEMOINLED(100);
      |           ^~~~~~~~~
make: *** [Core/Src/subdir.mk:46: Core/Src/stm32l0xx_it.o] Error 1
make: *** Waiting for unfinished jobs....
"make -j4 all" terminated with exit code 2. Build might be incomplete.
19:05:00 **** Incremental Build of configuration Debug for project SpectrographeV2 ****
make -j4 all 
arm-none-eabi-gcc "../Core/Src/main.c" -mcpu=cortex-m0plus -std=gnu11 -g3 -DDEBUG -DUSE_HAL_DRIVER -DSTM32L073xx -c -I../Core/Inc -I../Drivers/STM32L0xx_HAL_Driver/Inc -I../Drivers/STM32L0xx_HAL_Driver/Inc/Legacy -I../Drivers/CMSIS/Device/ST/STM32L0xx/Include -I../Drivers/CMSIS/Include -O0 -ffunction-sections -fdata-sections -Wall -fstack-usage -fcyclomatic-complexity -MMD -MP -MF"Core/Src/main.d" -MT"Core/Src/main.o" --specs=nano.specs -mfloat-abi=soft -mthumb -o "Core/Src/main.o"
arm-none-eabi-gcc "../Core/Src/stm32l0xx_it.c" -mcpu=cortex-m0plus -std=gnu11 -g3 -DDEBUG -DUSE_HAL_DRIVER -DSTM32L073xx -c -I../Core/Inc -I../Drivers/STM32L0xx_HAL_Driver/Inc -I../Drivers/STM32L0xx_HAL_Driver/Inc/Legacy -I../Drivers/CMSIS/Device/ST/STM32L0xx/Include -I../Drivers/CMSIS/Include -O0 -ffunction-sections -fdata-sections -Wall -fstack-usage -fcyclomatic-complexity -MMD -MP -MF"Core/Src/stm32l0xx_it.d" -MT"Core/Src/stm32l0xx_it.o" --specs=nano.specs -mfloat-abi=soft -mthumb -o "Core/Src/stm32l0xx_it.o"
../Core/Src/main.c:28:10: fatal error: usart.c: No such file or directory
   28 | #include <usart.c>
      |          ^~~~~~~~~
compilation terminated.
make: *** [Core/Src/subdir.mk:46: Core/Src/main.o] Error 1
make: *** Waiting for unfinished jobs....
../Core/Src/stm32l0xx_it.c: In function 'HAL_TIM_PeriodElapsedCallback':
../Core/Src/stm32l0xx_it.c:198:9: warning: implicit declaration of function 'S10077_Conversion' [-Wimplicit-function-declaration]
  198 |         S10077_Conversion();
      |         ^~~~~~~~~~~~~~~~~
../Core/Src/stm32l0xx_it.c: At top level:
../Core/Src/stm32l0xx_it.c:208:6: warning: conflicting types for 'S10077_Conversion'; have 'void()'
  208 | void S10077_Conversion(){
      |      ^~~~~~~~~~~~~~~~~
../Core/Src/stm32l0xx_it.c:198:9: note: previous implicit declaration of 'S10077_Conversion' with type 'void()'
  198 |         S10077_Conversion();
      |         ^~~~~~~~~~~~~~~~~
../Core/Src/stm32l0xx_it.c: In function 'S10077_Conversion':
../Core/Src/stm32l0xx_it.c:260:25: warning: implicit declaration of function 'ExtractAmplitude' [-Wimplicit-function-declaration]
  260 |                         ExtractAmplitude();
      |                         ^~~~~~~~~~~~~~~~
../Core/Src/stm32l0xx_it.c: In function 'SendPixelData':
../Core/Src/stm32l0xx_it.c:356:51: error: 'huart2' undeclared (first use in this function)
  356 |     HAL_StatusTypeDef status = HAL_UART_Transmit(&huart2, data, 3, HAL_MAX_DELAY);
      |                                                   ^~~~~~
../Core/Src/stm32l0xx_it.c:356:51: note: each undeclared identifier is reported only once for each function it appears in
../Core/Src/stm32l0xx_it.c: At top level:
../Core/Src/stm32l0xx_it.c:369:6: warning: conflicting types for 'ExtractAmplitude'; have 'void(void)'
  369 | void ExtractAmplitude (void){
      |      ^~~~~~~~~~~~~~~~
../Core/Src/stm32l0xx_it.c:260:25: note: previous implicit declaration of 'ExtractAmplitude' with type 'void(void)'
  260 |                         ExtractAmplitude();
      |                         ^~~~~~~~~~~~~~~~
make: *** [Core/Src/subdir.mk:46: Core/Src/stm32l0xx_it.o] Error 1
"make -j4 all" terminated with exit code 2. Build might be incomplete.
19:07:19 **** Incremental Build of configuration Debug for project SpectrographeV2 ****
make -j4 all 
arm-none-eabi-gcc "../Core/Src/main.c" -mcpu=cortex-m0plus -std=gnu11 -g3 -DDEBUG -DUSE_HAL_DRIVER -DSTM32L073xx -c -I../Core/Inc -I../Drivers/STM32L0xx_HAL_Driver/Inc -I../Drivers/STM32L0xx_HAL_Driver/Inc/Legacy -I../Drivers/CMSIS/Device/ST/STM32L0xx/Include -I../Drivers/CMSIS/Include -O0 -ffunction-sections -fdata-sections -Wall -fstack-usage -fcyclomatic-complexity -MMD -MP -MF"Core/Src/main.d" -MT"Core/Src/main.o" --specs=nano.specs -mfloat-abi=soft -mthumb -o "Core/Src/main.o"
arm-none-eabi-gcc "../Core/Src/stm32l0xx_it.c" -mcpu=cortex-m0plus -std=gnu11 -g3 -DDEBUG -DUSE_HAL_DRIVER -DSTM32L073xx -c -I../Core/Inc -I../Drivers/STM32L0xx_HAL_Driver/Inc -I../Drivers/STM32L0xx_HAL_Driver/Inc/Legacy -I../Drivers/CMSIS/Device/ST/STM32L0xx/Include -I../Drivers/CMSIS/Include -O0 -ffunction-sections -fdata-sections -Wall -fstack-usage -fcyclomatic-complexity -MMD -MP -MF"Core/Src/stm32l0xx_it.d" -MT"Core/Src/stm32l0xx_it.o" --specs=nano.specs -mfloat-abi=soft -mthumb -o "Core/Src/stm32l0xx_it.o"
../Core/Src/main.c:28:10: fatal error: usart.c: No such file or directory
   28 | #include <usart.c>
      |          ^~~~~~~~~
compilation terminated.
../Core/Src/stm32l0xx_it.c:25:10: fatal error: stm32xxxx_hal_conf.h: No such file or directory
   25 | #include <stm32xxxx_hal_conf.h>
      |          ^~~~~~~~~~~~~~~~~~~~~~
compilation terminated.
make: *** [Core/Src/subdir.mk:46: Core/Src/stm32l0xx_it.o] Error 1
make: *** Waiting for unfinished jobs....
make: *** [Core/Src/subdir.mk:46: Core/Src/main.o] Error 1
"make -j4 all" terminated with exit code 2. Build might be incomplete.
19:07:40 **** Incremental Build of configuration Debug for project SpectrographeV2 ****
make -j4 all 
arm-none-eabi-gcc "../Core/Src/main.c" -mcpu=cortex-m0plus -std=gnu11 -g3 -DDEBUG -DUSE_HAL_DRIVER -DSTM32L073xx -c -I../Core/Inc -I../Drivers/STM32L0xx_HAL_Driver/Inc -I../Drivers/STM32L0xx_HAL_Driver/Inc/Legacy -I../Drivers/CMSIS/Device/ST/STM32L0xx/Include -I../Drivers/CMSIS/Include -O0 -ffunction-sections -fdata-sections -Wall -fstack-usage -fcyclomatic-complexity -MMD -MP -MF"Core/Src/main.d" -MT"Core/Src/main.o" --specs=nano.specs -mfloat-abi=soft -mthumb -o "Core/Src/main.o"
arm-none-eabi-gcc "../Core/Src/stm32l0xx_it.c" -mcpu=cortex-m0plus -std=gnu11 -g3 -DDEBUG -DUSE_HAL_DRIVER -DSTM32L073xx -c -I../Core/Inc -I../Drivers/STM32L0xx_HAL_Driver/Inc -I../Drivers/STM32L0xx_HAL_Driver/Inc/Legacy -I../Drivers/CMSIS/Device/ST/STM32L0xx/Include -I../Drivers/CMSIS/Include -O0 -ffunction-sections -fdata-sections -Wall -fstack-usage -fcyclomatic-complexity -MMD -MP -MF"Core/Src/stm32l0xx_it.d" -MT"Core/Src/stm32l0xx_it.o" --specs=nano.specs -mfloat-abi=soft -mthumb -o "Core/Src/stm32l0xx_it.o"
../Core/Src/main.c:28:10: fatal error: usart.c: No such file or directory
   28 | #include <usart.c>
      |          ^~~~~~~~~
compilation terminated.
make: *** [Core/Src/subdir.mk:46: Core/Src/main.o] Error 1
make: *** Waiting for unfinished jobs....
../Core/Src/stm32l0xx_it.c: In function 'HAL_TIM_PeriodElapsedCallback':
../Core/Src/stm32l0xx_it.c:198:9: warning: implicit declaration of function 'S10077_Conversion' [-Wimplicit-function-declaration]
  198 |         S10077_Conversion();
      |         ^~~~~~~~~~~~~~~~~
../Core/Src/stm32l0xx_it.c: At top level:
../Core/Src/stm32l0xx_it.c:208:6: warning: conflicting types for 'S10077_Conversion'; have 'void()'
  208 | void S10077_Conversion(){
      |      ^~~~~~~~~~~~~~~~~
../Core/Src/stm32l0xx_it.c:198:9: note: previous implicit declaration of 'S10077_Conversion' with type 'void()'
  198 |         S10077_Conversion();
      |         ^~~~~~~~~~~~~~~~~
../Core/Src/stm32l0xx_it.c: In function 'S10077_Conversion':
../Core/Src/stm32l0xx_it.c:260:25: warning: implicit declaration of function 'ExtractAmplitude' [-Wimplicit-function-declaration]
  260 |                         ExtractAmplitude();
      |                         ^~~~~~~~~~~~~~~~
../Core/Src/stm32l0xx_it.c: At top level:
../Core/Src/stm32l0xx_it.c:369:6: warning: conflicting types for 'ExtractAmplitude'; have 'void(void)'
  369 | void ExtractAmplitude (void){
      |      ^~~~~~~~~~~~~~~~
../Core/Src/stm32l0xx_it.c:260:25: note: previous implicit declaration of 'ExtractAmplitude' with type 'void(void)'
  260 |                         ExtractAmplitude();
      |                         ^~~~~~~~~~~~~~~~
"make -j4 all" terminated with exit code 2. Build might be incomplete.
19:07:52 **** Incremental Build of configuration Debug for project SpectrographeV2 ****
make -j4 all 
arm-none-eabi-gcc "../Core/Src/main.c" -mcpu=cortex-m0plus -std=gnu11 -g3 -DDEBUG -DUSE_HAL_DRIVER -DSTM32L073xx -c -I../Core/Inc -I../Drivers/STM32L0xx_HAL_Driver/Inc -I../Drivers/STM32L0xx_HAL_Driver/Inc/Legacy -I../Drivers/CMSIS/Device/ST/STM32L0xx/Include -I../Drivers/CMSIS/Include -O0 -ffunction-sections -fdata-sections -Wall -fstack-usage -fcyclomatic-complexity -MMD -MP -MF"Core/Src/main.d" -MT"Core/Src/main.o" --specs=nano.specs -mfloat-abi=soft -mthumb -o "Core/Src/main.o"
../Core/Src/main.c: In function 'main':
../Core/Src/main.c:120:11: warning: implicit declaration of function 'TEMOINLED' [-Wimplicit-function-declaration]
  120 |           TEMOINLED(100);
      |           ^~~~~~~~~
../Core/Src/main.c:121:11: warning: implicit declaration of function 'S10077_StartConversion' [-Wimplicit-function-declaration]
  121 |           S10077_StartConversion(15000);
      |           ^~~~~~~~~~~~~~~~~~~~~~
../Core/Src/main.c: At top level:
../Core/Src/main.c:182:6: warning: conflicting types for 'TEMOINLED'; have 'void(int)'
  182 | void TEMOINLED(int x_blinktime){
      |      ^~~~~~~~~
../Core/Src/main.c:120:11: note: previous implicit declaration of 'TEMOINLED' with type 'void(int)'
  120 |           TEMOINLED(100);
      |           ^~~~~~~~~
arm-none-eabi-gcc -o "SpectrographeV2.elf" @"objects.list"   -mcpu=cortex-m0plus -T"C:\Users\Maximilien\Desktop\Projet\STMV2\SpectrographeV2\STM32L073RZTX_FLASH.ld" --specs=nosys.specs -Wl,-Map="SpectrographeV2.map" -Wl,--gc-sections -static --specs=nano.specs -mfloat-abi=soft -mthumb -Wl,--start-group -lc -lm -Wl,--end-group
Finished building target: SpectrographeV2.elf
 
arm-none-eabi-size  SpectrographeV2.elf 
arm-none-eabi-objdump -h -S SpectrographeV2.elf  > "SpectrographeV2.list"
   text	   data	    bss	    dec	    hex	filename
  23208	    104	  19744	  43056	   a830	SpectrographeV2.elf
Finished building: default.size.stdout
 
Finished building: SpectrographeV2.list
 
19:13:28 **** Incremental Build of configuration Debug for project SpectrographeV2 ****
make -j4 all 
arm-none-eabi-gcc "../Core/Src/stm32l0xx_it.c" -mcpu=cortex-m0plus -std=gnu11 -g3 -DDEBUG -DUSE_HAL_DRIVER -DSTM32L073xx -c -I../Core/Inc -I../Drivers/STM32L0xx_HAL_Driver/Inc -I../Drivers/STM32L0xx_HAL_Driver/Inc/Legacy -I../Drivers/CMSIS/Device/ST/STM32L0xx/Include -I../Drivers/CMSIS/Include -O0 -ffunction-sections -fdata-sections -Wall -fstack-usage -fcyclomatic-complexity -MMD -MP -MF"Core/Src/stm32l0xx_it.d" -MT"Core/Src/stm32l0xx_it.o" --specs=nano.specs -mfloat-abi=soft -mthumb -o "Core/Src/stm32l0xx_it.o"
../Core/Src/stm32l0xx_it.c: In function 'HAL_TIM_PeriodElapsedCallback':
../Core/Src/stm32l0xx_it.c:198:9: warning: implicit declaration of function 'S10077_Conversion' [-Wimplicit-function-declaration]
  198 |         S10077_Conversion();
      |         ^~~~~~~~~~~~~~~~~
../Core/Src/stm32l0xx_it.c: At top level:
../Core/Src/stm32l0xx_it.c:208:6: warning: conflicting types for 'S10077_Conversion'; have 'void()'
  208 | void S10077_Conversion(){
      |      ^~~~~~~~~~~~~~~~~
../Core/Src/stm32l0xx_it.c:198:9: note: previous implicit declaration of 'S10077_Conversion' with type 'void()'
  198 |         S10077_Conversion();
      |         ^~~~~~~~~~~~~~~~~
../Core/Src/stm32l0xx_it.c: In function 'S10077_Conversion':
../Core/Src/stm32l0xx_it.c:260:25: warning: implicit declaration of function 'ExtractAmplitude' [-Wimplicit-function-declaration]
  260 |                         ExtractAmplitude();
      |                         ^~~~~~~~~~~~~~~~
../Core/Src/stm32l0xx_it.c: At top level:
../Core/Src/stm32l0xx_it.c:371:6: warning: conflicting types for 'ExtractAmplitude'; have 'void(void)'
  371 | void ExtractAmplitude (void){
      |      ^~~~~~~~~~~~~~~~
../Core/Src/stm32l0xx_it.c:260:25: note: previous implicit declaration of 'ExtractAmplitude' with type 'void(void)'
  260 |                         ExtractAmplitude();
      |                         ^~~~~~~~~~~~~~~~
arm-none-eabi-gcc -o "SpectrographeV2.elf" @"objects.list"   -mcpu=cortex-m0plus -T"C:\Users\Maximilien\Desktop\Projet\STMV2\SpectrographeV2\STM32L073RZTX_FLASH.ld" --specs=nosys.specs -Wl,-Map="SpectrographeV2.map" -Wl,--gc-sections -static --specs=nano.specs -mfloat-abi=soft -mthumb -Wl,--start-group -lc -lm -Wl,--end-group
Finished building target: SpectrographeV2.elf
 
arm-none-eabi-size  SpectrographeV2.elf 
arm-none-eabi-objdump -h -S SpectrographeV2.elf  > "SpectrographeV2.list"
   text	   data	    bss	    dec	    hex	filename
  23228	    104	  19744	  43076	   a844	SpectrographeV2.elf
Finished building: default.size.stdout
 
Finished building: SpectrographeV2.list
 
19:16:08 **** Incremental Build of configuration Debug for project SpectrographeV2 ****
make -j4 all 
arm-none-eabi-size  SpectrographeV2.elf 
   text	   data	    bss	    dec	    hex	filename
  23228	    104	  19744	  43076	   a844	SpectrographeV2.elf
Finished building: default.size.stdout
 
09:22:10 **** Incremental Build of configuration Debug for project SpectrographeV2 ****
make -j4 all 
arm-none-eabi-gcc "../Core/Src/stm32l0xx_it.c" -mcpu=cortex-m0plus -std=gnu11 -g3 -DDEBUG -DUSE_HAL_DRIVER -DSTM32L073xx -c -I../Core/Inc -I../Drivers/STM32L0xx_HAL_Driver/Inc -I../Drivers/STM32L0xx_HAL_Driver/Inc/Legacy -I../Drivers/CMSIS/Device/ST/STM32L0xx/Include -I../Drivers/CMSIS/Include -O0 -ffunction-sections -fdata-sections -Wall -fstack-usage -fcyclomatic-complexity -MMD -MP -MF"Core/Src/stm32l0xx_it.d" -MT"Core/Src/stm32l0xx_it.o" --specs=nano.specs -mfloat-abi=soft -mthumb -o "Core/Src/stm32l0xx_it.o"
../Core/Src/stm32l0xx_it.c: In function 'HAL_TIM_PeriodElapsedCallback':
../Core/Src/stm32l0xx_it.c:198:9: warning: implicit declaration of function 'S10077_Conversion' [-Wimplicit-function-declaration]
  198 |         S10077_Conversion();
      |         ^~~~~~~~~~~~~~~~~
../Core/Src/stm32l0xx_it.c: At top level:
../Core/Src/stm32l0xx_it.c:208:6: warning: conflicting types for 'S10077_Conversion'; have 'void()'
  208 | void S10077_Conversion(){
      |      ^~~~~~~~~~~~~~~~~
../Core/Src/stm32l0xx_it.c:198:9: note: previous implicit declaration of 'S10077_Conversion' with type 'void()'
  198 |         S10077_Conversion();
      |         ^~~~~~~~~~~~~~~~~
../Core/Src/stm32l0xx_it.c: In function 'S10077_Conversion':
../Core/Src/stm32l0xx_it.c:260:25: warning: implicit declaration of function 'ExtractAmplitude' [-Wimplicit-function-declaration]
  260 |                         ExtractAmplitude();
      |                         ^~~~~~~~~~~~~~~~
../Core/Src/stm32l0xx_it.c: At top level:
../Core/Src/stm32l0xx_it.c:372:6: warning: conflicting types for 'ExtractAmplitude'; have 'void(void)'
  372 | void ExtractAmplitude (void){
      |      ^~~~~~~~~~~~~~~~
../Core/Src/stm32l0xx_it.c:260:25: note: previous implicit declaration of 'ExtractAmplitude' with type 'void(void)'
  260 |                         ExtractAmplitude();
      |                         ^~~~~~~~~~~~~~~~
arm-none-eabi-gcc -o "SpectrographeV2.elf" @"objects.list"   -mcpu=cortex-m0plus -T"C:\Users\Maximilien\Desktop\Projet\STMV2\SpectrographeV2\STM32L073RZTX_FLASH.ld" --specs=nosys.specs -Wl,-Map="SpectrographeV2.map" -Wl,--gc-sections -static --specs=nano.specs -mfloat-abi=soft -mthumb -Wl,--start-group -lc -lm -Wl,--end-group
Finished building target: SpectrographeV2.elf
 
arm-none-eabi-size  SpectrographeV2.elf 
arm-none-eabi-objdump -h -S SpectrographeV2.elf  > "SpectrographeV2.list"
   text	   data	    bss	    dec	    hex	filename
  23224	    104	  19744	  43072	   a840	SpectrographeV2.elf
Finished building: default.size.stdout
 
Finished building: SpectrographeV2.list
 
09:52:12 **** Incremental Build of configuration Debug for project SpectrographeV2 ****
make -j4 all 
arm-none-eabi-size  SpectrographeV2.elf 
   text	   data	    bss	    dec	    hex	filename
  23224	    104	  19744	  43072	   a840	SpectrographeV2.elf
Finished building: default.size.stdout
 
09:52:38 **** Incremental Build of configuration Debug for project SpectrographeV2 ****
make -j4 all 
arm-none-eabi-size  SpectrographeV2.elf 
   text	   data	    bss	    dec	    hex	filename
  23224	    104	  19744	  43072	   a840	SpectrographeV2.elf
Finished building: default.size.stdout
 
09:54:21 **** Incremental Build of configuration Debug for project SpectrographeV2 ****
make -j4 all 
arm-none-eabi-size  SpectrographeV2.elf 
   text	   data	    bss	    dec	    hex	filename
  23224	    104	  19744	  43072	   a840	SpectrographeV2.elf
Finished building: default.size.stdout
 
09:55:17 **** Incremental Build of configuration Debug for project SpectrographeV2 ****
make -j4 all 
arm-none-eabi-size  SpectrographeV2.elf 
   text	   data	    bss	    dec	    hex	filename
  23224	    104	  19744	  43072	   a840	SpectrographeV2.elf
Finished building: default.size.stdout
 
10:35:11 **** Incremental Build of configuration Debug for project SpectrographeV2 ****
make -j4 all 
arm-none-eabi-size  SpectrographeV2.elf 
   text	   data	    bss	    dec	    hex	filename
  23224	    104	  19744	  43072	   a840	SpectrographeV2.elf
Finished building: default.size.stdout
 
10:39:23 **** Incremental Build of configuration Debug for project SpectrographeV2 ****
make -j4 all 
arm-none-eabi-size  SpectrographeV2.elf 
   text	   data	    bss	    dec	    hex	filename
  23224	    104	  19744	  43072	   a840	SpectrographeV2.elf
Finished building: default.size.stdout
 
10:41:28 **** Incremental Build of configuration Debug for project SpectrographeV2 ****
make -j4 all 
arm-none-eabi-size  SpectrographeV2.elf 
   text	   data	    bss	    dec	    hex	filename
  23224	    104	  19744	  43072	   a840	SpectrographeV2.elf
Finished building: default.size.stdout
 
11:05:26 **** Incremental Build of configuration Debug for project SpectrographeV2 ****
make -j4 all 
arm-none-eabi-size  SpectrographeV2.elf 
   text	   data	    bss	    dec	    hex	filename
  23224	    104	  19744	  43072	   a840	SpectrographeV2.elf
Finished building: default.size.stdout
 
